Component: ARM Compiler 5.06 update 6 (build 750) Tool: armlink [4d35ed]

==============================================================================

Section Cross References

    startup_stm32h743xx.o(RESET) refers to startup_stm32h743xx.o(STACK) for __initial_sp
    startup_stm32h743xx.o(RESET) refers to startup_stm32h743xx.o(.text) for Reset_Handler
    startup_stm32h743xx.o(RESET) refers to stm32h7xx_it.o(i.NMI_Handler) for NMI_Handler
    startup_stm32h743xx.o(RESET) refers to stm32h7xx_it.o(i.HardFault_Handler) for HardFault_Handler
    startup_stm32h743xx.o(RESET) refers to stm32h7xx_it.o(i.MemManage_Handler) for MemManage_Handler
    startup_stm32h743xx.o(RESET) refers to stm32h7xx_it.o(i.BusFault_Handler) for BusFault_Handler
    startup_stm32h743xx.o(RESET) refers to stm32h7xx_it.o(i.UsageFault_Handler) for UsageFault_Handler
    startup_stm32h743xx.o(RESET) refers to port.o(.emb_text) for SVC_Handler
    startup_stm32h743xx.o(RESET) refers to stm32h7xx_it.o(i.DebugMon_Handler) for DebugMon_Handler
    startup_stm32h743xx.o(RESET) refers to port.o(i.SysTick_Handler) for SysTick_Handler
    startup_stm32h743xx.o(RESET) refers to stm32h7xx_it.o(i.DMA1_Stream0_IRQHandler) for DMA1_Stream0_IRQHandler
    startup_stm32h743xx.o(RESET) refers to stm32h7xx_it.o(i.DMA1_Stream1_IRQHandler) for DMA1_Stream1_IRQHandler
    startup_stm32h743xx.o(RESET) refers to stm32h7xx_it.o(i.DMA1_Stream2_IRQHandler) for DMA1_Stream2_IRQHandler
    startup_stm32h743xx.o(RESET) refers to stm32h7xx_it.o(i.DMA1_Stream3_IRQHandler) for DMA1_Stream3_IRQHandler
    startup_stm32h743xx.o(RESET) refers to stm32h7xx_it.o(i.DMA1_Stream4_IRQHandler) for DMA1_Stream4_IRQHandler
    startup_stm32h743xx.o(RESET) refers to stm32h7xx_it.o(i.DMA1_Stream5_IRQHandler) for DMA1_Stream5_IRQHandler
    startup_stm32h743xx.o(RESET) refers to stm32h7xx_it.o(i.FDCAN1_IT0_IRQHandler) for FDCAN1_IT0_IRQHandler
    startup_stm32h743xx.o(RESET) refers to stm32h7xx_it.o(i.TIM1_UP_IRQHandler) for TIM1_UP_IRQHandler
    startup_stm32h743xx.o(RESET) refers to bsp_pulse.o(i.TIM2_IRQHandler) for TIM2_IRQHandler
    startup_stm32h743xx.o(RESET) refers to stm32h7xx_it.o(i.I2C1_EV_IRQHandler) for I2C1_EV_IRQHandler
    startup_stm32h743xx.o(RESET) refers to imu_receive.o(i.USART3_IRQHandler) for USART3_IRQHandler
    startup_stm32h743xx.o(RESET) refers to stm32h7xx_it.o(i.DMA1_Stream7_IRQHandler) for DMA1_Stream7_IRQHandler
    startup_stm32h743xx.o(RESET) refers to bsp_timer.o(i.TIM5_IRQHandler) for TIM5_IRQHandler
    startup_stm32h743xx.o(RESET) refers to altimeter_receive.o(i.UART5_IRQHandler) for UART5_IRQHandler
    startup_stm32h743xx.o(RESET) refers to stm32h7xx_it.o(i.DMA2_Stream0_IRQHandler) for DMA2_Stream0_IRQHandler
    startup_stm32h743xx.o(RESET) refers to stm32h7xx_it.o(i.DMA2_Stream1_IRQHandler) for DMA2_Stream1_IRQHandler
    startup_stm32h743xx.o(RESET) refers to stm32h7xx_it.o(i.ETH_IRQHandler) for ETH_IRQHandler
    startup_stm32h743xx.o(RESET) refers to stm32h7xx_it.o(i.DMA2_Stream6_IRQHandler) for DMA2_Stream6_IRQHandler
    startup_stm32h743xx.o(RESET) refers to stm32h7xx_it.o(i.DMA2_Stream7_IRQHandler) for DMA2_Stream7_IRQHandler
    startup_stm32h743xx.o(RESET) refers to depth_meter_receive.o(i.USART6_IRQHandler) for USART6_IRQHandler
    startup_stm32h743xx.o(.text) refers to system_stm32h7xx.o(i.SystemInit) for SystemInit
    startup_stm32h743xx.o(.text) refers to entry.o(.ARM.Collect$$$$00000000) for __main
    imu_receive.o(i.IMU_Set_Cmd) refers to bsp_usart.o(i.usart3_tx_dma_enable) for usart3_tx_dma_enable
    imu_receive.o(i.IMU_Set_Cmd) refers to imu_receive.o(.data) for imu_tx_buf
    imu_receive.o(i.IMU_init) refers to bsp_usart.o(i.usart3_init) for usart3_init
    imu_receive.o(i.IMU_init) refers to imu_receive.o(i.IMU_Set_Cmd) for IMU_Set_Cmd
    imu_receive.o(i.IMU_init) refers to imu_receive.o(.bss) for imu_rx_buf
    imu_receive.o(i.USART3_IRQHandler) refers to imu_receive.o(i.SCB_InvalidateDCache_by_Addr) for SCB_InvalidateDCache_by_Addr
    imu_receive.o(i.USART3_IRQHandler) refers to imu_receive.o(i.imu_data_solve) for imu_data_solve
    imu_receive.o(i.USART3_IRQHandler) refers to usart.o(.bss) for huart3
    imu_receive.o(i.USART3_IRQHandler) refers to imu_receive.o(.bss) for imu_rx_buf
    imu_receive.o(i.USART3_IRQHandler) refers to imu_receive.o(.data) for this_time_rx_len
    imu_receive.o(i.get_imu_data_point) refers to imu_receive.o(.bss) for imu_data
    water_level_task.o(i.get_cpu_temperature) refers to water_level_task.o(.data) for cpu_temperature
    water_level_task.o(i.get_water_level_percentage) refers to water_level_task.o(.data) for waterlevel_percentage
    water_level_task.o(i.water_level_task) refers to cmsis_os.o(i.osDelay) for osDelay
    water_level_task.o(i.water_level_task) refers to bsp_adc.o(i.init_vrefint_reciprocal) for init_vrefint_reciprocal
    water_level_task.o(i.water_level_task) refers to bsp_adc.o(i.get_water_gage) for get_water_gage
[...]
    0x08006db8   0x08006db8   0x00000002   Code   RO         5140    i.HAL_I2C_MemRxCpltCallback  stm32h7xx_hal_i2c.o
    0x08006dba   0x08006dba   0x00000002   PAD
    0x08006dbc   0x08006dbc   0x0000004c   Code   RO         1792    i.HAL_I2C_MemTxCpltCallback  oled.o
    0x08006e08   0x08006e08   0x0000017c   Code   RO         5146    i.HAL_I2C_Mem_Write_DMA  stm32h7xx_hal_i2c.o
    0x08006f84   0x08006f84   0x00000138   Code   RO         2397    i.HAL_I2C_MspInit   i2c.o
    0x080070bc   0x080070bc   0x00000002   Code   RO         5150    i.HAL_I2C_SlaveRxCpltCallback  stm32h7xx_hal_i2c.o
    0x080070be   0x080070be   0x00000002   Code   RO         5151    i.HAL_I2C_SlaveTxCpltCallback  stm32h7xx_hal_i2c.o
    0x080070c0   0x080070c0   0x00000018   Code   RO         8538    i.HAL_IncTick       stm32h7xx_hal.o
    0x080070d8   0x080070d8   0x00000060   Code   RO         8539    i.HAL_Init          stm32h7xx_hal.o
    0x08007138   0x08007138   0x00000088   Code   RO         2995    i.HAL_InitTick      stm32h7xx_hal_timebase_tim.o
    0x080071c0   0x080071c0   0x0000005c   Code   RO         4001    i.HAL_MPU_ConfigRegion  stm32h7xx_hal_cortex.o
    0x0800721c   0x0800721c   0x0000002c   Code   RO         4002    i.HAL_MPU_Disable   stm32h7xx_hal_cortex.o
    0x08007248   0x08007248   0x00000040   Code   RO         4003    i.HAL_MPU_Enable    stm32h7xx_hal_cortex.o
    0x08007288   0x08007288   0x00000030   Code   RO         2971    i.HAL_MspInit       stm32h7xx_hal_msp.o
    0x080072b8   0x080072b8   0x00000020   Code   RO         4006    i.HAL_NVIC_EnableIRQ  stm32h7xx_hal_cortex.o
    0x080072d8   0x080072d8   0x0000007a   Code   RO         4012    i.HAL_NVIC_SetPriority  stm32h7xx_hal_cortex.o
    0x08007352   0x08007352   0x00000002   PAD
    0x08007354   0x08007354   0x00000028   Code   RO         4013    i.HAL_NVIC_SetPriorityGrouping  stm32h7xx_hal_cortex.o
    0x0800737c   0x0800737c   0x00000060   Code   RO         8256    i.HAL_PWREx_ConfigSupply  stm32h7xx_hal_pwr_ex.o
    0x080073dc   0x080073dc   0x00000030   Code   RO         7222    i.HAL_RCCEx_GetD1SysClockFreq  stm32h7xx_hal_rcc_ex.o
    0x0800740c   0x0800740c   0x00000024   Code   RO         7223    i.HAL_RCCEx_GetD3PCLK1Freq  stm32h7xx_hal_rcc_ex.o
    0x08007430   0x08007430   0x00000230   Code   RO         7224    i.HAL_RCCEx_GetPLL1ClockFreq  stm32h7xx_hal_rcc_ex.o
    0x08007660   0x08007660   0x00000230   Code   RO         7225    i.HAL_RCCEx_GetPLL2ClockFreq  stm32h7xx_hal_rcc_ex.o
    0x08007890   0x08007890   0x00000230   Code   RO         7226    i.HAL_RCCEx_GetPLL3ClockFreq  stm32h7xx_hal_rcc_ex.o
    0x08007ac0   0x08007ac0   0x0000032c   Code   RO         7228    i.HAL_RCCEx_GetPeriphCLKFreq  stm32h7xx_hal_rcc_ex.o
    0x08007dec   0x08007dec   0x00000b44   Code   RO         7230    i.HAL_RCCEx_PeriphCLKConfig  stm32h7xx_hal_rcc_ex.o
    0x08008930   0x08008930   0x00000300   Code   RO         7109    i.HAL_RCC_ClockConfig  stm32h7xx_hal_rcc.o
    0x08008c30   0x08008c30   0x0000006c   Code   RO         7113    i.HAL_RCC_GetClockConfig  stm32h7xx_hal_rcc.o
    0x08008c9c   0x08008c9c   0x00000030   Code   RO         7114    i.HAL_RCC_GetHCLKFreq  stm32h7xx_hal_rcc.o
    0x08008ccc   0x08008ccc   0x00000024   Code   RO         7116    i.HAL_RCC_GetPCLK1Freq  stm32h7xx_hal_rcc.o
    0x08008cf0   0x08008cf0   0x00000024   Code   RO         7117    i.HAL_RCC_GetPCLK2Freq  stm32h7xx_hal_rcc.o
    0x08008d14   0x08008d14   0x0000022c   Code   RO         7118    i.HAL_RCC_GetSysClockFreq  stm32h7xx_hal_rcc.o
    0x08008f40   0x08008f40   0x00000748   Code   RO         7121    i.HAL_RCC_OscConfig  stm32h7xx_hal_rcc.o
    0x08009688   0x08009688   0x00000014   Code   RO         8551    i.HAL_SYSCFG_ETHInterfaceSelect  stm32h7xx_hal.o
    0x0800969c   0x0800969c   0x00000002   Code   RO         6334    i.HAL_TIMEx_Break2Callback  stm32h7xx_hal_tim_ex.o
    0x0800969e   0x0800969e   0x00000002   Code   RO         6335    i.HAL_TIMEx_BreakCallback  stm32h7xx_hal_tim_ex.o
    0x080096a0   0x080096a0   0x00000002   Code   RO         6336    i.HAL_TIMEx_CommutCallback  stm32h7xx_hal_tim_ex.o
    0x080096a2   0x080096a2   0x00000002   PAD
    0x080096a4   0x080096a4   0x000000b4   Code   RO         6338    i.HAL_TIMEx_ConfigBreakDeadTime  stm32h7xx_hal_tim_ex.o
    0x08009758   0x08009758   0x00000078   Code   RO         6355    i.HAL_TIMEx_MasterConfigSynchronization  stm32h7xx_hal_tim_ex.o
    0x080097d0   0x080097d0   0x00000034   Code   RO         5626    i.HAL_TIM_Base_Init  stm32h7xx_hal_tim.o
    0x08009804   0x08009804   0x00000188   Code   RO         2674    i.HAL_TIM_Base_MspInit  tim.o
    0x0800998c   0x0800998c   0x00000038   Code   RO         5629    i.HAL_TIM_Base_Start  stm32h7xx_hal_tim.o
    0x080099c4   0x080099c4   0x00000038   Code   RO         5631    i.HAL_TIM_Base_Start_IT  stm32h7xx_hal_tim.o
    0x080099fc   0x080099fc   0x00000130   Code   RO         5635    i.HAL_TIM_ConfigClockSource  stm32h7xx_hal_tim.o
    0x08009b2c   0x08009b2c   0x00000002   Code   RO         5657    i.HAL_TIM_IC_CaptureCallback  stm32h7xx_hal_tim.o
    0x08009b2e   0x08009b2e   0x000001b8   Code   RO         5671    i.HAL_TIM_IRQHandler  stm32h7xx_hal_tim.o
    0x08009ce6   0x08009ce6   0x00000002   PAD
    0x08009ce8   0x08009ce8   0x0000005c   Code   RO         2675    i.HAL_TIM_MspPostInit  tim.o
    0x08009d44   0x08009d44   0x00000002   Code   RO         5674    i.HAL_TIM_OC_DelayElapsedCallback  stm32h7xx_hal_tim.o
    0x08009d46   0x08009d46   0x00000174   Code   RO         5695    i.HAL_TIM_PWM_ConfigChannel  stm32h7xx_hal_tim.o
    0x08009eba   0x08009eba   0x00000034   Code   RO         5698    i.HAL_TIM_PWM_Init  stm32h7xx_hal_tim.o
    0x08009eee   0x08009eee   0x00000002   Code   RO         5700    i.HAL_TIM_PWM_MspInit  stm32h7xx_hal_tim.o
    0x08009ef0   0x08009ef0   0x00000002   Code   RO         5701    i.HAL_TIM_PWM_PulseFinishedCallback  stm32h7xx_hal_tim.o
    0x08009ef2   0x08009ef2   0x00000002   PAD
    0x08009ef4   0x08009ef4   0x00000088   Code   RO         5703    i.HAL_TIM_PWM_Start  stm32h7xx_hal_tim.o
    0x08009f7c   0x08009f7c   0x00000018   Code   RO         1970    i.HAL_TIM_PeriodElapsedCallback  main.o
    0x08009f94   0x08009f94   0x00000002   Code   RO         5714    i.HAL_TIM_TriggerCallback  stm32h7xx_hal_tim.o
    0x08009f96   0x08009f96   0x0000004e   Code   RO         7010    i.HAL_UARTEx_DisableFifoMode  stm32h7xx_hal_uart_ex.o
    0x08009fe4   0x08009fe4   0x00000058   Code   RO         7012    i.HAL_UARTEx_EnableFifoMode  stm32h7xx_hal_uart_ex.o
    0x0800a03c   0x0800a03c   0x0000005e   Code   RO         7015    i.HAL_UARTEx_SetRxFifoThreshold  stm32h7xx_hal_uart_ex.o
    0x0800a09a   0x0800a09a   0x0000005e   Code   RO         7016    i.HAL_UARTEx_SetTxFifoThreshold  stm32h7xx_hal_uart_ex.o
    0x0800a0f8   0x0800a0f8   0x00000078   Code   RO         6637    i.HAL_UART_Init     stm32h7xx_hal_uart.o
    0x0800a170   0x0800a170   0x000003c4   Code   RO         2746    i.HAL_UART_MspInit  usart.o
    0x0800a534   0x0800a534   0x000000d4   Code   RO         6646    i.HAL_UART_Transmit  stm32h7xx_hal_uart.o
    0x0800a608   0x0800a608   0x00000004   Code   RO         2838    i.HardFault_Handler  stm32h7xx_it.o
    0x0800a60c   0x0800a60c   0x00000010   Code   RO         2839    i.I2C1_EV_IRQHandler  stm32h7xx_it.o
    0x0800a61c   0x0800a61c   0x0000002e   Code   RO         5163    i.I2C_DMAAbort      stm32h7xx_hal_i2c.o
    0x0800a64a   0x0800a64a   0x00000002   PAD
    0x0800a64c   0x0800a64c   0x000001dc   Code   RO         5164    i.I2C_DMAError      stm32h7xx_hal_i2c.o
    0x0800a828   0x0800a828   0x0000005e   Code   RO         5165    i.I2C_DMAMasterReceiveCplt  stm32h7xx_hal_i2c.o
    0x0800a886   0x0800a886   0x0000005e   Code   RO         5166    i.I2C_DMAMasterTransmitCplt  stm32h7xx_hal_i2c.o
    0x0800a8e4   0x0800a8e4   0x00000078   Code   RO         5169    i.I2C_Disable_IRQ   stm32h7xx_hal_i2c.o
    0x0800a95c   0x0800a95c   0x0000008c   Code   RO         5170    i.I2C_Enable_IRQ    stm32h7xx_hal_i2c.o
    0x0800a9e8   0x0800a9e8   0x00000028   Code   RO         5171    i.I2C_Flush_TXDR    stm32h7xx_hal_i2c.o
    0x0800aa10   0x0800aa10   0x000000ca   Code   RO         5172    i.I2C_ITAddrCplt    stm32h7xx_hal_i2c.o
    0x0800aada   0x0800aada   0x00000002   PAD
    0x0800aadc   0x0800aadc   0x0000011c   Code   RO         5173    i.I2C_ITError       stm32h7xx_hal_i2c.o
    0x0800abf8   0x0800abf8   0x0000006c   Code   RO         5174    i.I2C_ITListenCplt  stm32h7xx_hal_i2c.o
    0x0800ac64   0x0800ac64   0x000000e8   Code   RO         5175    i.I2C_ITMasterCplt  stm32h7xx_hal_i2c.o
    0x0800ad4c   0x0800ad4c   0x00000062   Code   RO         5176    i.I2C_ITMasterSeqCplt  stm32h7xx_hal_i2c.o
    0x0800adae   0x0800adae   0x00000002   PAD
    0x0800adb0   0x0800adb0   0x000002c0   Code   RO         5177    i.I2C_ITSlaveCplt   stm32h7xx_hal_i2c.o
    0x0800b070   0x0800b070   0x00000062   Code   RO         5178    i.I2C_ITSlaveSeqCplt  stm32h7xx_hal_i2c.o
    0x0800b0d2   0x0800b0d2   0x00000002   PAD
    0x0800b0d4   0x0800b0d4   0x00000098   Code   RO         5179    i.I2C_IsAcknowledgeFailed  stm32h7xx_hal_i2c.o
    0x0800b16c   0x0800b16c   0x00000160   Code   RO         5180    i.I2C_Master_ISR_DMA  stm32h7xx_hal_i2c.o
    0x0800b2cc   0x0800b2cc   0x00000198   Code   RO         5181    i.I2C_Master_ISR_IT  stm32h7xx_hal_i2c.o
    0x0800b464   0x0800b464   0x0000007c   Code   RO         5183    i.I2C_RequestMemoryWrite  stm32h7xx_hal_i2c.o
    0x0800b4e0   0x0800b4e0   0x000002b8   Code   RO         5184    i.I2C_Slave_ISR_DMA  stm32h7xx_hal_i2c.o
    0x0800b798   0x0800b798   0x0000014c   Code   RO         5185    i.I2C_Slave_ISR_IT  stm32h7xx_hal_i2c.o
    0x0800b8e4   0x0800b8e4   0x00000034   Code   RO         5186    i.I2C_TransferConfig  stm32h7xx_hal_i2c.o
    0x0800b918   0x0800b918   0x0000005e   Code   RO         5187    i.I2C_WaitOnFlagUntilTimeout  stm32h7xx_hal_i2c.o
    0x0800b976   0x0800b976   0x00000002   PAD
    0x0800b978   0x0800b978   0x000000a0   Code   RO         5188    i.I2C_WaitOnRXNEFlagUntilTimeout  stm32h7xx_hal_i2c.o
    0x0800ba18   0x0800ba18   0x00000056   Code   RO         5189    i.I2C_WaitOnSTOPFlagUntilTimeout  stm32h7xx_hal_i2c.o
    0x0800ba6e   0x0800ba6e   0x0000005a   Code   RO         5190    i.I2C_WaitOnTXISFlagUntilTimeout  stm32h7xx_hal_i2c.o
    0x0800bac8   0x0800bac8   0x0000002c   Code   RO           13    i.IMU_Set_Cmd       imu_receive.o
    0x0800baf4   0x0800baf4   0x0000001c   Code   RO           14    i.IMU_init          imu_receive.o
    0x0800bb10   0x0800bb10   0x000000ea   Code   RO        10661    i.LAN8742_GetLinkState  lan8742.o
    0x0800bbfa   0x0800bbfa   0x000000dc   Code   RO        10662    i.LAN8742_Init      lan8742.o
    0x0800bcd6   0x0800bcd6   0x0000002e   Code   RO        10663    i.LAN8742_RegisterBusIO  lan8742.o
    0x0800bd04   0x0800bd04   0x00000010   Code   RO         3518    i.LL_ADC_Enable     stm32h7xx_hal_adc.o
    0x0800bd14   0x0800bd14   0x0000000a   Code   RO         3519    i.LL_ADC_GetMultiDMATransfer  stm32h7xx_hal_adc.o
    0x0800bd1e   0x0800bd1e   0x0000000a   Code   RO         3520    i.LL_ADC_GetMultimode  stm32h7xx_hal_adc.o
    0x0800bd28   0x0800bd28   0x0000000a   Code   RO         3521    i.LL_ADC_INJ_IsConversionOngoing  stm32h7xx_hal_adc.o
    0x0800bd32   0x0800bd32   0x0000000a   Code   RO         3522    i.LL_ADC_IsDisableOngoing  stm32h7xx_hal_adc.o
    0x0800bd3c   0x0800bd3c   0x0000000a   Code   RO         3523    i.LL_ADC_IsEnabled  stm32h7xx_hal_adc.o
    0x0800bd46   0x0800bd46   0x0000000a   Code   RO         3784    i.LL_ADC_IsEnabled  stm32h7xx_hal_adc_ex.o
    0x0800bd50   0x0800bd50   0x0000000a   Code   RO         3524    i.LL_ADC_IsInternalRegulatorEnabled  stm32h7xx_hal_adc.o
    0x0800bd5a   0x0800bd5a   0x0000000a   Code   RO         3525    i.LL_ADC_REG_IsConversionOngoing  stm32h7xx_hal_adc.o
    0x0800bd64   0x0800bd64   0x0000000a   Code   RO         3785    i.LL_ADC_REG_IsConversionOngoing  stm32h7xx_hal_adc_ex.o
    0x0800bd6e   0x0800bd6e   0x00000012   Code   RO         3526    i.LL_ADC_REG_IsTriggerSourceSWStart  stm32h7xx_hal_adc.o
    0x0800bd80   0x0800bd80   0x00000010   Code   RO         3527    i.LL_ADC_REG_StartConversion  stm32h7xx_hal_adc.o
    0x0800bd90   0x0800bd90   0x00000028   Code   RO         3529    i.LL_ADC_SetChannelSamplingTime  stm32h7xx_hal_adc.o
    0x0800bdb8   0x0800bdb8   0x0000000c   Code   RO         3530    i.LL_ADC_SetCommonPathInternalCh  stm32h7xx_hal_adc.o
    0x0800bdc4   0x0800bdc4   0x000000a0   Code   RO         1971    i.MPU_Config        main.o
    0x0800be64   0x0800be64   0x000000a4   Code   RO         2100    i.MX_ADC1_Init      adc.o
    0x0800bf08   0x0800bf08   0x00000088   Code   RO         2101    i.MX_ADC3_Init      adc.o
    0x0800bf90   0x0800bf90   0x00000034   Code   RO         2148    i.MX_CRC_Init       crc.o
    0x0800bfc4   0x0800bfc4   0x00000060   Code   RO         2190    i.MX_DAC1_Init      dac.o
    0x0800c024   0x0800c024   0x000000f0   Code   RO         2257    i.MX_DMA_Init       dma.o
    0x0800c114   0x0800c114   0x00000078   Code   RO         2283    i.MX_FDCAN1_Init    fdcan.o
    0x0800c18c   0x0800c18c   0x00000124   Code   RO         2323    i.MX_FREERTOS_Init  freertos.o
    0x0800c2b0   0x0800c2b0   0x00000144   Code   RO         2074    i.MX_GPIO_Init      gpio.o
    0x0800c3f4   0x0800c3f4   0x00000058   Code   RO         2398    i.MX_I2C1_Init      i2c.o
    0x0800c44c   0x0800c44c   0x00000058   Code   RO         2399    i.MX_I2C2_Init      i2c.o
    0x0800c4a4   0x0800c4a4   0x00000260   Code   RO         2444    i.MX_LWIP_Init      lwip.o
    0x0800c704   0x0800c704   0x0000006c   Code   RO         2676    i.MX_TIM2_Init      tim.o
    0x0800c770   0x0800c770   0x00000078   Code   RO         2677    i.MX_TIM3_Init      tim.o
    0x0800c7e8   0x0800c7e8   0x00000078   Code   RO         2678    i.MX_TIM4_Init      tim.o
    0x0800c860   0x0800c860   0x0000006c   Code   RO         2679    i.MX_TIM5_Init      tim.o
    0x0800c8cc   0x0800c8cc   0x00000104   Code   RO         2680    i.MX_TIM8_Init      tim.o
    0x0800c9d0   0x0800c9d0   0x00000070   Code   RO         2747    i.MX_UART5_Init     usart.o
    0x0800ca40   0x0800ca40   0x0000006c   Code   RO         2748    i.MX_USART1_UART_Init  usart.o
    0x0800caac   0x0800caac   0x0000006c   Code   RO         2749    i.MX_USART3_UART_Init  usart.o
    0x0800cb18   0x0800cb18   0x0000006c   Code   RO         2750    i.MX_USART6_UART_Init  usart.o
    0x0800cb84   0x0800cb84   0x00000004   Code   RO         2840    i.MemManage_Handler  stm32h7xx_it.o
    0x0800cb88   0x0800cb88   0x00000002   Code   RO         2841    i.NMI_Handler       stm32h7xx_it.o
    0x0800cb8a   0x0800cb8a   0x00000002   PAD
    0x0800cb8c   0x0800cb8c   0x000001f0   Code   RO        10619    i.PID_calc          pid.o
    0x0800cd7c   0x0800cd7c   0x00000060   Code   RO        10621    i.PID_init          pid.o
    0x0800cddc   0x0800cddc   0x000000c0   Code   RO         2324    i.PostSleepProcessing  freertos.o
    0x0800ce9c   0x0800ce9c   0x00000050   Code   RO         2325    i.PreSleepProcessing  freertos.o
    0x0800ceec   0x0800ceec   0x00000024   Code   RO         1562    i.Pulse_Fb_Init     bsp_pulse.o
    0x0800cf10   0x0800cf10   0x00000164   Code   RO         7233    i.RCCEx_PLL2_Config  stm32h7xx_hal_rcc_ex.o
    0x0800d074   0x0800d074   0x00000164   Code   RO         7234    i.RCCEx_PLL3_Config  stm32h7xx_hal_rcc_ex.o
    0x0800d1d8   0x0800d1d8   0x0000009c   Code   RO         1972    i.SCB_EnableDCache  main.o
    0x0800d274   0x0800d274   0x0000007c   Code   RO         1973    i.SCB_EnableICache  main.o
    0x0800d2f0   0x0800d2f0   0x0000004c   Code   RO           15    i.SCB_InvalidateDCache_by_Addr  imu_receive.o
    0x0800d33c   0x0800d33c   0x0000004c   Code   RO          410    i.SCB_InvalidateDCache_by_Addr  depth_meter_receive.o
    0x0800d388   0x0800d388   0x0000004c   Code   RO          478    i.SCB_InvalidateDCache_by_Addr  altimeter_receive.o
    0x0800d3d4   0x0800d3d4   0x0000004c   Code   RO         2517    i.SCB_InvalidateDCache_by_Addr  ethernetif.o
    0x0800d420   0x0800d420   0x0000009c   Code   RO         1918    i.SHT31_Dat_To_Float  sth31driver.o
    0x0800d4bc   0x0800d4bc   0x00000010   Code   RO         1919    i.SHT31_Init        sth31driver.o
    0x0800d4cc   0x0800d4cc   0x00000030   Code   RO         1920    i.SHT31_Read_Dat    sth31driver.o
    0x0800d4fc   0x0800d4fc   0x00000024   Code   RO         1921    i.SHT31_Send_Cmd    sth31driver.o
    0x0800d520   0x0800d520   0x00000012   Code   RO         1922    i.SHT31_reset       sth31driver.o
    0x0800d532   0x0800d532   0x0000000a   Code   RO         2326    i.StartDefaultTask  freertos.o
    0x0800d53c   0x0800d53c   0x00000034   Code   RO        10534    i.SysTick_Handler   port.o
    0x0800d570   0x0800d570   0x00000130   Code   RO         1974    i.SystemClock_Config  main.o
    0x0800d6a0   0x0800d6a0   0x000000a8   Code   RO         8918    i.SystemInit        system_stm32h7xx.o
    0x0800d748   0x0800d748   0x00000010   Code   RO         2842    i.TIM1_UP_IRQHandler  stm32h7xx_it.o
    0x0800d758   0x0800d758   0x00000094   Code   RO         1563    i.TIM2_IRQHandler   bsp_pulse.o
    0x0800d7ec   0x0800d7ec   0x00000020   Code   RO         1678    i.TIM5_IRQHandler   bsp_timer.o
    0x0800d80c   0x0800d80c   0x000000cc   Code   RO         5716    i.TIM_Base_SetConfig  stm32h7xx_hal_tim.o
    0x0800d8d8   0x0800d8d8   0x00000022   Code   RO         5717    i.TIM_CCxChannelCmd  stm32h7xx_hal_tim.o
    0x0800d8fa   0x0800d8fa   0x00000016   Code   RO         5727    i.TIM_ETR_SetConfig  stm32h7xx_hal_tim.o
    0x0800d910   0x0800d910   0x00000018   Code   RO         5728    i.TIM_ITRx_SetConfig  stm32h7xx_hal_tim.o
    0x0800d928   0x0800d928   0x000000ac   Code   RO         5729    i.TIM_OC1_SetConfig  stm32h7xx_hal_tim.o
    0x0800d9d4   0x0800d9d4   0x000000b4   Code   RO         5730    i.TIM_OC2_SetConfig  stm32h7xx_hal_tim.o
    0x0800da88   0x0800da88   0x000000b0   Code   RO         5731    i.TIM_OC3_SetConfig  stm32h7xx_hal_tim.o
    0x0800db38   0x0800db38   0x00000070   Code   RO         5732    i.TIM_OC4_SetConfig  stm32h7xx_hal_tim.o
    0x0800dba8   0x0800dba8   0x0000006c   Code   RO         5733    i.TIM_OC5_SetConfig  stm32h7xx_hal_tim.o
    0x0800dc14   0x0800dc14   0x0000006c   Code   RO         5734    i.TIM_OC6_SetConfig  stm32h7xx_hal_tim.o
    0x0800dc80   0x0800dc80   0x00000026   Code   RO         5736    i.TIM_TI1_ConfigInputStage  stm32h7xx_hal_tim.o
    0x0800dca6   0x0800dca6   0x00000028   Code   RO         5738    i.TIM_TI2_ConfigInputStage  stm32h7xx_hal_tim.o
    0x0800dcce   0x0800dcce   0x00000020   Code   RO         1014    i.Thruster_Init     thruster.o
    0x0800dcee   0x0800dcee   0x00000002   PAD
    0x0800dcf0   0x0800dcf0   0x00000010   Code   RO         1679    i.Timer_Init        bsp_timer.o
    0x0800dd00   0x0800dd00   0x0000011c   Code   RO         1528    i.Track_Motor_Ctrl  bsp_dac.o
    0x0800de1c   0x0800de1c   0x00000048   Code   RO         1529    i.Track_Motor_Init  bsp_dac.o
    0x0800de64   0x0800de64   0x000007ec   Code   RO          479    i.UART5_IRQHandler  altimeter_receive.o
    0x0800e650   0x0800e650   0x00000070   Code   RO         7020    i.UARTEx_SetNbDataToProcess  stm32h7xx_hal_uart_ex.o
    0x0800e6c0   0x0800e6c0   0x000000f8   Code   RO         6651    i.UART_AdvFeatureConfig  stm32h7xx_hal_uart.o
    0x0800e7b8   0x0800e7b8   0x00000074   Code   RO         6652    i.UART_CheckIdleState  stm32h7xx_hal_uart.o
    0x0800e82c   0x0800e82c   0x000016f0   Code   RO         6670    i.UART_SetConfig    stm32h7xx_hal_uart.o
    0x0800ff1c   0x0800ff1c   0x000000be   Code   RO         6675    i.UART_WaitOnFlagUntilTimeout  stm32h7xx_hal_uart.o
    0x0800ffda   0x0800ffda   0x00000002   PAD
    0x0800ffdc   0x0800ffdc   0x00000460   Code   RO           16    i.USART3_IRQHandler  imu_receive.o
    0x0801043c   0x0801043c   0x00000464   Code   RO          411    i.USART6_IRQHandler  depth_meter_receive.o
    0x080108a0   0x080108a0   0x00000004   Code   RO         2843    i.UsageFault_Handler  stm32h7xx_it.o
    0x080108a4   0x080108a4   0x00000020   Code   RO        14989    i.__0printf         mc_w.l(printfa.o)
    0x080108c4   0x080108c4   0x00000028   Code   RO        14991    i.__0sprintf        mc_w.l(printfa.o)
    0x080108ec   0x080108ec   0x0000002c   Code   RO        14994    i.__0vsnprintf      mc_w.l(printfa.o)
    0x08010918   0x08010918   0x00000010   Code   RO         4019    i.__NVIC_GetPriorityGrouping  stm32h7xx_hal_cortex.o
    0x08010928   0x08010928   0x00000028   Code   RO         4020    i.__NVIC_SetPriority  stm32h7xx_hal_cortex.o
    0x08010950   0x08010950   0x00000006   Code   RO         9015    i.__get_PRIMASK     fifo.o
    0x08010956   0x08010956   0x00000002   PAD
    0x08010958   0x08010958   0x00000038   Code   RO        14729    i.__hardfp_atof     m_wv.l(atof.o)
    0x08010990   0x08010990   0x0000000c   Code   RO        15069    i.__read_errno      mc_w.l(errno.o)
    0x0801099c   0x0801099c   0x0000000e   Code   RO        15113    i.__scatterload_copy  mc_w.l(handlers.o)
    0x080109aa   0x080109aa   0x00000002   Code   RO        15114    i.__scatterload_null  mc_w.l(handlers.o)
    0x080109ac   0x080109ac   0x0000000e   Code   RO        15115    i.__scatterload_zeroinit  mc_w.l(handlers.o)
    0x080109ba   0x080109ba   0x00000006   Code   RO         9016    i.__set_PRIMASK     fifo.o
    0x080109c0   0x080109c0   0x0000000c   Code   RO        15070    i.__set_errno       mc_w.l(errno.o)
    0x080109cc   0x080109cc   0x00000184   Code   RO        14996    i._fp_digits        mc_w.l(printfa.o)
    0x08010b50   0x08010b50   0x0000000e   Code   RO        15096    i._is_digit         mc_w.l(scanf_fp.o)
    0x08010b5e   0x08010b5e   0x00000002   PAD
    0x08010b60   0x08010b60   0x000006dc   Code   RO        14997    i._printf_core      mc_w.l(printfa.o)
    0x0801123c   0x0801123c   0x00000024   Code   RO        14998    i._printf_post_padding  mc_w.l(printfa.o)
    0x08011260   0x08011260   0x0000002e   Code   RO        14999    i._printf_pre_padding  mc_w.l(printfa.o)
    0x0801128e   0x0801128e   0x00000016   Code   RO        15000    i._snputc           mc_w.l(printfa.o)
    0x080112a4   0x080112a4   0x0000000a   Code   RO        15001    i._sputc            mc_w.l(printfa.o)
    0x080112ae   0x080112ae   0x00000002   PAD
    0x080112b0   0x080112b0   0x000000f0   Code   RO        11516    i.accept_function   api_msg.o
    0x080113a0   0x080113a0   0x0000004c   Code   RO         1315    i.adcx_get_chx_value  bsp_adc.o
    0x080113ec   0x080113ec   0x000000b0   Code   RO        11858    i.alloc_socket      sockets.o
    0x0801149c   0x0801149c   0x00000058   Code   RO          480    i.altimeter_data_solve  altimeter_receive.o
    0x080114f4   0x080114f4   0x00000030   Code   RO         8954    i.append_CRC16_check_sum  crc8_crc16.o
    0x08011524   0x08011524   0x00000024   Code   RO         8955    i.append_CRC8_check_sum  crc8_crc16.o
    0x08011548   0x08011548   0x0000000c   Code   RO         1602    i.bright_pwm_set    bsp_pwm.o
    0x08011554   0x08011554   0x00000048   Code   RO         1389    i.bsp_I2C_master_receive  bsp_i2c.o
    0x0801159c   0x0801159c   0x00000048   Code   RO         1390    i.bsp_I2C_master_transmit  bsp_i2c.o
    0x080115e4   0x080115e4   0x00000028   Code   RO         1639    i.bsp_init          bsp_init.o
    0x0801160c   0x0801160c   0x00000012   Code   RO          287    i.calc_percentage   water_level_task.o
    0x0801161e   0x0801161e   0x00000002   PAD
    0x08011620   0x08011620   0x00000040   Code   RO         1361    i.can_filter_init   bsp_can.o
    0x08011660   0x08011660   0x00000002   Code   RO         2327    i.configureTimerForRunTimeStats  freertos.o
    0x08011662   0x08011662   0x00000002   PAD
    0x08011664   0x08011664   0x0000001c   Code   RO        13478    i.cyclic_timer      timeouts.o
    0x08011680   0x08011680   0x00000034   Code   RO         1230    i.debug_info_task   debug_info.o
    0x080116b4   0x080116b4   0x00000034   Code   RO          412    i.depth_data_solve  depth_meter_receive.o
    0x080116e8   0x080116e8   0x000000bc   Code   RO        12483    i.do_memp_free_pool  memp.o
    0x080117a4   0x080117a4   0x000000c8   Code   RO        12484    i.do_memp_malloc_pool  memp.o
    0x0801186c   0x0801186c   0x0000003c   Code   RO         9718    i.eTaskConfirmSleepModeStatus  tasks.o
    0x080118a8   0x080118a8   0x00000084   Code   RO         9719    i.eTaskGetState     tasks.o
    0x0801192c   0x0801192c   0x0000022c   Code   RO        11517    i.err_tcp           api_msg.o
    0x08011b58   0x08011b58   0x00000020   Code   RO        11711    i.err_to_errno      err.o
    0x08011b78   0x08011b78   0x00000038   Code   RO        13722    i.etharp_cleanup_netif  etharp.o
    0x08011bb0   0x08011bb0   0x000002e0   Code   RO        13724    i.etharp_find_entry  etharp.o
    0x08011e90   0x08011e90   0x00000040   Code   RO        13725    i.etharp_free_entry  etharp.o
    0x08011ed0   0x08011ed0   0x0000013c   Code   RO        13727    i.etharp_input      etharp.o
    0x0801200c   0x0801200c   0x00000204   Code   RO        13728    i.etharp_output     etharp.o
    0x08012210   0x08012210   0x00000168   Code   RO        13729    i.etharp_output_to_arp_index  etharp.o
    0x08012378   0x08012378   0x00000284   Code   RO        13730    i.etharp_query      etharp.o
    0x080125fc   0x080125fc   0x00000188   Code   RO        13731    i.etharp_raw        etharp.o
    0x08012784   0x08012784   0x00000018   Code   RO        13732    i.etharp_request    etharp.o
    0x0801279c   0x0801279c   0x0000002c   Code   RO        13733    i.etharp_request_dst  etharp.o
    0x080127c8   0x080127c8   0x000000dc   Code   RO        13734    i.etharp_tmr        etharp.o
    0x080128a4   0x080128a4   0x0000015c   Code   RO        13735    i.etharp_update_arp_entry  etharp.o
    0x08012a00   0x08012a00   0x000000c8   Code   RO        11183    i.ethernet_input    ethernet.o
    0x08012ac8   0x08012ac8   0x00000002   Code   RO         2445    i.ethernet_link_status_updated  lwip.o
    0x08012aca   0x08012aca   0x00000002   PAD
    0x08012acc   0x08012acc   0x000000c8   Code   RO         2518    i.ethernet_link_thread  ethernetif.o
    0x08012b94   0x08012b94   0x00000104   Code   RO        11184    i.ethernet_output   ethernet.o
    0x08012c98   0x08012c98   0x00000090   Code   RO         2519    i.ethernetif_init   ethernetif.o
    0x08012d28   0x08012d28   0x0000004c   Code   RO         2520    i.ethernetif_input  ethernetif.o
    0x08012d74   0x08012d74   0x00000228   Code   RO        11859    i.event_callback    sockets.o
    0x08012f9c   0x08012f9c   0x0000002a   Code   RO         9032    i.fifo_s_flush      fifo.o
    0x08012fc6   0x08012fc6   0x0000003a   Code   RO         9034    i.fifo_s_get        fifo.o
    0x08013000   0x08013000   0x00000016   Code   RO         9037    i.fifo_s_init       fifo.o
    0x08013016   0x08013016   0x0000000e   Code   RO         9039    i.fifo_s_isfull     fifo.o
    0x08013024   0x08013024   0x000000a0   Code   RO         9043    i.fifo_s_puts       fifo.o
    0x080130c4   0x080130c4   0x00000006   Code   RO         9045    i.fifo_s_used       fifo.o
    0x080130ca   0x080130ca   0x00000002   PAD
    0x080130cc   0x080130cc   0x0000001c   Code   RO         2753    i.fputc             usart.o
    0x080130e8   0x080130e8   0x00000050   Code   RO        15017    i.free              mc_w.l(malloc.o)
    0x08013138   0x08013138   0x0000003c   Code   RO        11860    i.free_socket       sockets.o
    0x08013174   0x08013174   0x00000034   Code   RO         8956    i.get_CRC16_check_sum  crc8_crc16.o
    0x080131a8   0x080131a8   0x00000024   Code   RO         8957    i.get_CRC8_check_sum  crc8_crc16.o
    0x080131cc   0x080131cc   0x0000000c   Code   RO          341    i.get_cabin_humidity  tem_hum_task.o
    0x080131d8   0x080131d8   0x0000000c   Code   RO          342    i.get_cabin_temperature  tem_hum_task.o
    0x080131e4   0x080131e4   0x0000000c   Code   RO          288    i.get_cpu_temperature  water_level_task.o
    0x080131f0   0x080131f0   0x00000018   Code   RO         1564    i.get_crawler_motor_speed  bsp_pulse.o
    0x08013208   0x08013208   0x00000008   Code   RO          537    i.get_ctrl_cmd      comunication.o
    0x08013210   0x08013210   0x00000008   Code   RO          413    i.get_depth_data_point  depth_meter_receive.o
    0x08013218   0x08013218   0x0000000c   Code   RO          481    i.get_height_data   altimeter_receive.o
    0x08013224   0x08013224   0x00000008   Code   RO           17    i.get_imu_data_point  imu_receive.o
    0x0801322c   0x0801322c   0x000000d4   Code   RO          538    i.get_pids          comunication.o
    0x08013300   0x08013300   0x00000008   Code   RO          539    i.get_pos_ctrl_cmd  comunication.o
    0x08013308   0x08013308   0x0000000c   Code   RO         1166    i.get_rov_behaviour  rov_behaviour.o
    0x08013314   0x08013314   0x00000044   Code   RO        11861    i.get_socket        sockets.o
    0x08013358   0x08013358   0x00000008   Code   RO          541    i.get_text_buffer   comunication.o
    0x08013360   0x08013360   0x00000018   Code   RO         1015    i.get_thruster_measure_point  thruster.o
    0x08013378   0x08013378   0x0000005c   Code   RO         1316    i.get_water_gage    bsp_adc.o
    0x080133d4   0x080133d4   0x00000018   Code   RO          289    i.get_water_level_percentage  water_level_task.o
    0x080133ec   0x080133ec   0x00000012   Code   RO        13822    i.icmp_dest_unreach  icmp.o
    0x080133fe   0x080133fe   0x00000002   PAD
    0x08013400   0x08013400   0x00000268   Code   RO        13823    i.icmp_input        icmp.o
    0x08013668   0x08013668   0x00000118   Code   RO        13824    i.icmp_send_response  icmp.o
    0x08013780   0x08013780   0x00000012   Code   RO        13825    i.icmp_time_exceeded  icmp.o
    0x08013792   0x08013792   0x00000002   PAD
    0x08013794   0x08013794   0x00000214   Code   RO           18    i.imu_data_solve    imu_receive.o
    0x080139a8   0x080139a8   0x00000010   Code   RO        10103    i.inHandlerMode     cmsis_os.o
    0x080139b8   0x080139b8   0x00000034   Code   RO          542    i.init_recieve_struct_data  comunication.o
    0x080139ec   0x080139ec   0x00000028   Code   RO          543    i.init_send_struct_data  comunication.o
    0x08013a14   0x08013a14   0x00000034   Code   RO         1317    i.init_vrefint_reciprocal  bsp_adc.o
    0x08013a48   0x08013a48   0x0000004e   Code   RO        13937    i.ip4_addr_isbroadcast_u32  ip4_addr.o
    0x08013a96   0x08013a96   0x00000002   PAD
    0x08013a98   0x08013a98   0x000002c8   Code   RO        14002    i.ip4_frag          ip4_frag.o
    0x08013d60   0x08013d60   0x000001cc   Code   RO        13884    i.ip4_input         ip4.o
    0x08013f2c   0x08013f2c   0x00000036   Code   RO        13886    i.ip4_output_if     ip4.o
    0x08013f62   0x08013f62   0x00000002   PAD
    0x08013f64   0x08013f64   0x00000190   Code   RO        13887    i.ip4_output_if_src  ip4.o
    0x080140f4   0x080140f4   0x000001d8   Code   RO        14003    i.ip4_reass         ip4_frag.o
    0x080142cc   0x080142cc   0x00000090   Code   RO        13888    i.ip4_route         ip4.o
    0x0801435c   0x0801435c   0x00000014   Code   RO        13940    i.ip4addr_ntoa      ip4_addr.o
    0x08014370   0x08014370   0x000000a8   Code   RO        13941    i.ip4addr_ntoa_r    ip4_addr.o
    0x08014418   0x08014418   0x0000000a   Code   RO        14004    i.ip_frag_alloc_pbuf_custom_ref  ip4_frag.o
    0x08014422   0x08014422   0x00000002   PAD
    0x08014424   0x08014424   0x00000098   Code   RO        14005    i.ip_frag_free_pbuf_custom_ref  ip4_frag.o
    0x080144bc   0x080144bc   0x000002fc   Code   RO        14006    i.ip_reass_chain_frag_into_datagram_and_validate  ip4_frag.o
    0x080147b8   0x080147b8   0x000000c4   Code   RO        14007    i.ip_reass_dequeue_datagram  ip4_frag.o
    0x0801487c   0x0801487c   0x00000054   Code   RO        14008    i.ip_reass_enqueue_new_datagram  ip4_frag.o
    0x080148d0   0x080148d0   0x000001d8   Code   RO        14009    i.ip_reass_free_complete_datagram  ip4_frag.o
    0x08014aa8   0x08014aa8   0x00000088   Code   RO        14010    i.ip_reass_remove_oldest_datagram  ip4_frag.o
    0x08014b30   0x08014b30   0x00000034   Code   RO        14011    i.ip_reass_tmr      ip4_frag.o
    0x08014b64   0x08014b64   0x000000c8   Code   RO        14012    i.ipfrag_free_pbuf_custom  ip4_frag.o
    0x08014c2c   0x08014c2c   0x000001d0   Code   RO         2521    i.low_level_init    ethernetif.o
    0x08014dfc   0x08014dfc   0x00000064   Code   RO         2522    i.low_level_input   ethernetif.o
    0x08014e60   0x08014e60   0x00000098   Code   RO         2523    i.low_level_output  ethernetif.o
    0x08014ef8   0x08014ef8   0x000002e8   Code   RO        11862    i.lwip_accept       sockets.o
    0x080151e0   0x080151e0   0x00000130   Code   RO        11863    i.lwip_bind         sockets.o
    0x08015310   0x08015310   0x00000100   Code   RO        11864    i.lwip_close        sockets.o
    0x08015410   0x08015410   0x0000001a   Code   RO        12192    i.lwip_htonl        def.o
    0x0801542a   0x0801542a   0x0000000c   Code   RO        12193    i.lwip_htons        def.o
    0x08015436   0x08015436   0x00000002   PAD
    0x08015438   0x08015438   0x000000a0   Code   RO        12338    i.lwip_init         init.o
    0x080154d8   0x080154d8   0x0000009c   Code   RO        11873    i.lwip_listen       sockets.o
    0x08015574   0x08015574   0x00000082   Code   RO        11518    i.lwip_netconn_do_bind  api_msg.o
    0x080155f6   0x080155f6   0x00000002   PAD
    0x080155f8   0x080155f8   0x00000190   Code   RO        11519    i.lwip_netconn_do_close  api_msg.o
    0x08015788   0x08015788   0x0000037c   Code   RO        11520    i.lwip_netconn_do_close_internal  api_msg.o
    0x08015b04   0x08015b04   0x00000254   Code   RO        11523    i.lwip_netconn_do_delconn  api_msg.o
    0x08015d58   0x08015d58   0x0000015c   Code   RO        11525    i.lwip_netconn_do_getaddr  api_msg.o
    0x08015eb4   0x08015eb4   0x00000114   Code   RO        11526    i.lwip_netconn_do_listen  api_msg.o
    0x08015fc8   0x08015fc8   0x00000040   Code   RO        11527    i.lwip_netconn_do_newconn  api_msg.o
    0x08016008   0x08016008   0x00000070   Code   RO        11528    i.lwip_netconn_do_recv  api_msg.o
    0x08016078   0x08016078   0x0000008c   Code   RO        11529    i.lwip_netconn_do_send  api_msg.o
    0x08016104   0x08016104   0x000001b8   Code   RO        11530    i.lwip_netconn_do_write  api_msg.o
    0x080162bc   0x080162bc   0x00000378   Code   RO        11531    i.lwip_netconn_do_writemore  api_msg.o
    0x08016634   0x08016634   0x00000022   Code   RO        11875    i.lwip_recv         sockets.o
    0x08016656   0x08016656   0x00000002   PAD
    0x08016658   0x08016658   0x00000318   Code   RO        11876    i.lwip_recvfrom     sockets.o
    0x08016970   0x08016970   0x0000009c   Code   RO        11879    i.lwip_send         sockets.o
    0x08016a0c   0x08016a0c   0x000001c4   Code   RO        11881    i.lwip_sendto       sockets.o
    0x08016bd0   0x08016bd0   0x00000080   Code   RO        11882    i.lwip_setsockopt   sockets.o
    0x08016c50   0x08016c50   0x00000200   Code   RO        11883    i.lwip_setsockopt_impl  sockets.o
    0x08016e50   0x08016e50   0x000000a8   Code   RO        11885    i.lwip_socket       sockets.o
    0x08016ef8   0x08016ef8   0x00000016   Code   RO        11888    i.lwip_write        sockets.o
    0x08016f0e   0x08016f0e   0x00000002   PAD
    0x08016f10   0x08016f10   0x00000090   Code   RO         1975    i.main              main.o
    0x08016fa0   0x08016fa0   0x0000000e   Code   RO        10105    i.makeFreeRtosPriority  cmsis_os.o
    0x08016fae   0x08016fae   0x00000002   PAD
    0x08016fb0   0x08016fb0   0x00000168   Code   RO        12417    i.mem_free          mem.o
    0x08017118   0x08017118   0x000000f4   Code   RO        12418    i.mem_init          mem.o
    0x0801720c   0x0801720c   0x00000288   Code   RO        12419    i.mem_malloc        mem.o
    0x08017494   0x08017494   0x000001ec   Code   RO        12420    i.mem_trim          mem.o
    0x08017680   0x08017680   0x000000b0   Code   RO        12485    i.memp_free         memp.o
    0x08017730   0x08017730   0x000000a0   Code   RO        12486    i.memp_free_pool    memp.o
    0x080177d0   0x080177d0   0x00000020   Code   RO        12487    i.memp_init         memp.o
    0x080177f0   0x080177f0   0x0000002c   Code   RO        12488    i.memp_init_pool    memp.o
    0x0801781c   0x0801781c   0x000000b0   Code   RO        12489    i.memp_malloc       memp.o
    0x080178cc   0x080178cc   0x00000098   Code   RO        12490    i.memp_malloc_pool  memp.o
    0x08017964   0x08017964   0x00000034   Code   RO          630    i.msg_consume       socket_send.o
    0x08017998   0x08017998   0x00000044   Code   RO          631    i.msg_send          socket_send.o
    0x080179dc   0x080179dc   0x00000020   Code   RO        11750    i.netbuf_delete     netbuf.o
    0x080179fc   0x080179fc   0x000000ac   Code   RO        11752    i.netbuf_free       netbuf.o
    0x08017aa8   0x08017aa8   0x000000d0   Code   RO        11755    i.netbuf_ref        netbuf.o
    0x08017b78   0x08017b78   0x00000164   Code   RO        11339    i.netconn_accept    api_lib.o
    0x08017cdc   0x08017cdc   0x00000120   Code   RO        11532    i.netconn_alloc     api_msg.o
    0x08017dfc   0x08017dfc   0x00000022   Code   RO        11340    i.netconn_apimsg    api_lib.o
    0x08017e1e   0x08017e1e   0x00000002   PAD
    0x08017e20   0x08017e20   0x000000c4   Code   RO        11341    i.netconn_bind      api_lib.o
    0x08017ee4   0x08017ee4   0x000000c0   Code   RO        11343    i.netconn_close_shutdown  api_lib.o
    0x08017fa4   0x08017fa4   0x00000034   Code   RO        11345    i.netconn_delete    api_lib.o
    0x08017fd8   0x08017fd8   0x000000b4   Code   RO        11533    i.netconn_drain     api_msg.o
    0x0801808c   0x0801808c   0x00000184   Code   RO        11534    i.netconn_free      api_msg.o
    0x08018210   0x08018210   0x00000144   Code   RO        11347    i.netconn_getaddr   api_lib.o
    0x08018354   0x08018354   0x000000bc   Code   RO        11348    i.netconn_listen_with_backlog  api_lib.o
    0x08018410   0x08018410   0x000001ac   Code   RO        11349    i.netconn_new_with_proto_and_callback  api_lib.o
    0x080185bc   0x080185bc   0x0000015c   Code   RO        11350    i.netconn_recv      api_lib.o
    0x08018718   0x08018718   0x0000021c   Code   RO        11351    i.netconn_recv_data  api_lib.o
    0x08018934   0x08018934   0x000000b0   Code   RO        11352    i.netconn_recv_tcp_pbuf  api_lib.o
    0x080189e4   0x080189e4   0x000000b8   Code   RO        11353    i.netconn_send      api_lib.o
    0x08018a9c   0x08018a9c   0x00000154   Code   RO        11356    i.netconn_write_partly  api_lib.o
    0x08018bf0   0x08018bf0   0x00000100   Code   RO        12590    i.netif_add         netif.o
    0x08018cf0   0x08018cf0   0x00000002   Code   RO        12592    i.netif_init        netif.o
    0x08018cf2   0x08018cf2   0x00000024   Code   RO        12594    i.netif_issue_reports  netif.o
    0x08018d16   0x08018d16   0x00000048   Code   RO        12596    i.netif_set_addr    netif.o
    0x08018d5e   0x08018d5e   0x00000002   PAD
    0x08018d60   0x08018d60   0x0000000c   Code   RO        12597    i.netif_set_default  netif.o
    0x08018d6c   0x08018d6c   0x00000038   Code   RO        12598    i.netif_set_down    netif.o
    0x08018da4   0x08018da4   0x0000000c   Code   RO        12599    i.netif_set_gw      netif.o
    0x08018db0   0x08018db0   0x0000005c   Code   RO        12600    i.netif_set_ipaddr  netif.o
    0x08018e0c   0x08018e0c   0x00000006   Code   RO        12601    i.netif_set_link_callback  netif.o
    0x08018e12   0x08018e12   0x0000002a   Code   RO        12602    i.netif_set_link_down  netif.o
    0x08018e3c   0x08018e3c   0x0000003a   Code   RO        12603    i.netif_set_link_up  netif.o
    0x08018e76   0x08018e76   0x0000000c   Code   RO        12604    i.netif_set_netmask  netif.o
    0x08018e82   0x08018e82   0x0000003c   Code   RO        12606    i.netif_set_up      netif.o
    0x08018ebe   0x08018ebe   0x00000018   Code   RO        10107    i.osDelay           cmsis_os.o
    0x08018ed6   0x08018ed6   0x0000000a   Code   RO        10110    i.osKernelStart     cmsis_os.o
    0x08018ee0   0x08018ee0   0x00000014   Code   RO        10111    i.osKernelSysTick   cmsis_os.o
    0x08018ef4   0x08018ef4   0x00000012   Code   RO        10119    i.osMessageCreate   cmsis_os.o
    0x08018f06   0x08018f06   0x00000018   Code   RO        10120    i.osMessageDelete   cmsis_os.o
    0x08018f1e   0x08018f1e   0x00000002   PAD
    0x08018f20   0x08018f20   0x0000009c   Code   RO        10121    i.osMessageGet      cmsis_os.o
    0x08018fbc   0x08018fbc   0x00000060   Code   RO        10123    i.osMessagePut      cmsis_os.o
    0x0801901c   0x0801901c   0x0000001a   Code   RO        10124    i.osMessageWaiting  cmsis_os.o
    0x08019036   0x08019036   0x0000000c   Code   RO        10125    i.osMutexCreate     cmsis_os.o
    0x08019042   0x08019042   0x00000002   PAD
    0x08019044   0x08019044   0x00000050   Code   RO        10127    i.osMutexRelease    cmsis_os.o
    0x08019094   0x08019094   0x00000068   Code   RO        10128    i.osMutexWait       cmsis_os.o
    0x080190fc   0x080190fc   0x0000002c   Code   RO        10136    i.osSemaphoreCreate  cmsis_os.o
    0x08019128   0x08019128   0x00000018   Code   RO        10137    i.osSemaphoreDelete  cmsis_os.o
    0x08019140   0x08019140   0x00000050   Code   RO        10139    i.osSemaphoreRelease  cmsis_os.o
    0x08019190   0x08019190   0x00000068   Code   RO        10140    i.osSemaphoreWait   cmsis_os.o
    0x080191f8   0x080191f8   0x00000030   Code   RO        10144    i.osThreadCreate    cmsis_os.o
    0x08019228   0x08019228   0x00000028   Code   RO          810    i.parse_task        parse_task.o
    0x08019250   0x08019250   0x00000430   Code   RO        12733    i.pbuf_alloc        pbuf.o
    0x08019680   0x08019680   0x0000010c   Code   RO        12734    i.pbuf_alloced_custom  pbuf.o
    0x0801978c   0x0801978c   0x00000150   Code   RO        12735    i.pbuf_cat          pbuf.o
    0x080198dc   0x080198dc   0x00000016   Code   RO        12736    i.pbuf_chain        pbuf.o
    0x080198f2   0x080198f2   0x00000012   Code   RO        12737    i.pbuf_clen         pbuf.o
    0x08019904   0x08019904   0x00000238   Code   RO        12739    i.pbuf_copy         pbuf.o
    0x08019b3c   0x08019b3c   0x00000154   Code   RO        12740    i.pbuf_copy_partial  pbuf.o
    0x08019c90   0x08019c90   0x000001bc   Code   RO        12742    i.pbuf_free         pbuf.o
    0x08019e4c   0x08019e4c   0x0000001c   Code   RO         2524    i.pbuf_free_custom  ethernetif.o
    0x08019e68   0x08019e68   0x00000040   Code   RO        12743    i.pbuf_free_ooseq   pbuf.o
    0x08019ea8   0x08019ea8   0x0000000a   Code   RO        12744    i.pbuf_free_ooseq_callback  pbuf.o
    0x08019eb2   0x08019eb2   0x00000012   Code   RO        12746    i.pbuf_header       pbuf.o
    0x08019ec4   0x08019ec4   0x00000012   Code   RO        12747    i.pbuf_header_force  pbuf.o
    0x08019ed6   0x08019ed6   0x00000002   PAD
    0x08019ed8   0x08019ed8   0x00000168   Code   RO        12748    i.pbuf_header_impl  pbuf.o
    0x0801a040   0x0801a040   0x00000048   Code   RO        12751    i.pbuf_pool_is_empty  pbuf.o
    0x0801a088   0x0801a088   0x000001dc   Code   RO        12753    i.pbuf_realloc      pbuf.o
    0x0801a264   0x0801a264   0x000000a8   Code   RO        12754    i.pbuf_ref          pbuf.o
    0x0801a30c   0x0801a30c   0x00000110   Code   RO        11535    i.pcb_new           api_msg.o
    0x0801a41c   0x0801a41c   0x000001c4   Code   RO        12421    i.plug_holes        mem.o
    0x0801a5e0   0x0801a5e0   0x000000fc   Code   RO        11536    i.poll_tcp          api_msg.o
    0x0801a6dc   0x0801a6dc   0x00000098   Code   RO         9721    i.prvAddCurrentTaskToDelayedList  tasks.o
    0x0801a774   0x0801a774   0x000000b8   Code   RO         9722    i.prvAddNewTaskToReadyList  tasks.o
    0x0801a82c   0x0801a82c   0x00000048   Code   RO         9723    i.prvCheckTasksWaitingTermination  tasks.o
    0x0801a874   0x0801a874   0x0000002a   Code   RO         9382    i.prvCopyDataFromQueue  queue.o
    0x0801a89e   0x0801a89e   0x0000007c   Code   RO         9383    i.prvCopyDataToQueue  queue.o
    0x0801a91a   0x0801a91a   0x00000012   Code   RO         9724    i.prvDeleteTCB      tasks.o
    0x0801a92c   0x0801a92c   0x00000014   Code   RO         9384    i.prvGetDisinheritPriorityAfterTimeout  queue.o
    0x0801a940   0x0801a940   0x0000004c   Code   RO         9725    i.prvGetExpectedIdleTime  tasks.o
    0x0801a98c   0x0801a98c   0x0000007c   Code   RO        10472    i.prvHeapInit       heap_4.o
    0x0801aa08   0x0801aa08   0x0000007c   Code   RO         9726    i.prvIdleTask       tasks.o
    0x0801aa84   0x0801aa84   0x0000001c   Code   RO         9385    i.prvInitialiseMutex  queue.o
    0x0801aaa0   0x0801aaa0   0x0000002a   Code   RO         9386    i.prvInitialiseNewQueue  queue.o
    0x0801aaca   0x0801aaca   0x000000b6   Code   RO         9727    i.prvInitialiseNewTask  tasks.o
    0x0801ab80   0x0801ab80   0x00000068   Code   RO         9728    i.prvInitialiseTaskLists  tasks.o
    0x0801abe8   0x0801abe8   0x00000068   Code   RO        10473    i.prvInsertBlockIntoFreeList  heap_4.o
    0x0801ac50   0x0801ac50   0x0000001a   Code   RO         9387    i.prvIsQueueEmpty   queue.o
    0x0801ac6a   0x0801ac6a   0x0000001e   Code   RO         9388    i.prvIsQueueFull    queue.o
    0x0801ac88   0x0801ac88   0x0000006a   Code   RO         9729    i.prvListTasksWithinSingleList  tasks.o
    0x0801acf2   0x0801acf2   0x00000002   PAD
    0x0801acf4   0x0801acf4   0x00000034   Code   RO         9730    i.prvResetNextTaskUnblockTime  tasks.o
    0x0801ad28   0x0801ad28   0x00000016   Code   RO         9731    i.prvTaskCheckFreeStackSpace  tasks.o
    0x0801ad3e   0x0801ad3e   0x00000002   PAD
    0x0801ad40   0x0801ad40   0x00000040   Code   RO        10535    i.prvTaskExitError  port.o
    0x0801ad80   0x0801ad80   0x0000007e   Code   RO         9389    i.prvUnlockQueue    queue.o
    0x0801adfe   0x0801adfe   0x0000002a   Code   RO         9733    i.prvWriteNameToBuffer  tasks.o
    0x0801ae28   0x0801ae28   0x0000013c   Code   RO        10474    i.pvPortMalloc      heap_4.o
    0x0801af64   0x0801af64   0x00000020   Code   RO         9734    i.pvTaskIncrementMutexHeldCount  tasks.o
    0x0801af84   0x0801af84   0x00000034   Code   RO         1603    i.pwm_init          bsp_pwm.o
    0x0801afb8   0x0801afb8   0x00000064   Code   RO          985    i.pwm_task          pwm_task.o
    0x0801b01c   0x0801b01c   0x0000002c   Code   RO        10536    i.pxPortInitialiseStack  port.o
    0x0801b048   0x0801b048   0x0000006c   Code   RO          544    i.receive_data_solve  comunication.o
    0x0801b0b4   0x0801b0b4   0x0000019c   Code   RO        11537    i.recv_tcp          api_msg.o
    0x0801b250   0x0801b250   0x00000190   Code   RO        11538    i.recv_udp          api_msg.o
    0x0801b3e0   0x0801b3e0   0x000001c0   Code   RO         1167    i.rov_angle_loop_calc  rov_behaviour.o
    0x0801b5a0   0x0801b5a0   0x000000b0   Code   RO         1076    i.rov_control_loop  rov_movation_task.o
    0x0801b650   0x0801b650   0x000000f8   Code   RO         1168    i.rov_depth_loop_calc  rov_behaviour.o
    0x0801b748   0x0801b748   0x0000003a   Code   RO         1077    i.rov_feedback_update  rov_movation_task.o
    0x0801b782   0x0801b782   0x00000002   PAD
    0x0801b784   0x0801b784   0x00000134   Code   RO         1078    i.rov_init          rov_movation_task.o
    0x0801b8b8   0x0801b8b8   0x0000001a   Code   RO         1079    i.rov_mode_change_control_transit  rov_movation_task.o
    0x0801b8d2   0x0801b8d2   0x00000002   PAD
    0x0801b8d4   0x0801b8d4   0x00000074   Code   RO         1080    i.rov_movation_task  rov_movation_task.o
    0x0801b948   0x0801b948   0x00000014   Code   RO          632    i.rov_send_status   socket_send.o
    0x0801b95c   0x0801b95c   0x000001d8   Code   RO         1081    i.rov_set_contorl   rov_movation_task.o
    0x0801bb34   0x0801bb34   0x0000000e   Code   RO         1082    i.rov_set_mode      rov_movation_task.o
    0x0801bb42   0x0801bb42   0x0000006e   Code   RO         1083    i.rov_set_pids      rov_movation_task.o
    0x0801bbb0   0x0801bbb0   0x000000ca   Code   RO          633    i.rov_status_update  socket_send.o
    0x0801bc7a   0x0801bc7a   0x00000042   Code   RO         1084    i.rov_vector_to_thruster_speed  rov_movation_task.o
    0x0801bcbc   0x0801bcbc   0x00000028   Code   RO         1085    i.rov_vector_to_track_speed  rov_movation_task.o
    0x0801bce4   0x0801bce4   0x000000d8   Code   RO         1169    i.rov_vf_control_calc  rov_behaviour.o
    0x0801bdbc   0x0801bdbc   0x0000007c   Code   RO         1318    i.sampling_cpu_temprate  bsp_adc.o
    0x0801be38   0x0801be38   0x0000005c   Code   RO          545    i.send_data_pack    comunication.o
    0x0801be94   0x0801be94   0x000000e8   Code   RO        11539    i.sent_tcp          api_msg.o
    0x0801bf7c   0x0801bf7c   0x000001d4   Code   RO          764    i.server_receive_task  socket_receive.o
    0x0801c150   0x0801c150   0x00000240   Code   RO          634    i.server_send_task  socket_send.o
    0x0801c390   0x0801c390   0x0000000c   Code   RO         1604    i.servo_pwm_set     bsp_pwm.o
    0x0801c39c   0x0801c39c   0x00000044   Code   RO        11540    i.setup_tcp         api_msg.o
    0x0801c3e0   0x0801c3e0   0x00000038   Code   RO          635    i.socket_printf     socket_send.o
    0x0801c418   0x0801c418   0x0000005e   Code   RO        14266    i.sys_arch_mbox_fetch  sys_arch.o
    0x0801c476   0x0801c476   0x00000030   Code   RO        14267    i.sys_arch_mbox_tryfetch  sys_arch.o
    0x0801c4a6   0x0801c4a6   0x00000002   PAD
    0x0801c4a8   0x0801c4a8   0x00000018   Code   RO        14268    i.sys_arch_protect  sys_arch.o
    0x0801c4c0   0x0801c4c0   0x0000003e   Code   RO        14269    i.sys_arch_sem_wait  sys_arch.o
    0x0801c4fe   0x0801c4fe   0x00000002   PAD
    0x0801c500   0x0801c500   0x00000014   Code   RO        14270    i.sys_arch_unprotect  sys_arch.o
    0x0801c514   0x0801c514   0x0000007c   Code   RO        13479    i.sys_check_timeouts  timeouts.o
    0x0801c590   0x0801c590   0x00000018   Code   RO        14271    i.sys_init          sys_arch.o
    0x0801c5a8   0x0801c5a8   0x00000012   Code   RO        14272    i.sys_mbox_free     sys_arch.o
    0x0801c5ba   0x0801c5ba   0x00000002   PAD
    0x0801c5bc   0x0801c5bc   0x0000002c   Code   RO        14273    i.sys_mbox_new      sys_arch.o
    0x0801c5e8   0x0801c5e8   0x0000001a   Code   RO        14274    i.sys_mbox_post     sys_arch.o
    0x0801c602   0x0801c602   0x00000006   Code   RO        14275    i.sys_mbox_set_invalid  sys_arch.o
    0x0801c608   0x0801c608   0x0000001e   Code   RO        14276    i.sys_mbox_trypost  sys_arch.o
    0x0801c626   0x0801c626   0x0000000e   Code   RO        14277    i.sys_mbox_valid    sys_arch.o
    0x0801c634   0x0801c634   0x00000010   Code   RO        14279    i.sys_mutex_lock    sys_arch.o
    0x0801c644   0x0801c644   0x0000001e   Code   RO        14280    i.sys_mutex_new     sys_arch.o
    0x0801c662   0x0801c662   0x0000000c   Code   RO        14281    i.sys_mutex_unlock  sys_arch.o
    0x0801c66e   0x0801c66e   0x00000008   Code   RO         2526    i.sys_now           ethernetif.o
    0x0801c676   0x0801c676   0x0000000c   Code   RO        14282    i.sys_sem_free      sys_arch.o
    0x0801c682   0x0801c682   0x0000002c   Code   RO        14283    i.sys_sem_new       sys_arch.o
    0x0801c6ae   0x0801c6ae   0x00000006   Code   RO        14284    i.sys_sem_set_invalid  sys_arch.o
    0x0801c6b4   0x0801c6b4   0x0000000c   Code   RO        14285    i.sys_sem_signal    sys_arch.o
    0x0801c6c0   0x0801c6c0   0x0000000e   Code   RO        14286    i.sys_sem_valid     sys_arch.o
    0x0801c6ce   0x0801c6ce   0x00000036   Code   RO        14287    i.sys_thread_new    sys_arch.o
    0x0801c704   0x0801c704   0x00000188   Code   RO        13481    i.sys_timeout       timeouts.o
    0x0801c88c   0x0801c88c   0x00000034   Code   RO        13482    i.sys_timeouts_init  timeouts.o
    0x0801c8c0   0x0801c8c0   0x00000040   Code   RO        13483    i.sys_timeouts_mbox_fetch  timeouts.o
    0x0801c900   0x0801c900   0x00000038   Code   RO        13484    i.sys_timeouts_sleeptime  timeouts.o
    0x0801c938   0x0801c938   0x000000e8   Code   RO         1257    i.task_time_count_task  task_time_count.o
    0x0801ca20   0x0801ca20   0x0000019c   Code   RO        12988    i.tcp_abandon       tcp.o
    0x0801cbbc   0x0801cbbc   0x0000000e   Code   RO        12989    i.tcp_abort         tcp.o
    0x0801cbca   0x0801cbca   0x00000010   Code   RO        12990    i.tcp_accept        tcp.o
    0x0801cbda   0x0801cbda   0x00000014   Code   RO        12991    i.tcp_accept_null   tcp.o
    0x0801cbee   0x0801cbee   0x00000002   PAD
    0x0801cbf0   0x0801cbf0   0x000000b8   Code   RO        12992    i.tcp_alloc         tcp.o
    0x0801cca8   0x0801cca8   0x00000006   Code   RO        12993    i.tcp_arg           tcp.o
    0x0801ccae   0x0801ccae   0x00000002   PAD
    0x0801ccb0   0x0801ccb0   0x00000144   Code   RO        12994    i.tcp_bind          tcp.o
    0x0801cdf4   0x0801cdf4   0x0000001c   Code   RO        12995    i.tcp_close         tcp.o
    0x0801ce10   0x0801ce10   0x000001f4   Code   RO        12996    i.tcp_close_shutdown  tcp.o
    0x0801d004   0x0801d004   0x000000e4   Code   RO        12997    i.tcp_close_shutdown_fin  tcp.o
    0x0801d0e8   0x0801d0e8   0x00000150   Code   RO        13368    i.tcp_create_segment  tcp_out.o
    0x0801d238   0x0801d238   0x0000003a   Code   RO        13000    i.tcp_eff_send_mss_impl  tcp.o
    0x0801d272   0x0801d272   0x00000002   PAD
    0x0801d274   0x0801d274   0x00000294   Code   RO        13369    i.tcp_enqueue_flags  tcp_out.o
    0x0801d508   0x0801d508   0x000000ac   Code   RO        13001    i.tcp_err           tcp.o
    0x0801d5b4   0x0801d5b4   0x00000090   Code   RO        13002    i.tcp_fasttmr       tcp.o
    0x0801d644   0x0801d644   0x00000058   Code   RO        13284    i.tcp_getoptbyte    tcp_in.o
    0x0801d69c   0x0801d69c   0x00000002   Code   RO        13003    i.tcp_init          tcp.o
    0x0801d69e   0x0801d69e   0x00000002   PAD
    0x0801d6a0   0x0801d6a0   0x0000078c   Code   RO        13285    i.tcp_input         tcp_in.o
    0x0801de2c   0x0801de2c   0x0000004c   Code   RO        13286    i.tcp_input_delayed_close  tcp_in.o
    0x0801de78   0x0801de78   0x0000005a   Code   RO        13370    i.tcp_keepalive     tcp_out.o
    0x0801ded2   0x0801ded2   0x00000002   PAD
    0x0801ded4   0x0801ded4   0x00000058   Code   RO        13004    i.tcp_kill_prio     tcp.o
    0x0801df2c   0x0801df2c   0x000000d0   Code   RO        13005    i.tcp_kill_state    tcp.o
    0x0801dffc   0x0801dffc   0x0000003c   Code   RO        13006    i.tcp_kill_timewait  tcp.o
    0x0801e038   0x0801e038   0x000000d0   Code   RO        13007    i.tcp_listen_closed  tcp.o
    0x0801e108   0x0801e108   0x00000148   Code   RO        13287    i.tcp_listen_input  tcp_in.o
    0x0801e250   0x0801e250   0x0000015c   Code   RO        13009    i.tcp_listen_with_backlog_and_err  tcp.o
    0x0801e3ac   0x0801e3ac   0x00000054   Code   RO        13010    i.tcp_netif_ip_addr_changed  tcp.o
    0x0801e400   0x0801e400   0x0000002a   Code   RO        13011    i.tcp_netif_ip_addr_changed_pcblist  tcp.o
    0x0801e42a   0x0801e42a   0x00000010   Code   RO        13013    i.tcp_new_ip_type   tcp.o
    0x0801e43a   0x0801e43a   0x00000002   PAD
    0x0801e43c   0x0801e43c   0x00000068   Code   RO        13014    i.tcp_new_port      tcp.o
    0x0801e4a4   0x0801e4a4   0x00000020   Code   RO        13015    i.tcp_next_iss      tcp.o
    0x0801e4c4   0x0801e4c4   0x00000090   Code   RO        13288    i.tcp_oos_insert_segment  tcp_in.o
    0x0801e554   0x0801e554   0x00000320   Code   RO        13371    i.tcp_output        tcp_out.o
    0x0801e874   0x0801e874   0x00000124   Code   RO        13372    i.tcp_output_alloc_header  tcp_out.o
    0x0801e998   0x0801e998   0x000000c4   Code   RO        13373    i.tcp_output_segment  tcp_out.o
    0x0801ea5c   0x0801ea5c   0x0000009c   Code   RO        13289    i.tcp_parseopt      tcp_in.o
    0x0801eaf8   0x0801eaf8   0x00000100   Code   RO        13374    i.tcp_pbuf_prealloc  tcp_out.o
    0x0801ebf8   0x0801ebf8   0x00000048   Code   RO        13016    i.tcp_pcb_purge     tcp.o
    0x0801ec40   0x0801ec40   0x00000164   Code   RO        13017    i.tcp_pcb_remove    tcp.o
    0x0801eda4   0x0801eda4   0x000000a4   Code   RO        13018    i.tcp_poll          tcp.o
    0x0801ee48   0x0801ee48   0x000006d8   Code   RO        13290    i.tcp_process       tcp_in.o
    0x0801f520   0x0801f520   0x00000094   Code   RO        13019    i.tcp_process_refused_data  tcp.o
    0x0801f5b4   0x0801f5b4   0x00000d50   Code   RO        13291    i.tcp_receive       tcp_in.o
    0x08020304   0x08020304   0x000000ac   Code   RO        13020    i.tcp_recv          tcp.o
    0x080203b0   0x080203b0   0x0000002e   Code   RO        13021    i.tcp_recv_null     tcp.o
    0x080203de   0x080203de   0x00000002   PAD
    0x080203e0   0x080203e0   0x00000130   Code   RO        13022    i.tcp_recved        tcp.o
    0x08020510   0x08020510   0x00000018   Code   RO        13023    i.tcp_remove_listener  tcp.o
    0x08020528   0x08020528   0x00000062   Code   RO        13375    i.tcp_rexmit        tcp_out.o
    0x0802058a   0x0802058a   0x0000006e   Code   RO        13376    i.tcp_rexmit_fast   tcp_out.o
    0x080205f8   0x080205f8   0x00000042   Code   RO        13377    i.tcp_rexmit_rto    tcp_out.o
    0x0802063a   0x0802063a   0x00000002   PAD
    0x0802063c   0x0802063c   0x0000012c   Code   RO        13378    i.tcp_rst           tcp_out.o
    0x08020768   0x08020768   0x00000024   Code   RO        13024    i.tcp_seg_copy      tcp.o
    0x0802078c   0x0802078c   0x0000001a   Code   RO        13025    i.tcp_seg_free      tcp.o
    0x080207a6   0x080207a6   0x00000018   Code   RO        13026    i.tcp_segs_free     tcp.o
    0x080207be   0x080207be   0x00000076   Code   RO        13379    i.tcp_send_empty_ack  tcp_out.o
    0x08020834   0x08020834   0x0000004a   Code   RO        13380    i.tcp_send_fin      tcp_out.o
    0x0802087e   0x0802087e   0x00000002   PAD
    0x08020880   0x08020880   0x000000ac   Code   RO        13027    i.tcp_sent          tcp.o
    0x0802092c   0x0802092c   0x00000062   Code   RO        13029    i.tcp_shutdown      tcp.o
    0x0802098e   0x0802098e   0x00000002   PAD
    0x08020990   0x08020990   0x0000061c   Code   RO        13030    i.tcp_slowtmr       tcp.o
    0x08020fac   0x08020fac   0x00000038   Code   RO        13486    i.tcp_timer_needed  timeouts.o
    0x08020fe4   0x08020fe4   0x000000a4   Code   RO        13292    i.tcp_timewait_input  tcp_in.o
    0x08021088   0x08021088   0x00000024   Code   RO        13031    i.tcp_tmr           tcp.o
    0x080210ac   0x080210ac   0x00000014   Code   RO        13293    i.tcp_trigger_input_pcb_close  tcp_in.o
    0x080210c0   0x080210c0   0x0000016c   Code   RO          811    i.tcp_unpack_fifo_data  parse_task.o
    0x0802122c   0x0802122c   0x000000dc   Code   RO        13033    i.tcp_update_rcv_ann_wnd  tcp.o
    0x08021308   0x08021308   0x000007d8   Code   RO        13381    i.tcp_write         tcp_out.o
    0x08021ae0   0x08021ae0   0x0000017c   Code   RO        13382    i.tcp_write_checks  tcp_out.o
    0x08021c5c   0x08021c5c   0x000000de   Code   RO        13383    i.tcp_zero_window_probe  tcp_out.o
    0x08021d3a   0x08021d3a   0x00000002   PAD
    0x08021d3c   0x08021d3c   0x000000d4   Code   RO        12089    i.tcpip_callback_with_block  tcpip.o
    0x08021e10   0x08021e10   0x0000012c   Code   RO        12092    i.tcpip_init        tcpip.o
    0x08021f3c   0x08021f3c   0x000000cc   Code   RO        12093    i.tcpip_inpkt       tcpip.o
    0x08022008   0x08022008   0x00000030   Code   RO        12094    i.tcpip_input       tcpip.o
    0x08022038   0x08022038   0x00000020   Code   RO        12095    i.tcpip_send_msg_wait_sem  tcpip.o
    0x08022058   0x08022058   0x00000038   Code   RO        13487    i.tcpip_tcp_timer   timeouts.o
    0x08022090   0x08022090   0x00000130   Code   RO        12096    i.tcpip_thread      tcpip.o
    0x080221c0   0x080221c0   0x00000024   Code   RO          343    i.tem_hum_task      tem_hum_task.o
    0x080221e4   0x080221e4   0x0000009c   Code   RO         1170    i.track_turn_loop_calc  rov_behaviour.o
    0x08022280   0x08022280   0x00000030   Code   RO        11890    i.tryget_socket     sockets.o
    0x080222b0   0x080222b0   0x00000094   Code   RO        13562    i.udp_bind          udp.o
    0x08022344   0x08022344   0x00000002   Code   RO        13565    i.udp_init          udp.o
    0x08022346   0x08022346   0x00000002   PAD
    0x08022348   0x08022348   0x000001bc   Code   RO        13566    i.udp_input         udp.o
    0x08022504   0x08022504   0x00000048   Code   RO        13567    i.udp_input_local_match  udp.o
    0x0802254c   0x0802254c   0x00000030   Code   RO        13568    i.udp_netif_ip_addr_changed  udp.o
    0x0802257c   0x0802257c   0x0000001c   Code   RO        13569    i.udp_new           udp.o
    0x08022598   0x08022598   0x0000000e   Code   RO        13570    i.udp_new_ip_type   udp.o
    0x080225a6   0x080225a6   0x00000002   PAD
    0x080225a8   0x080225a8   0x00000058   Code   RO        13571    i.udp_new_port      udp.o
    0x08022600   0x08022600   0x00000006   Code   RO        13572    i.udp_recv          udp.o
    0x08022606   0x08022606   0x00000002   PAD
    0x08022608   0x08022608   0x00000044   Code   RO        13573    i.udp_remove        udp.o
    0x0802264c   0x0802264c   0x0000001e   Code   RO        13574    i.udp_send          udp.o
    0x0802266a   0x0802266a   0x0000003c   Code   RO        13575    i.udp_sendto        udp.o
    0x080226a6   0x080226a6   0x00000052   Code   RO        13576    i.udp_sendto_if     udp.o
    0x080226f8   0x080226f8   0x00000160   Code   RO        13577    i.udp_sendto_if_src  udp.o
    0x08022858   0x08022858   0x00000218   Code   RO         1464    i.usart1_tx_dma_init  bsp_usart.o
    0x08022a70   0x08022a70   0x0000063c   Code   RO         1465    i.usart3_init       bsp_usart.o
    0x080230ac   0x080230ac   0x000003ec   Code   RO         1466    i.usart3_tx_dma_enable  bsp_usart.o
    0x08023498   0x08023498   0x0000062c   Code   RO         1467    i.usart6_init       bsp_usart.o
    0x08023ac4   0x08023ac4   0x000003f4   Code   RO         1468    i.usart6_tx_dma_enable  bsp_usart.o
    0x08023eb8   0x08023eb8   0x00000028   Code   RO         9342    i.uxListRemove      list.o
    0x08023ee0   0x08023ee0   0x0000002a   Code   RO         9392    i.uxQueueMessagesWaiting  queue.o
    0x08023f0a   0x08023f0a   0x0000001e   Code   RO         9393    i.uxQueueMessagesWaitingFromISR  queue.o
    0x08023f28   0x08023f28   0x000000b8   Code   RO         9737    i.uxTaskGetSystemState  tasks.o
    0x08023fe0   0x08023fe0   0x0000001a   Code   RO         9343    i.vListInitialise   list.o
    0x08023ffa   0x08023ffa   0x00000006   Code   RO         9344    i.vListInitialiseItem  list.o
    0x08024000   0x08024000   0x00000034   Code   RO         9345    i.vListInsert       list.o
    0x08024034   0x08024034   0x00000018   Code   RO         9346    i.vListInsertEnd    list.o
    0x0802404c   0x0802404c   0x00000054   Code   RO        10538    i.vPortEnterCritical  port.o
    0x080240a0   0x080240a0   0x0000003c   Code   RO        10539    i.vPortExitCritical  port.o
    0x080240dc   0x080240dc   0x00000094   Code   RO        10475    i.vPortFree         heap_4.o
    0x08024170   0x08024170   0x00000068   Code   RO        10540    i.vPortSetupTimerInterrupt  port.o
    0x080241d8   0x080241d8   0x00000160   Code   RO        10541    i.vPortSuppressTicksAndSleep  port.o
    0x08024338   0x08024338   0x00000078   Code   RO        10542    i.vPortValidateInterruptPriority  port.o
    0x080243b0   0x080243b0   0x0000002c   Code   RO         9396    i.vQueueDelete      queue.o
    0x080243dc   0x080243dc   0x00000030   Code   RO         9398    i.vQueueUnregisterQueue  queue.o
    0x0802440c   0x0802440c   0x0000005c   Code   RO         9742    i.vTaskDelay        tasks.o
    0x08024468   0x08024468   0x00000084   Code   RO         9745    i.vTaskGetInfo      tasks.o
    0x080244ec   0x080244ec   0x000000d4   Code   RO         9746    i.vTaskGetRunTimeStats  tasks.o
    0x080245c0   0x080245c0   0x00000018   Code   RO         9747    i.vTaskInternalSetTimeOutState  tasks.o
    0x080245d8   0x080245d8   0x000000e0   Code   RO         9748    i.vTaskList         tasks.o
    0x080246b8   0x080246b8   0x0000000c   Code   RO         9749    i.vTaskMissedYield  tasks.o
    0x080246c4   0x080246c4   0x00000038   Code   RO         9751    i.vTaskPlaceOnEventList  tasks.o
    0x080246fc   0x080246fc   0x000000f4   Code   RO         9753    i.vTaskPriorityDisinheritAfterTimeout  tasks.o
    0x080247f0   0x080247f0   0x0000008c   Code   RO         9759    i.vTaskStartScheduler  tasks.o
    0x0802487c   0x0802487c   0x00000040   Code   RO         9760    i.vTaskStepTick     tasks.o
    0x080248bc   0x080248bc   0x00000010   Code   RO         9762    i.vTaskSuspendAll   tasks.o
    0x080248cc   0x080248cc   0x000000cc   Code   RO         9763    i.vTaskSwitchContext  tasks.o
    0x08024998   0x08024998   0x00000040   Code   RO         8958    i.verify_CRC16_check_sum  crc8_crc16.o
    0x080249d8   0x080249d8   0x0000002e   Code   RO         8959    i.verify_CRC8_check_sum  crc8_crc16.o
    0x08024a06   0x08024a06   0x00000002   PAD
    0x08024a08   0x08024a08   0x00000044   Code   RO          290    i.water_level_task  water_level_task.o
    0x08024a4c   0x08024a4c   0x00000168   Code   RO        10543    i.xPortStartScheduler  port.o
    0x08024bb4   0x08024bb4   0x00000022   Code   RO         9399    i.xQueueCreateMutex  queue.o
    0x08024bd6   0x08024bd6   0x00000058   Code   RO         9400    i.xQueueGenericCreate  queue.o
    0x08024c2e   0x08024c2e   0x00000002   PAD
    0x08024c30   0x08024c30   0x00000098   Code   RO         9401    i.xQueueGenericReset  queue.o
    0x08024cc8   0x08024cc8   0x000001a8   Code   RO         9402    i.xQueueGenericSend  queue.o
    0x08024e70   0x08024e70   0x000000f8   Code   RO         9403    i.xQueueGenericSendFromISR  queue.o
    0x08024f68   0x08024f68   0x000000e0   Code   RO         9404    i.xQueueGiveFromISR  queue.o
    0x08025048   0x08025048   0x00000168   Code   RO         9409    i.xQueueReceive     queue.o
    0x080251b0   0x080251b0   0x000000ca   Code   RO         9410    i.xQueueReceiveFromISR  queue.o
    0x0802527a   0x0802527a   0x00000002   PAD
    0x0802527c   0x0802527c   0x000001b8   Code   RO         9411    i.xQueueSemaphoreTake  queue.o
    0x08025434   0x08025434   0x0000008c   Code   RO         9764    i.xTaskCheckForTimeOut  tasks.o
    0x080254c0   0x080254c0   0x00000060   Code   RO         9765    i.xTaskCreate       tasks.o
    0x08025520   0x08025520   0x00000020   Code   RO         9769    i.xTaskGetSchedulerState  tasks.o
    0x08025540   0x08025540   0x0000000c   Code   RO         9770    i.xTaskGetTickCount  tasks.o
    0x0802554c   0x0802554c   0x00000014   Code   RO         9771    i.xTaskGetTickCountFromISR  tasks.o
    0x08025560   0x08025560   0x00000148   Code   RO         9772    i.xTaskIncrementTick  tasks.o
    0x080256a8   0x080256a8   0x000000c8   Code   RO         9775    i.xTaskPriorityDisinherit  tasks.o
    0x08025770   0x08025770   0x000000c8   Code   RO         9776    i.xTaskPriorityInherit  tasks.o
    0x08025838   0x08025838   0x0000009c   Code   RO         9777    i.xTaskRemoveFromEventList  tasks.o
    0x080258d4   0x080258d4   0x00000104   Code   RO         9778    i.xTaskResumeAll    tasks.o
    0x080259d8   0x080259d8   0x0000006c   Data   RO         1087    .constdata          rov_movation_task.o
    0x08025a44   0x08025a44   0x000000c8   Data   RO         2329    .constdata          freertos.o
    0x08025b0c   0x08025b0c   0x00000014   Data   RO         2451    .constdata          lwip.o
    0x08025b20   0x08025b20   0x00000020   Data   RO         2531    .constdata          ethernetif.o
    0x08025b40   0x08025b40   0x0000005c   Data   RO         4595    .constdata          stm32h7xx_hal_fdcan.o
    0x08025b9c   0x08025b9c   0x00000008   Data   RO         7819    .constdata          stm32h7xx_hal_dma.o
    0x08025ba4   0x08025ba4   0x00000010   Data   RO         8919    .constdata          system_stm32h7xx.o
    0x08025bb4   0x08025bb4   0x00000302   Data   RO         8960    .constdata          crc8_crc16.o
    0x08025eb6   0x08025eb6   0x0000000c   Data   RO        11185    .constdata          ethernet.o
    0x08025ec2   0x08025ec2   0x00000002   PAD
    0x08025ec4   0x08025ec4   0x00000044   Data   RO        11712    .constdata          err.o
    0x08025f08   0x08025f08   0x000000d0   Data   RO        12492    .constdata          memp.o
    0x08025fd8   0x08025fd8   0x00000050   Data   RO        13034    .constdata          tcp.o
    0x08026028   0x08026028   0x00000018   Data   RO        13488    .constdata          timeouts.o
    0x08026040   0x08026040   0x00000008   Data   RO        13944    .constdata          ip4_addr.o
    0x08026048   0x08026048   0x0000000c   Data   RO        14288    .constdata          sys_arch.o
    0x08026054   0x08026054   0x00000040   Data   RO        15103    .constdata          mc_w.l(ctype_c.o)
    0x08026094   0x08026094   0x00000074   Data   RO         2330    .conststring        freertos.o
    0x08026108   0x08026108   0x00000008   Data   RO         2452    .conststring        lwip.o
    0x08026110   0x08026110   0x00000006   Data   RO         2532    .conststring        ethernetif.o
    0x08026116   0x08026116   0x00000002   PAD
    0x08026118   0x08026118   0x00000041   Data   RO        12339    .conststring        init.o
    0x08026159   0x08026159   0x00000003   PAD
    0x0802615c   0x0802615c   0x00000075   Data   RO        13035    .conststring        tcp.o
    0x080261d1   0x080261d1   0x00000003   PAD
    0x080261d4   0x080261d4   0x00000055   Data   RO        13384    .conststring        tcp_out.o
    0x08026229   0x08026229   0x00000003   PAD
    0x0802622c   0x0802622c   0x00000041   Data   RO        13737    .conststring        etharp.o
    0x0802626d   0x0802626d   0x00000003   PAD
    0x08026270   0x08026270   0x00000020   Data   RO        15111    Region$$Table       anon$$obj.o


    Execution Region RW_IRAM2 (Exec base: 0x24000000, Load base: 0x08026290, Size: 0x00010060, Max: 0x00080000, ABSOLUTE, COMPRESSED[0x0000005c])

    Exec Addr    Load Addr    Size         Type   Attr      Idx    E Section Name        Object

    0x24000000   COMPRESSED   0x00000008   Data   RW           20    .data               imu_receive.o
    0x24000008   COMPRESSED   0x0000000c   Data   RW          291    .data               water_level_task.o
    0x24000014   COMPRESSED   0x00000008   Data   RW          344    .data               tem_hum_task.o
    0x2400001c   COMPRESSED   0x00000006   Data   RW          415    .data               depth_meter_receive.o
    0x24000022   COMPRESSED   0x00000002   PAD
    0x24000024   COMPRESSED   0x00000006   Data   RW          483    .data               altimeter_receive.o
    0x2400002a   COMPRESSED   0x00000012   Data   RW          547    .data               comunication.o
    0x2400003c   COMPRESSED   0x00000008   Data   RW          637    .data               socket_send.o
    0x24000044   COMPRESSED   0x00000001   Data   RW          813    .data               parse_task.o
    0x24000045   COMPRESSED   0x00000012   Data   RW         1017    .data               thruster.o
    0x24000057   COMPRESSED   0x00000001   PAD
    0x24000058   COMPRESSED   0x00000004   Data   RW         1171    .data               rov_behaviour.o
    0x2400005c   COMPRESSED   0x0000000a   Data   RW         1320    .data               bsp_adc.o
    0x24000066   COMPRESSED   0x00000002   PAD
    0x24000068   COMPRESSED   0x00000008   Data   RW         1530    .data               bsp_dac.o
    0x24000070   COMPRESSED   0x00000004   Data   RW         1565    .data               bsp_pulse.o
    0x24000074   COMPRESSED   0x00000004   Data   RW         1680    .data               bsp_timer.o
    0x24000078   COMPRESSED   0x00000024   Data   RW         1809    .data               oled.o
    0x2400009c   COMPRESSED   0x00000028   Data   RW         2331    .data               freertos.o
    0x240000c4   COMPRESSED   0x00000018   Data   RW         2453    .data               lwip.o
    0x240000dc   COMPRESSED   0x0000001c   Data   RW         2533    .data               ethernetif.o
    0x240000f8   COMPRESSED   0x00000009   Data   RW         8561    .data               stm32h7xx_hal.o
    0x24000101   COMPRESSED   0x00000003   PAD
    0x24000104   COMPRESSED   0x00000008   Data   RW         8920    .data               system_stm32h7xx.o
    0x2400010c   COMPRESSED   0x00000002   Data   RW         8961    .data               crc8_crc16.o
    0x2400010e   COMPRESSED   0x00000002   PAD
    0x24000110   COMPRESSED   0x00000044   Data   RW         9781    .data               tasks.o
    0x24000154   COMPRESSED   0x00000018   Data   RW        10480    .data               heap_4.o
    0x2400016c   COMPRESSED   0x00000018   Data   RW        10544    .data               port.o
    0x24000184   COMPRESSED   0x00000001   Data   RW        11541    .data               api_msg.o
    0x24000185   COMPRESSED   0x00000003   PAD
    0x24000188   COMPRESSED   0x00000008   Data   RW        11892    .data               sockets.o
    0x24000190   COMPRESSED   0x00000010   Data   RW        12098    .data               tcpip.o
    0x240001a0   COMPRESSED   0x00000010   Data   RW        12423    .data               mem.o
    0x240001b0   COMPRESSED   0x00000034   Data   RW        12493    .data               memp.o
    0x240001e4   COMPRESSED   0x00000009   Data   RW        12607    .data               netif.o
    0x240001ed   COMPRESSED   0x00000001   Data   RW        12761    .data               pbuf.o
    0x240001ee   COMPRESSED   0x00000002   PAD
    0x240001f0   COMPRESSED   0x00000020   Data   RW        13036    .data               tcp.o
    0x24000210   COMPRESSED   0x00000028   Data   RW        13295    .data               tcp_in.o
    0x24000238   COMPRESSED   0x0000000c   Data   RW        13489    .data               timeouts.o
    0x24000244   COMPRESSED   0x00000008   Data   RW        13578    .data               udp.o
    0x2400024c   COMPRESSED   0x00000001   Data   RW        13738    .data               etharp.o
    0x2400024d   COMPRESSED   0x00000001   PAD
    0x2400024e   COMPRESSED   0x00000002   Data   RW        13889    .data               ip4.o
    0x24000250   COMPRESSED   0x00000006   Data   RW        14013    .data               ip4_frag.o
    0x24000256   COMPRESSED   0x00000002   PAD
    0x24000258   COMPRESSED   0x00000008   Data   RW        14289    .data               sys_arch.o
    0x24000260   COMPRESSED   0x00000004   Data   RW        15059    .data               mc_w.l(stdout.o)
    0x24000264   COMPRESSED   0x00000004   Data   RW        15066    .data               mc_w.l(mvars.o)
    0x24000268   COMPRESSED   0x00000004   Data   RW        15071    .data               mc_w.l(errno.o)
    0x2400026c        -       0x000000dd   Zero   RW           19    .bss                imu_receive.o
    0x24000349        -       0x00000050   Zero   RW          414    .bss                depth_meter_receive.o
    0x24000399        -       0x0000004b   Zero   RW          482    .bss                altimeter_receive.o
    0x240003e4        -       0x000001e6   Zero   RW          546    .bss                comunication.o
    0x240005ca        -       0x00000066   Zero   RW          636    .bss                socket_send.o
    0x24000630        -       0x00000921   Zero   RW          812    .bss                parse_task.o
    0x24000f51   COMPRESSED   0x00000003   PAD
    0x24000f54        -       0x00000084   Zero   RW         1016    .bss                thruster.o
    0x24000fd8        -       0x0000032c   Zero   RW         1086    .bss                rov_movation_task.o
    0x24001304        -       0x0000001c   Zero   RW         1319    .bss                bsp_adc.o
    0x24001320        -       0x000008a0   Zero   RW         1807    .bss                oled.o
    0x24001bc0        -       0x00000140   Zero   RW         2102    .bss                adc.o
    0x24001d00        -       0x00000024   Zero   RW         2149    .bss                crc.o
    0x24001d24        -       0x00000104   Zero   RW         2191    .bss                dac.o
    0x24001e28        -       0x000000a0   Zero   RW         2284    .bss                fdcan.o
    0x24001ec8        -       0x00000110   Zero   RW         2400    .bss                i2c.o
    0x24001fd8        -       0x00000038   Zero   RW         2450    .bss                lwip.o
    0x24002010        -       0x00000190   Zero   RW         2530    .bss                ethernetif.o
    0x240021a0        -       0x00000140   Zero   RW         2681    .bss                tim.o
    0x240022e0        -       0x00000578   Zero   RW         2754    .bss                usart.o
    0x24002858        -       0x00000040   Zero   RW         2998    .bss                stm32h7xx_hal_timebase_tim.o
    0x24002898        -       0x00000040   Zero   RW         9412    .bss                queue.o
    0x240028d8        -       0x000000f0   Zero   RW         9780    .bss                tasks.o
    0x240029c8        -       0x00007800   Zero   RW        10479    .bss                heap_4.o
    0x2400a1c8        -       0x00000050   Zero   RW        11891    .bss                sockets.o
    0x2400a218        -       0x00000018   Zero   RW        12392    .bss                ip.o
    0x2400a230        -       0x00000c93   Zero   RW        12422    .bss                mem.o
    0x2400aec3        -       0x00003087   Zero   RW        12491    .bss                memp.o
    0x2400df4a   COMPRESSED   0x00000002   PAD
    0x2400df4c        -       0x00000010   Zero   RW        13294    .bss                tcp_in.o
    0x2400df5c        -       0x000000f0   Zero   RW        13736    .bss                etharp.o
    0x2400e04c        -       0x00000010   Zero   RW        13943    .bss                ip4_addr.o
    0x2400e05c   COMPRESSED   0x00000004   PAD
    0x2400e060        -       0x00002000   Zero   RW            1    STACK               startup_stm32h743xx.o



  Load Region LR$$.ARM.__AT_0x30040000 (Base: 0x30040000, Size: 0x00000000, Max: 0x00000060, ABSOLUTE)

    Execution Region ER$$.ARM.__AT_0x30040000 (Exec base: 0x30040000, Load base: 0x30040000, Size: 0x00000060, Max: 0x00000060, ABSOLUTE, UNINIT)

    Exec Addr    Load Addr    Size         Type   Attr      Idx    E Section Name        Object

    0x30040000        -       0x00000060   Zero   RW         2527    .ARM.__AT_0x30040000  ethernetif.o



  Load Region LR$$.ARM.__AT_0x30040060 (Base: 0x30040060, Size: 0x00000000, Max: 0x00000060, ABSOLUTE)

    Execution Region ER$$.ARM.__AT_0x30040060 (Exec base: 0x30040060, Load base: 0x30040060, Size: 0x00000060, Max: 0x00000060, ABSOLUTE, UNINIT)

    Exec Addr    Load Addr    Size         Type   Attr      Idx    E Section Name        Object

    0x30040060        -       0x00000060   Zero   RW         2528    .ARM.__AT_0x30040060  ethernetif.o



  Load Region LR$$.ARM.__AT_0x30040200 (Base: 0x30040200, Size: 0x00000000, Max: 0x00001800, ABSOLUTE)

    Execution Region ER$$.ARM.__AT_0x30040200 (Exec base: 0x30040200, Load base: 0x30040200, Size: 0x00001800, Max: 0x00001800, ABSOLUTE, UNINIT)

    Exec Addr    Load Addr    Size         Type   Attr      Idx    E Section Name        Object

    0x30040200        -       0x00001800   Zero   RW         2529    .ARM.__AT_0x30040200  ethernetif.o


==============================================================================

Image component sizes


      Code (inc. data)   RO Data    RW Data    ZI Data      Debug   Object Name

       532         50          0          0        320       2456   adc.o
      2204         66          0          6         75       3717   altimeter_receive.o
      3358       1726          0          0          0      35191   api_lib.o
      7574       2522          0          1          0      35781   api_msg.o
         0          0          0          0          0       1600   auth.o
       344         66          0         10         28       2914   bsp_adc.o
        64          6          0          0          0        550   bsp_can.o
       356         36          0          8          0       1444   bsp_dac.o
       144         36          0          0          0       1713   bsp_i2c.o
        40          0          0          0          0        483   bsp_init.o
       208         62          0          4          0       2116   bsp_pulse.o
        76         14          0          0          0       1400   bsp_pwm.o
        48         16          0          4          0      18569   bsp_timer.o
      5728        144          0          0          0       5260   bsp_usart.o
       900         26          0          0          0      27848   cmsis_os.o
       528         82          0         18        486       8500   comunication.o
       100         18          0          0         36       1415   crc.o
       282         20        770          2          0       5018   crc8_crc16.o
       360         40          0          0        260       1833   dac.o
        52         32          0          0          0        522   debug_info.o
        38          0          0          0          0       1114   def.o
      1320         72          0          6         80       5793   depth_meter_receive.o
       240          6          0          0          0        830   dma.o
        32          6         68          0          0       3499   err.o
      3720       1180         65          1        240      11991   etharp.o
       460        152         12          0          0       2698   ethernet.o
      1708        214         38         28       6736      56230   ethernetif.o
         0          0          0          0          0       9464   event_groups.o
       264         22          0          0        160       1659   fdcan.o
       314          0          0          0          0      10230   fifo.o
       576         56        316         40          0       4600   freertos.o
       324         14          0          0          0       1107   gpio.o
       692         62          0         24      30720       7231   heap_4.o
       488         58          0          0        272       2315   i2c.o
       932        350          0          0          0       4570   icmp.o
      1808         92          0          8        221    1184437   imu_receive.o
       160         92         65          0          0        572   init.o
         0          0          0          0         24       3022   ip.o
      1058        182          0          2          0       4984   ip4.o
       266          4          8          0         16       8734   ip4_addr.o
      3250       1040          0          6          0      12070   ip4_frag.o
       500          0          0          0          0       2774   lan8742.o
       148          0          0          0          0       3486   list.o
       610         46         28         24         56       1845   lwip.o
       914         62          0          0          0      42991   main.o
      2196        970          0         16       3219       5885   mem.o
      1128        720        208         52      12423      12240   memp.o
       412        238          0          0          0       2419   netbuf.o
       716        136          0          9          0      11555   netif.o
       132         34          0         36       2208       4039   oled.o
       404         28          0          1       2337    1380029   parse_task.o
      4254       1836          0          1          0      22716   pbuf.o
       592          8          0          0          0       1870   pid.o
      1430        120          0         24          0      13146   port.o
       100         10          0          0          0       1103   pwm_task.o
      2774         24          0          0         64      21956   queue.o
      1080         68          0          4          0       4799   rov_behaviour.o
      1386         76        108          0        812       7715   rov_movation_task.o
         0          0          0          0          0       3363   slipif.o
       468        180          0          0          0       2610   socket_receive.o
       974        230          0          8        102      16345   socket_send.o
      4628        932          0          8         80      36449   sockets.o
        36          8        664          0       8192        824   startup_stm32h743xx.o
       336         28          0          0          0       4213   sth31driver.o
       204         42          0          9          0      22649   stm32h7xx_hal.o
      3516        226          0          0          0      75478   stm32h7xx_hal_adc.o
       556         32          0          0          0      62749   stm32h7xx_hal_adc_ex.o
       450         38          0          0          0      40652   stm32h7xx_hal_cortex.o
       132          4          0          0          0       1099   stm32h7xx_hal_crc.o
       102          0          0          0          0       1187   stm32h7xx_hal_crc_ex.o
       876         30          0          0          0       7441   stm32h7xx_hal_dac.o
        64          0          0          0          0       3997   stm32h7xx_hal_dac_ex.o
      6268        124          8          0          0      11401   stm32h7xx_hal_dma.o
      4926         90          0          0          0      24059   stm32h7xx_hal_eth.o
      3496         52         92          0          0      21693   stm32h7xx_hal_fdcan.o
       532         52          0          0          0       2308   stm32h7xx_hal_gpio.o
      7346        170          0          0          0      33556   stm32h7xx_hal_i2c.o
       210          0          0          0          0       1911   stm32h7xx_hal_i2c_ex.o
        48          6          0          0          0        762   stm32h7xx_hal_msp.o
        96          6          0          0          0        753   stm32h7xx_hal_pwr_ex.o
      3416        112          0          0          0       7117   stm32h7xx_hal_rcc.o
      6172        174          0          0          0      10313   stm32h7xx_hal_rcc_ex.o
      2696        222          0          0          0      17917   stm32h7xx_hal_tim.o
       306         18          0          0          0       3844   stm32h7xx_hal_tim_ex.o
       136         18          0          0         64       1403   stm32h7xx_hal_timebase_tim.o
      6758        142          0          0          0       9465   stm32h7xx_hal_uart.o
       466         18          0          0          0       4337   stm32h7xx_hal_uart_ex.o
       260         90          0          0          0       9910   stm32h7xx_it.o
       610         26         12          8          0      18796   sys_arch.o
       168         22         16          8          0       1226   system_stm32h7xx.o
       232        108          0          0          0      12787   task_time_count.o
      4406        558          0         68        240      33639   tasks.o
      6760       2448        197         32          0      39011   tcp.o
      8068       1440          0         40         16      20463   tcp_in.o
      6006       1718         85          0          0      17139   tcp_out.o
      1100        564          0         16          0       7549   tcpip.o
        60         16          0          8          0       3535   tem_hum_task.o
       540         54          0         18        132       3944   thruster.o
      1200         80          0          0        320       5316   tim.o
       828        246         24         12          0       7196   timeouts.o
      1442        290          0          8          0      12773   udp.o
      1428        114          0          0       1400       4918   usart.o
       122         24          0         12          0       2490   water_level_task.o

    ----------------------------------------------------------------------
    147918      23692       2832        608      71348    3666635   Object Totals
         0          0         32          0          0          0   (incl. Generated)
       150          0         16         18          9          0   (incl. Padding)

    ----------------------------------------------------------------------

      Code (inc. data)   RO Data    RW Data    ZI Data      Debug   Library Member Name

        56         12          0          0          0        132   atof.o
        86          0          0          0          0          0   __dczerorl2.o
        64          0          0          0          0         84   _sgetc.o
        40          6         64          0          0         68   ctype_c.o
         0          0          0          0          0          0   entry.o
         0          0          0          0          0          0   entry10a.o
         0          0          0          0          0          0   entry11a.o
         8          4          0          0          0          0   entry2.o
         4          0          0          0          0          0   entry5.o
         0          0          0          0          0          0   entry7b.o
         0          0          0          0          0          0   entry8b.o
         8          4          0          0          0          0   entry9a.o
        24         12          0          4          0        136   errno.o
        30          0          0          0          0          0   handlers.o
        36          8          0          0          0         68   init.o
        10          0          0          0          0         68   isspace_c.o
         0          0          0          0          0          0   iusefp.o
        30          0          0          0          0         68   llshl.o
        36          0          0          0          0         68   llsshr.o
        32          0          0          0          0         68   llushr.o
        80          4          0          0          0         76   malloc.o
        26          0          0          0          0         80   memcmp.o
        36          0          0          0          0         68   memcpya.o
        36          0          0          0          0        108   memseta.o
         0          0          0          4          0          0   mvars.o
      2374        100          0          0          0        752   printfa.o
       878         12          0          0          0        216   scanf_fp.o
         0          0          0          4          0          0   stdout.o
        18          0          0          0          0         68   strcpy.o
        14          0          0          0          0         68   strlen.o
       156         12          0          0          0        120   strtod.o
        44          0          0          0          0         80   uidiv.o
        98          0          0          0          0         92   uldiv.o
        48          0          0          0          0         68   cdrcmple.o
        56          0          0          0          0         88   d2f.o
       334          0          0          0          0        148   dadd.o
       222          0          0          0          0        100   ddiv.o
       186          0          0          0          0        176   depilogue.o
        48          0          0          0          0         68   dfixul.o
        24          0          0          0          0         76   dfltul.o
       228          0          0          0          0         96   dmul.o
       110          0          0          0          0        168   fepilogue.o

    ----------------------------------------------------------------------
      5490        174         64         12          0       3476   Library Totals
        10          0          0          0          0          0   (incl. Padding)

    ----------------------------------------------------------------------

      Code (inc. data)   RO Data    RW Data    ZI Data      Debug   Library Name

        56         12          0          0          0        132   m_wv.l
      4168        162         64         12          0       2356   mc_w.l
      1256          0          0          0          0        988   mf_w.l

    ----------------------------------------------------------------------
      5490        174         64         12          0       3476   Library Totals

    ----------------------------------------------------------------------

==============================================================================


      Code (inc. data)   RO Data    RW Data    ZI Data      Debug   

    153408      23866       2896        620      71348    3593527   Grand Totals
    153408      23866       2896         92      71348    3593527   ELF Image Totals (compressed)
    153408      23866       2896         92          0          0   ROM Totals

==============================================================================

    Total RO  Size (Code + RO Data)               156304 ( 152.64kB)
    Total RW  Size (RW Data + ZI Data)             71968 (  70.28kB)
    Total ROM Size (Code + RO Data + RW Data)     156396 ( 152.73kB)

==============================================================================

