Component: ARM Compiler 5.06 update 6 (build 750) Tool: armlink [4d35ed]

==============================================================================

Section Cross References

    startup_stm32h743xx.o(RESET) refers to startup_stm32h743xx.o(STACK) for __initial_sp
    startup_stm32h743xx.o(RESET) refers to startup_stm32h743xx.o(.text) for Reset_Handler
    startup_stm32h743xx.o(RESET) refers to stm32h7xx_it.o(i.NMI_Handler) for NMI_Handler
    startup_stm32h743xx.o(RESET) refers to stm32h7xx_it.o(i.HardFault_Handler) for HardFault_Handler
    startup_stm32h743xx.o(RESET) refers to stm32h7xx_it.o(i.MemManage_Handler) for MemManage_Handler
    startup_stm32h743xx.o(RESET) refers to stm32h7xx_it.o(i.BusFault_Handler) for BusFault_Handler
    startup_stm32h743xx.o(RESET) refers to stm32h7xx_it.o(i.UsageFault_Handler) for UsageFault_Handler
    startup_stm32h743xx.o(RESET) refers to port.o(.emb_text) for SVC_Handler
    startup_stm32h743xx.o(RESET) refers to stm32h7xx_it.o(i.DebugMon_Handler) for DebugMon_Handler
    startup_stm32h743xx.o(RESET) refers to port.o(i.SysTick_Handler) for SysTick_Handler
    startup_stm32h743xx.o(RESET) refers to stm32h7xx_it.o(i.DMA1_Stream0_IRQHandler) for DMA1_Stream0_IRQHandler
    startup_stm32h743xx.o(RESET) refers to stm32h7xx_it.o(i.DMA1_Stream1_IRQHandler) for DMA1_Stream1_IRQHandler
    startup_stm32h743xx.o(RESET) refers to stm32h7xx_it.o(i.DMA1_Stream2_IRQHandler) for DMA1_Stream2_IRQHandler
    startup_stm32h743xx.o(RESET) refers to stm32h7xx_it.o(i.DMA1_Stream3_IRQHandler) for DMA1_Stream3_IRQHandler
    startup_stm32h743xx.o(RESET) refers to stm32h7xx_it.o(i.DMA1_Stream4_IRQHandler) for DMA1_Stream4_IRQHandler
    startup_stm32h743xx.o(RESET) refers to stm32h7xx_it.o(i.DMA1_Stream5_IRQHandler) for DMA1_Stream5_IRQHandler
    startup_stm32h743xx.o(RESET) refers to stm32h7xx_it.o(i.FDCAN1_IT0_IRQHandler) for FDCAN1_IT0_IRQHandler
    startup_stm32h743xx.o(RESET) refers to stm32h7xx_it.o(i.TIM1_UP_IRQHandler) for TIM1_UP_IRQHandler
    startup_stm32h743xx.o(RESET) refers to bsp_pulse.o(i.TIM2_IRQHandler) for TIM2_IRQHandler
    startup_stm32h743xx.o(RESET) refers to stm32h7xx_it.o(i.I2C1_EV_IRQHandler) for I2C1_EV_IRQHandler
    startup_stm32h743xx.o(RESET) refers to imu_receive.o(i.USART3_IRQHandler) for USART3_IRQHandler
    startup_stm32h743xx.o(RESET) refers to stm32h7xx_it.o(i.DMA1_Stream7_IRQHandler) for DMA1_Stream7_IRQHandler
    startup_stm32h743xx.o(RESET) refers to altimeter_receive.o(i.UART5_IRQHandler) for UART5_IRQHandler
    startup_stm32h743xx.o(RESET) refers to stm32h7xx_it.o(i.DMA2_Stream0_IRQHandler) for DMA2_Stream0_IRQHandler
    startup_stm32h743xx.o(RESET) refers to stm32h7xx_it.o(i.DMA2_Stream1_IRQHandler) for DMA2_Stream1_IRQHandler
    startup_stm32h743xx.o(RESET) refers to stm32h7xx_it.o(i.ETH_IRQHandler) for ETH_IRQHandler
    startup_stm32h743xx.o(RESET) refers to stm32h7xx_it.o(i.DMA2_Stream6_IRQHandler) for DMA2_Stream6_IRQHandler
    startup_stm32h743xx.o(RESET) refers to stm32h7xx_it.o(i.DMA2_Stream7_IRQHandler) for DMA2_Stream7_IRQHandler
    startup_stm32h743xx.o(RESET) refers to depth_meter_receive.o(i.USART6_IRQHandler) for USART6_IRQHandler
    startup_stm32h743xx.o(.text) refers to system_stm32h7xx.o(i.SystemInit) for SystemInit
    startup_stm32h743xx.o(.text) refers to entry.o(.ARM.Collect$$$$00000000) for __main
    imu_receive.o(i.IMU_Set_Cmd) refers to bsp_usart.o(i.usart3_tx_dma_enable) for usart3_tx_dma_enable
    imu_receive.o(i.IMU_Set_Cmd) refers to imu_receive.o(.data) for imu_tx_buf
    imu_receive.o(i.IMU_init) refers to bsp_usart.o(i.usart3_init) for usart3_init
    imu_receive.o(i.IMU_init) refers to imu_receive.o(i.IMU_Set_Cmd) for IMU_Set_Cmd
    imu_receive.o(i.IMU_init) refers to imu_receive.o(.bss) for imu_rx_buf
    imu_receive.o(i.USART3_IRQHandler) refers to imu_receive.o(i.SCB_InvalidateDCache_by_Addr) for SCB_InvalidateDCache_by_Addr
    imu_receive.o(i.USART3_IRQHandler) refers to imu_receive.o(i.imu_data_solve) for imu_data_solve
    imu_receive.o(i.USART3_IRQHandler) refers to usart.o(.bss) for huart3
    imu_receive.o(i.USART3_IRQHandler) refers to imu_receive.o(.bss) for imu_rx_buf
    imu_receive.o(i.USART3_IRQHandler) refers to imu_receive.o(.data) for this_time_rx_len
    imu_receive.o(i.get_imu_data_point) refers to imu_receive.o(.bss) for imu_data
    water_level_task.o(i.get_cpu_temperature) refers to water_level_task.o(.data) for cpu_temperature
    water_level_task.o(i.get_water_level_percentage) refers to water_level_task.o(.data) for waterlevel_percentage
    water_level_task.o(i.water_level_task) refers to cmsis_os.o(i.osDelay) for osDelay
    water_level_task.o(i.water_level_task) refers to bsp_adc.o(i.init_vrefint_reciprocal) for init_vrefint_reciprocal
    water_level_task.o(i.water_level_task) refers to bsp_adc.o(i.get_water_gage) for get_water_gage
    water_level_task.o(i.water_level_task) refers to water_level_task.o(i.calc_percentage) for calc_percentage
[...]
    0x080263cc   0x080263cc   0x00000002   Code   RO         4470    i.HAL_FDCAN_TxBufferCompleteCallback  stm32h7xx_hal_fdcan.o
    0x080263ce   0x080263ce   0x00000002   Code   RO         4471    i.HAL_FDCAN_TxEventFifoCallback  stm32h7xx_hal_fdcan.o
    0x080263d0   0x080263d0   0x00000002   Code   RO         4472    i.HAL_FDCAN_TxFifoEmptyCallback  stm32h7xx_hal_fdcan.o
    0x080263d2   0x080263d2   0x00000002   PAD
    0x080263d4   0x080263d4   0x00000208   Code   RO         7533    i.HAL_GPIO_Init     stm32h7xx_hal_gpio.o
    0x080265dc   0x080265dc   0x0000000c   Code   RO         7537    i.HAL_GPIO_WritePin  stm32h7xx_hal_gpio.o
    0x080265e8   0x080265e8   0x0000000c   Code   RO         8409    i.HAL_GetREVID      stm32h7xx_hal.o
    0x080265f4   0x080265f4   0x0000000c   Code   RO         8410    i.HAL_GetTick       stm32h7xx_hal.o
    0x08026600   0x08026600   0x0000006a   Code   RO         5448    i.HAL_I2CEx_ConfigAnalogFilter  stm32h7xx_hal_i2c_ex.o
    0x0802666a   0x0802666a   0x00000068   Code   RO         5449    i.HAL_I2CEx_ConfigDigitalFilter  stm32h7xx_hal_i2c_ex.o
    0x080266d2   0x080266d2   0x00000002   Code   RO         4991    i.HAL_I2C_AbortCpltCallback  stm32h7xx_hal_i2c.o
    0x080266d4   0x080266d4   0x00000002   Code   RO         4992    i.HAL_I2C_AddrCallback  stm32h7xx_hal_i2c.o
    0x080266d6   0x080266d6   0x0000001c   Code   RO         4996    i.HAL_I2C_EV_IRQHandler  stm32h7xx_hal_i2c.o
    0x080266f2   0x080266f2   0x00000002   Code   RO         4998    i.HAL_I2C_ErrorCallback  stm32h7xx_hal_i2c.o
    0x080266f4   0x080266f4   0x000000c4   Code   RO         5002    i.HAL_I2C_Init      stm32h7xx_hal_i2c.o
    0x080267b8   0x080267b8   0x00000002   Code   RO         5004    i.HAL_I2C_ListenCpltCallback  stm32h7xx_hal_i2c.o
    0x080267ba   0x080267ba   0x00000002   Code   RO         5005    i.HAL_I2C_MasterRxCpltCallback  stm32h7xx_hal_i2c.o
    0x080267bc   0x080267bc   0x00000038   Code   RO         1611    i.HAL_I2C_MasterTxCpltCallback  oled.o
    0x080267f4   0x080267f4   0x00000164   Code   RO         5008    i.HAL_I2C_Master_Receive  stm32h7xx_hal_i2c.o
    0x08026958   0x08026958   0x00000170   Code   RO         5009    i.HAL_I2C_Master_Receive_DMA  stm32h7xx_hal_i2c.o
    0x08026ac8   0x08026ac8   0x00000160   Code   RO         5015    i.HAL_I2C_Master_Transmit  stm32h7xx_hal_i2c.o
    0x08026c28   0x08026c28   0x00000170   Code   RO         5016    i.HAL_I2C_Master_Transmit_DMA  stm32h7xx_hal_i2c.o
    0x08026d98   0x08026d98   0x00000002   Code   RO         5018    i.HAL_I2C_MemRxCpltCallback  stm32h7xx_hal_i2c.o
    0x08026d9a   0x08026d9a   0x00000002   PAD
    0x08026d9c   0x08026d9c   0x0000004c   Code   RO         1612    i.HAL_I2C_MemTxCpltCallback  oled.o
    0x08026de8   0x08026de8   0x0000017c   Code   RO         5024    i.HAL_I2C_Mem_Write_DMA  stm32h7xx_hal_i2c.o
    0x08026f64   0x08026f64   0x00000138   Code   RO         2271    i.HAL_I2C_MspInit   i2c.o
    0x0802709c   0x0802709c   0x00000002   Code   RO         5028    i.HAL_I2C_SlaveRxCpltCallback  stm32h7xx_hal_i2c.o
    0x0802709e   0x0802709e   0x00000002   Code   RO         5029    i.HAL_I2C_SlaveTxCpltCallback  stm32h7xx_hal_i2c.o
    0x080270a0   0x080270a0   0x00000018   Code   RO         8416    i.HAL_IncTick       stm32h7xx_hal.o
    0x080270b8   0x080270b8   0x00000060   Code   RO         8417    i.HAL_Init          stm32h7xx_hal.o
    0x08027118   0x08027118   0x00000088   Code   RO         2873    i.HAL_InitTick      stm32h7xx_hal_timebase_tim.o
    0x080271a0   0x080271a0   0x0000005c   Code   RO         3879    i.HAL_MPU_ConfigRegion  stm32h7xx_hal_cortex.o
    0x080271fc   0x080271fc   0x0000002c   Code   RO         3880    i.HAL_MPU_Disable   stm32h7xx_hal_cortex.o
    0x08027228   0x08027228   0x00000040   Code   RO         3881    i.HAL_MPU_Enable    stm32h7xx_hal_cortex.o
    0x08027268   0x08027268   0x00000030   Code   RO         2849    i.HAL_MspInit       stm32h7xx_hal_msp.o
    0x08027298   0x08027298   0x00000020   Code   RO         3884    i.HAL_NVIC_EnableIRQ  stm32h7xx_hal_cortex.o
    0x080272b8   0x080272b8   0x0000007a   Code   RO         3890    i.HAL_NVIC_SetPriority  stm32h7xx_hal_cortex.o
    0x08027332   0x08027332   0x00000002   PAD
    0x08027334   0x08027334   0x00000028   Code   RO         3891    i.HAL_NVIC_SetPriorityGrouping  stm32h7xx_hal_cortex.o
    0x0802735c   0x0802735c   0x00000060   Code   RO         8134    i.HAL_PWREx_ConfigSupply  stm32h7xx_hal_pwr_ex.o
    0x080273bc   0x080273bc   0x00000030   Code   RO         7100    i.HAL_RCCEx_GetD1SysClockFreq  stm32h7xx_hal_rcc_ex.o
    0x080273ec   0x080273ec   0x00000024   Code   RO         7101    i.HAL_RCCEx_GetD3PCLK1Freq  stm32h7xx_hal_rcc_ex.o
    0x08027410   0x08027410   0x00000230   Code   RO         7102    i.HAL_RCCEx_GetPLL1ClockFreq  stm32h7xx_hal_rcc_ex.o
    0x08027640   0x08027640   0x00000230   Code   RO         7103    i.HAL_RCCEx_GetPLL2ClockFreq  stm32h7xx_hal_rcc_ex.o
    0x08027870   0x08027870   0x00000230   Code   RO         7104    i.HAL_RCCEx_GetPLL3ClockFreq  stm32h7xx_hal_rcc_ex.o
    0x08027aa0   0x08027aa0   0x0000032c   Code   RO         7106    i.HAL_RCCEx_GetPeriphCLKFreq  stm32h7xx_hal_rcc_ex.o
    0x08027dcc   0x08027dcc   0x00000b44   Code   RO         7108    i.HAL_RCCEx_PeriphCLKConfig  stm32h7xx_hal_rcc_ex.o
    0x08028910   0x08028910   0x00000300   Code   RO         6987    i.HAL_RCC_ClockConfig  stm32h7xx_hal_rcc.o
    0x08028c10   0x08028c10   0x0000006c   Code   RO         6991    i.HAL_RCC_GetClockConfig  stm32h7xx_hal_rcc.o
    0x08028c7c   0x08028c7c   0x00000030   Code   RO         6992    i.HAL_RCC_GetHCLKFreq  stm32h7xx_hal_rcc.o
    0x08028cac   0x08028cac   0x00000024   Code   RO         6994    i.HAL_RCC_GetPCLK1Freq  stm32h7xx_hal_rcc.o
    0x08028cd0   0x08028cd0   0x00000024   Code   RO         6995    i.HAL_RCC_GetPCLK2Freq  stm32h7xx_hal_rcc.o
    0x08028cf4   0x08028cf4   0x0000022c   Code   RO         6996    i.HAL_RCC_GetSysClockFreq  stm32h7xx_hal_rcc.o
    0x08028f20   0x08028f20   0x00000748   Code   RO         6999    i.HAL_RCC_OscConfig  stm32h7xx_hal_rcc.o
    0x08029668   0x08029668   0x00000014   Code   RO         8429    i.HAL_SYSCFG_ETHInterfaceSelect  stm32h7xx_hal.o
    0x0802967c   0x0802967c   0x00000002   Code   RO         6212    i.HAL_TIMEx_Break2Callback  stm32h7xx_hal_tim_ex.o
    0x0802967e   0x0802967e   0x00000002   Code   RO         6213    i.HAL_TIMEx_BreakCallback  stm32h7xx_hal_tim_ex.o
    0x08029680   0x08029680   0x00000002   Code   RO         6214    i.HAL_TIMEx_CommutCallback  stm32h7xx_hal_tim_ex.o
    0x08029682   0x08029682   0x00000002   PAD
    0x08029684   0x08029684   0x000000b4   Code   RO         6216    i.HAL_TIMEx_ConfigBreakDeadTime  stm32h7xx_hal_tim_ex.o
    0x08029738   0x08029738   0x00000078   Code   RO         6233    i.HAL_TIMEx_MasterConfigSynchronization  stm32h7xx_hal_tim_ex.o
    0x080297b0   0x080297b0   0x00000034   Code   RO         5504    i.HAL_TIM_Base_Init  stm32h7xx_hal_tim.o
    0x080297e4   0x080297e4   0x0000014c   Code   RO         2558    i.HAL_TIM_Base_MspInit  tim.o
    0x08029930   0x08029930   0x00000038   Code   RO         5507    i.HAL_TIM_Base_Start  stm32h7xx_hal_tim.o
    0x08029968   0x08029968   0x00000038   Code   RO         5509    i.HAL_TIM_Base_Start_IT  stm32h7xx_hal_tim.o
    0x080299a0   0x080299a0   0x00000130   Code   RO         5513    i.HAL_TIM_ConfigClockSource  stm32h7xx_hal_tim.o
    0x08029ad0   0x08029ad0   0x00000002   Code   RO         5535    i.HAL_TIM_IC_CaptureCallback  stm32h7xx_hal_tim.o
    0x08029ad2   0x08029ad2   0x000001b8   Code   RO         5549    i.HAL_TIM_IRQHandler  stm32h7xx_hal_tim.o
    0x08029c8a   0x08029c8a   0x00000002   PAD
    0x08029c8c   0x08029c8c   0x0000005c   Code   RO         2559    i.HAL_TIM_MspPostInit  tim.o
    0x08029ce8   0x08029ce8   0x00000002   Code   RO         5552    i.HAL_TIM_OC_DelayElapsedCallback  stm32h7xx_hal_tim.o
    0x08029cea   0x08029cea   0x00000174   Code   RO         5573    i.HAL_TIM_PWM_ConfigChannel  stm32h7xx_hal_tim.o
    0x08029e5e   0x08029e5e   0x00000034   Code   RO         5576    i.HAL_TIM_PWM_Init  stm32h7xx_hal_tim.o
    0x08029e92   0x08029e92   0x00000002   Code   RO         5578    i.HAL_TIM_PWM_MspInit  stm32h7xx_hal_tim.o
    0x08029e94   0x08029e94   0x00000002   Code   RO         5579    i.HAL_TIM_PWM_PulseFinishedCallback  stm32h7xx_hal_tim.o
    0x08029e96   0x08029e96   0x00000002   PAD
    0x08029e98   0x08029e98   0x00000088   Code   RO         5581    i.HAL_TIM_PWM_Start  stm32h7xx_hal_tim.o
    0x08029f20   0x08029f20   0x00000018   Code   RO         1790    i.HAL_TIM_PeriodElapsedCallback  main.o
    0x08029f38   0x08029f38   0x00000002   Code   RO         5592    i.HAL_TIM_TriggerCallback  stm32h7xx_hal_tim.o
    0x08029f3a   0x08029f3a   0x0000004e   Code   RO         6888    i.HAL_UARTEx_DisableFifoMode  stm32h7xx_hal_uart_ex.o
    0x08029f88   0x08029f88   0x00000058   Code   RO         6890    i.HAL_UARTEx_EnableFifoMode  stm32h7xx_hal_uart_ex.o
    0x08029fe0   0x08029fe0   0x0000005e   Code   RO         6893    i.HAL_UARTEx_SetRxFifoThreshold  stm32h7xx_hal_uart_ex.o
    0x0802a03e   0x0802a03e   0x0000005e   Code   RO         6894    i.HAL_UARTEx_SetTxFifoThreshold  stm32h7xx_hal_uart_ex.o
    0x0802a09c   0x0802a09c   0x00000078   Code   RO         6515    i.HAL_UART_Init     stm32h7xx_hal_uart.o
    0x0802a114   0x0802a114   0x000003c4   Code   RO         2624    i.HAL_UART_MspInit  usart.o
    0x0802a4d8   0x0802a4d8   0x000000d4   Code   RO         6524    i.HAL_UART_Transmit  stm32h7xx_hal_uart.o
    0x0802a5ac   0x0802a5ac   0x00000004   Code   RO         2716    i.HardFault_Handler  stm32h7xx_it.o
    0x0802a5b0   0x0802a5b0   0x00000010   Code   RO         2717    i.I2C1_EV_IRQHandler  stm32h7xx_it.o
    0x0802a5c0   0x0802a5c0   0x0000002e   Code   RO         5041    i.I2C_DMAAbort      stm32h7xx_hal_i2c.o
    0x0802a5ee   0x0802a5ee   0x00000002   PAD
    0x0802a5f0   0x0802a5f0   0x000001dc   Code   RO         5042    i.I2C_DMAError      stm32h7xx_hal_i2c.o
    0x0802a7cc   0x0802a7cc   0x0000005e   Code   RO         5043    i.I2C_DMAMasterReceiveCplt  stm32h7xx_hal_i2c.o
    0x0802a82a   0x0802a82a   0x0000005e   Code   RO         5044    i.I2C_DMAMasterTransmitCplt  stm32h7xx_hal_i2c.o
    0x0802a888   0x0802a888   0x00000078   Code   RO         5047    i.I2C_Disable_IRQ   stm32h7xx_hal_i2c.o
    0x0802a900   0x0802a900   0x0000008c   Code   RO         5048    i.I2C_Enable_IRQ    stm32h7xx_hal_i2c.o
    0x0802a98c   0x0802a98c   0x00000028   Code   RO         5049    i.I2C_Flush_TXDR    stm32h7xx_hal_i2c.o
    0x0802a9b4   0x0802a9b4   0x000000ca   Code   RO         5050    i.I2C_ITAddrCplt    stm32h7xx_hal_i2c.o
    0x0802aa7e   0x0802aa7e   0x00000002   PAD
    0x0802aa80   0x0802aa80   0x0000011c   Code   RO         5051    i.I2C_ITError       stm32h7xx_hal_i2c.o
    0x0802ab9c   0x0802ab9c   0x0000006c   Code   RO         5052    i.I2C_ITListenCplt  stm32h7xx_hal_i2c.o
    0x0802ac08   0x0802ac08   0x000000e8   Code   RO         5053    i.I2C_ITMasterCplt  stm32h7xx_hal_i2c.o
    0x0802acf0   0x0802acf0   0x00000062   Code   RO         5054    i.I2C_ITMasterSeqCplt  stm32h7xx_hal_i2c.o
    0x0802ad52   0x0802ad52   0x00000002   PAD
    0x0802ad54   0x0802ad54   0x000002c0   Code   RO         5055    i.I2C_ITSlaveCplt   stm32h7xx_hal_i2c.o
    0x0802b014   0x0802b014   0x00000062   Code   RO         5056    i.I2C_ITSlaveSeqCplt  stm32h7xx_hal_i2c.o
    0x0802b076   0x0802b076   0x00000002   PAD
    0x0802b078   0x0802b078   0x00000098   Code   RO         5057    i.I2C_IsAcknowledgeFailed  stm32h7xx_hal_i2c.o
    0x0802b110   0x0802b110   0x00000160   Code   RO         5058    i.I2C_Master_ISR_DMA  stm32h7xx_hal_i2c.o
    0x0802b270   0x0802b270   0x00000198   Code   RO         5059    i.I2C_Master_ISR_IT  stm32h7xx_hal_i2c.o
    0x0802b408   0x0802b408   0x0000007c   Code   RO         5061    i.I2C_RequestMemoryWrite  stm32h7xx_hal_i2c.o
    0x0802b484   0x0802b484   0x000002b8   Code   RO         5062    i.I2C_Slave_ISR_DMA  stm32h7xx_hal_i2c.o
    0x0802b73c   0x0802b73c   0x0000014c   Code   RO         5063    i.I2C_Slave_ISR_IT  stm32h7xx_hal_i2c.o
    0x0802b888   0x0802b888   0x00000034   Code   RO         5064    i.I2C_TransferConfig  stm32h7xx_hal_i2c.o
    0x0802b8bc   0x0802b8bc   0x0000005e   Code   RO         5065    i.I2C_WaitOnFlagUntilTimeout  stm32h7xx_hal_i2c.o
    0x0802b91a   0x0802b91a   0x00000002   PAD
    0x0802b91c   0x0802b91c   0x000000a0   Code   RO         5066    i.I2C_WaitOnRXNEFlagUntilTimeout  stm32h7xx_hal_i2c.o
    0x0802b9bc   0x0802b9bc   0x00000056   Code   RO         5067    i.I2C_WaitOnSTOPFlagUntilTimeout  stm32h7xx_hal_i2c.o
    0x0802ba12   0x0802ba12   0x0000005a   Code   RO         5068    i.I2C_WaitOnTXISFlagUntilTimeout  stm32h7xx_hal_i2c.o
    0x0802ba6c   0x0802ba6c   0x0000002c   Code   RO           13    i.IMU_Set_Cmd       imu_receive.o
    0x0802ba98   0x0802ba98   0x0000001c   Code   RO           14    i.IMU_init          imu_receive.o
    0x0802bab4   0x0802bab4   0x000000ea   Code   RO        10407    i.LAN8742_GetLinkState  lan8742.o
    0x0802bb9e   0x0802bb9e   0x000000dc   Code   RO        10408    i.LAN8742_Init      lan8742.o
    0x0802bc7a   0x0802bc7a   0x0000002e   Code   RO        10409    i.LAN8742_RegisterBusIO  lan8742.o
    0x0802bca8   0x0802bca8   0x00000010   Code   RO         3396    i.LL_ADC_Enable     stm32h7xx_hal_adc.o
    0x0802bcb8   0x0802bcb8   0x0000000a   Code   RO         3397    i.LL_ADC_GetMultiDMATransfer  stm32h7xx_hal_adc.o
    0x0802bcc2   0x0802bcc2   0x0000000a   Code   RO         3398    i.LL_ADC_GetMultimode  stm32h7xx_hal_adc.o
    0x0802bccc   0x0802bccc   0x0000000a   Code   RO         3399    i.LL_ADC_INJ_IsConversionOngoing  stm32h7xx_hal_adc.o
    0x0802bcd6   0x0802bcd6   0x0000000a   Code   RO         3400    i.LL_ADC_IsDisableOngoing  stm32h7xx_hal_adc.o
    0x0802bce0   0x0802bce0   0x0000000a   Code   RO         3401    i.LL_ADC_IsEnabled  stm32h7xx_hal_adc.o
    0x0802bcea   0x0802bcea   0x0000000a   Code   RO         3662    i.LL_ADC_IsEnabled  stm32h7xx_hal_adc_ex.o
    0x0802bcf4   0x0802bcf4   0x0000000a   Code   RO         3402    i.LL_ADC_IsInternalRegulatorEnabled  stm32h7xx_hal_adc.o
    0x0802bcfe   0x0802bcfe   0x0000000a   Code   RO         3403    i.LL_ADC_REG_IsConversionOngoing  stm32h7xx_hal_adc.o
    0x0802bd08   0x0802bd08   0x0000000a   Code   RO         3663    i.LL_ADC_REG_IsConversionOngoing  stm32h7xx_hal_adc_ex.o
    0x0802bd12   0x0802bd12   0x00000012   Code   RO         3404    i.LL_ADC_REG_IsTriggerSourceSWStart  stm32h7xx_hal_adc.o
    0x0802bd24   0x0802bd24   0x00000010   Code   RO         3405    i.LL_ADC_REG_StartConversion  stm32h7xx_hal_adc.o
    0x0802bd34   0x0802bd34   0x00000028   Code   RO         3407    i.LL_ADC_SetChannelSamplingTime  stm32h7xx_hal_adc.o
    0x0802bd5c   0x0802bd5c   0x0000000c   Code   RO         3408    i.LL_ADC_SetCommonPathInternalCh  stm32h7xx_hal_adc.o
    0x0802bd68   0x0802bd68   0x000000a0   Code   RO         1791    i.MPU_Config        main.o
    0x0802be08   0x0802be08   0x000000a4   Code   RO         1998    i.MX_ADC1_Init      adc.o
    0x0802beac   0x0802beac   0x00000088   Code   RO         1999    i.MX_ADC3_Init      adc.o
    0x0802bf34   0x0802bf34   0x00000034   Code   RO         2046    i.MX_CRC_Init       crc.o
    0x0802bf68   0x0802bf68   0x00000060   Code   RO         2088    i.MX_DAC1_Init      dac.o
    0x0802bfc8   0x0802bfc8   0x000000f0   Code   RO         2155    i.MX_DMA_Init       dma.o
    0x0802c0b8   0x0802c0b8   0x00000078   Code   RO         2181    i.MX_FDCAN1_Init    fdcan.o
    0x0802c130   0x0802c130   0x00000108   Code   RO         2221    i.MX_FREERTOS_Init  freertos.o
    0x0802c238   0x0802c238   0x00000144   Code   RO         1972    i.MX_GPIO_Init      gpio.o
    0x0802c37c   0x0802c37c   0x00000058   Code   RO         2272    i.MX_I2C1_Init      i2c.o
    0x0802c3d4   0x0802c3d4   0x00000058   Code   RO         2273    i.MX_I2C2_Init      i2c.o
    0x0802c42c   0x0802c42c   0x00000260   Code   RO         2318    i.MX_LWIP_Init      lwip.o
    0x0802c68c   0x0802c68c   0x0000006c   Code   RO         2560    i.MX_TIM2_Init      tim.o
    0x0802c6f8   0x0802c6f8   0x00000078   Code   RO         2561    i.MX_TIM3_Init      tim.o
    0x0802c770   0x0802c770   0x00000078   Code   RO         2562    i.MX_TIM4_Init      tim.o
    0x0802c7e8   0x0802c7e8   0x00000104   Code   RO         2563    i.MX_TIM8_Init      tim.o
    0x0802c8ec   0x0802c8ec   0x00000070   Code   RO         2625    i.MX_UART5_Init     usart.o
    0x0802c95c   0x0802c95c   0x0000006c   Code   RO         2626    i.MX_USART1_UART_Init  usart.o
    0x0802c9c8   0x0802c9c8   0x0000006c   Code   RO         2627    i.MX_USART3_UART_Init  usart.o
    0x0802ca34   0x0802ca34   0x0000006c   Code   RO         2628    i.MX_USART6_UART_Init  usart.o
    0x0802caa0   0x0802caa0   0x00000004   Code   RO         2718    i.MemManage_Handler  stm32h7xx_it.o
    0x0802caa4   0x0802caa4   0x00000002   Code   RO         2719    i.NMI_Handler       stm32h7xx_it.o
    0x0802caa6   0x0802caa6   0x00000002   PAD
    0x0802caa8   0x0802caa8   0x000001f0   Code   RO        10365    i.PID_calc          pid.o
    0x0802cc98   0x0802cc98   0x00000060   Code   RO        10367    i.PID_init          pid.o
    0x0802ccf8   0x0802ccf8   0x00000024   Code   RO         1503    i.Pulse_Fb_Init     bsp_pulse.o
    0x0802cd1c   0x0802cd1c   0x00000164   Code   RO         7111    i.RCCEx_PLL2_Config  stm32h7xx_hal_rcc_ex.o
    0x0802ce80   0x0802ce80   0x00000164   Code   RO         7112    i.RCCEx_PLL3_Config  stm32h7xx_hal_rcc_ex.o
    0x0802cfe4   0x0802cfe4   0x0000009c   Code   RO         1792    i.SCB_EnableDCache  main.o
    0x0802d080   0x0802d080   0x0000007c   Code   RO         1793    i.SCB_EnableICache  main.o
    0x0802d0fc   0x0802d0fc   0x0000004c   Code   RO           15    i.SCB_InvalidateDCache_by_Addr  imu_receive.o
    0x0802d148   0x0802d148   0x0000004c   Code   RO          409    i.SCB_InvalidateDCache_by_Addr  depth_meter_receive.o
    0x0802d194   0x0802d194   0x0000004c   Code   RO          477    i.SCB_InvalidateDCache_by_Addr  altimeter_receive.o
    0x0802d1e0   0x0802d1e0   0x0000004c   Code   RO         2401    i.SCB_InvalidateDCache_by_Addr  ethernetif.o
    0x0802d22c   0x0802d22c   0x0000009c   Code   RO         1738    i.SHT31_Dat_To_Float  sth31driver.o
    0x0802d2c8   0x0802d2c8   0x00000010   Code   RO         1739    i.SHT31_Init        sth31driver.o
    0x0802d2d8   0x0802d2d8   0x00000030   Code   RO         1740    i.SHT31_Read_Dat    sth31driver.o
    0x0802d308   0x0802d308   0x00000024   Code   RO         1741    i.SHT31_Send_Cmd    sth31driver.o
    0x0802d32c   0x0802d32c   0x00000012   Code   RO         1742    i.SHT31_reset       sth31driver.o
    0x0802d33e   0x0802d33e   0x0000000a   Code   RO         2222    i.StartDefaultTask  freertos.o
    0x0802d348   0x0802d348   0x00000034   Code   RO        10286    i.SysTick_Handler   port.o
    0x0802d37c   0x0802d37c   0x00000130   Code   RO         1794    i.SystemClock_Config  main.o
    0x0802d4ac   0x0802d4ac   0x000000a8   Code   RO         8796    i.SystemInit        system_stm32h7xx.o
    0x0802d554   0x0802d554   0x00000010   Code   RO         2720    i.TIM1_UP_IRQHandler  stm32h7xx_it.o
    0x0802d564   0x0802d564   0x00000094   Code   RO         1504    i.TIM2_IRQHandler   bsp_pulse.o
    0x0802d5f8   0x0802d5f8   0x000000cc   Code   RO         5594    i.TIM_Base_SetConfig  stm32h7xx_hal_tim.o
    0x0802d6c4   0x0802d6c4   0x00000022   Code   RO         5595    i.TIM_CCxChannelCmd  stm32h7xx_hal_tim.o
    0x0802d6e6   0x0802d6e6   0x00000016   Code   RO         5605    i.TIM_ETR_SetConfig  stm32h7xx_hal_tim.o
    0x0802d6fc   0x0802d6fc   0x00000018   Code   RO         5606    i.TIM_ITRx_SetConfig  stm32h7xx_hal_tim.o
    0x0802d714   0x0802d714   0x000000ac   Code   RO         5607    i.TIM_OC1_SetConfig  stm32h7xx_hal_tim.o
    0x0802d7c0   0x0802d7c0   0x000000b4   Code   RO         5608    i.TIM_OC2_SetConfig  stm32h7xx_hal_tim.o
    0x0802d874   0x0802d874   0x000000b0   Code   RO         5609    i.TIM_OC3_SetConfig  stm32h7xx_hal_tim.o
    0x0802d924   0x0802d924   0x00000070   Code   RO         5610    i.TIM_OC4_SetConfig  stm32h7xx_hal_tim.o
    0x0802d994   0x0802d994   0x0000006c   Code   RO         5611    i.TIM_OC5_SetConfig  stm32h7xx_hal_tim.o
    0x0802da00   0x0802da00   0x0000006c   Code   RO         5612    i.TIM_OC6_SetConfig  stm32h7xx_hal_tim.o
    0x0802da6c   0x0802da6c   0x00000026   Code   RO         5614    i.TIM_TI1_ConfigInputStage  stm32h7xx_hal_tim.o
    0x0802da92   0x0802da92   0x00000028   Code   RO         5616    i.TIM_TI2_ConfigInputStage  stm32h7xx_hal_tim.o
    0x0802daba   0x0802daba   0x00000020   Code   RO         1013    i.Thruster_Init     thruster.o
    0x0802dada   0x0802dada   0x00000002   PAD
    0x0802dadc   0x0802dadc   0x0000011c   Code   RO         1469    i.Track_Motor_Ctrl  bsp_dac.o
    0x0802dbf8   0x0802dbf8   0x00000048   Code   RO         1470    i.Track_Motor_Init  bsp_dac.o
    0x0802dc40   0x0802dc40   0x000007ec   Code   RO          478    i.UART5_IRQHandler  altimeter_receive.o
    0x0802e42c   0x0802e42c   0x00000070   Code   RO         6898    i.UARTEx_SetNbDataToProcess  stm32h7xx_hal_uart_ex.o
    0x0802e49c   0x0802e49c   0x000000f8   Code   RO         6529    i.UART_AdvFeatureConfig  stm32h7xx_hal_uart.o
    0x0802e594   0x0802e594   0x00000074   Code   RO         6530    i.UART_CheckIdleState  stm32h7xx_hal_uart.o
    0x0802e608   0x0802e608   0x000016f0   Code   RO         6548    i.UART_SetConfig    stm32h7xx_hal_uart.o
    0x0802fcf8   0x0802fcf8   0x000000be   Code   RO         6553    i.UART_WaitOnFlagUntilTimeout  stm32h7xx_hal_uart.o
    0x0802fdb6   0x0802fdb6   0x00000002   PAD
    0x0802fdb8   0x0802fdb8   0x00000460   Code   RO           16    i.USART3_IRQHandler  imu_receive.o
    0x08030218   0x08030218   0x00000464   Code   RO          410    i.USART6_IRQHandler  depth_meter_receive.o
    0x0803067c   0x0803067c   0x00000004   Code   RO         2721    i.UsageFault_Handler  stm32h7xx_it.o
    0x08030680   0x08030680   0x00000020   Code   RO        14750    i.__0printf         mc_w.l(printfa.o)
    0x080306a0   0x080306a0   0x00000028   Code   RO        14752    i.__0sprintf        mc_w.l(printfa.o)
    0x080306c8   0x080306c8   0x0000002c   Code   RO        14755    i.__0vsnprintf      mc_w.l(printfa.o)
    0x080306f4   0x080306f4   0x00000010   Code   RO         3897    i.__NVIC_GetPriorityGrouping  stm32h7xx_hal_cortex.o
    0x08030704   0x08030704   0x00000028   Code   RO         3898    i.__NVIC_SetPriority  stm32h7xx_hal_cortex.o
    0x0803072c   0x0803072c   0x00000006   Code   RO         8893    i.__get_PRIMASK     fifo.o
    0x08030732   0x08030732   0x00000006   PAD
    0x08030738   0x08030738   0x00000038   Code   RO        14492    i.__hardfp_atof     m_wv.l(atof.o)
    0x08030770   0x08030770   0x0000000c   Code   RO        14830    i.__read_errno      mc_w.l(errno.o)
    0x0803077c   0x0803077c   0x0000000e   Code   RO        14874    i.__scatterload_copy  mc_w.l(handlers.o)
    0x0803078a   0x0803078a   0x00000002   Code   RO        14875    i.__scatterload_null  mc_w.l(handlers.o)
    0x0803078c   0x0803078c   0x0000000e   Code   RO        14876    i.__scatterload_zeroinit  mc_w.l(handlers.o)
    0x0803079a   0x0803079a   0x00000006   Code   RO         8894    i.__set_PRIMASK     fifo.o
    0x080307a0   0x080307a0   0x0000000c   Code   RO        14831    i.__set_errno       mc_w.l(errno.o)
    0x080307ac   0x080307ac   0x00000184   Code   RO        14757    i._fp_digits        mc_w.l(printfa.o)
    0x08030930   0x08030930   0x0000000e   Code   RO        14857    i._is_digit         mc_w.l(scanf_fp.o)
    0x0803093e   0x0803093e   0x00000002   PAD
    0x08030940   0x08030940   0x000006dc   Code   RO        14758    i._printf_core      mc_w.l(printfa.o)
    0x0803101c   0x0803101c   0x00000024   Code   RO        14759    i._printf_post_padding  mc_w.l(printfa.o)
    0x08031040   0x08031040   0x0000002e   Code   RO        14760    i._printf_pre_padding  mc_w.l(printfa.o)
    0x0803106e   0x0803106e   0x00000016   Code   RO        14761    i._snputc           mc_w.l(printfa.o)
    0x08031084   0x08031084   0x0000000a   Code   RO        14762    i._sputc            mc_w.l(printfa.o)
    0x0803108e   0x0803108e   0x00000002   PAD
    0x08031090   0x08031090   0x000000f0   Code   RO        11265    i.accept_function   api_msg.o
    0x08031180   0x08031180   0x0000004c   Code   RO         1256    i.adcx_get_chx_value  bsp_adc.o
    0x080311cc   0x080311cc   0x000000b0   Code   RO        11617    i.alloc_socket      sockets.o
    0x0803127c   0x0803127c   0x00000058   Code   RO          479    i.altimeter_data_solve  altimeter_receive.o
    0x080312d4   0x080312d4   0x00000030   Code   RO         8832    i.append_CRC16_check_sum  crc8_crc16.o
    0x08031304   0x08031304   0x00000024   Code   RO         8833    i.append_CRC8_check_sum  crc8_crc16.o
    0x08031328   0x08031328   0x0000000c   Code   RO         1543    i.bright_pwm_set    bsp_pwm.o
    0x08031334   0x08031334   0x00000048   Code   RO         1330    i.bsp_I2C_master_receive  bsp_i2c.o
    0x0803137c   0x0803137c   0x00000048   Code   RO         1331    i.bsp_I2C_master_transmit  bsp_i2c.o
    0x080313c4   0x080313c4   0x00000024   Code   RO         1580    i.bsp_init          bsp_init.o
    0x080313e8   0x080313e8   0x00000012   Code   RO          286    i.calc_percentage   water_level_task.o
    0x080313fa   0x080313fa   0x00000002   PAD
    0x080313fc   0x080313fc   0x00000040   Code   RO         1302    i.can_filter_init   bsp_can.o
    0x0803143c   0x0803143c   0x0000001c   Code   RO        13237    i.cyclic_timer      timeouts.o
    0x08031458   0x08031458   0x00000034   Code   RO         1229    i.debug_info_task   debug_info.o
    0x0803148c   0x0803148c   0x00000034   Code   RO          411    i.depth_data_solve  depth_meter_receive.o
    0x080314c0   0x080314c0   0x000000bc   Code   RO        12242    i.do_memp_free_pool  memp.o
    0x0803157c   0x0803157c   0x000000c8   Code   RO        12243    i.do_memp_malloc_pool  memp.o
    0x08031644   0x08031644   0x0000022c   Code   RO        11266    i.err_tcp           api_msg.o
    0x08031870   0x08031870   0x00000020   Code   RO        11460    i.err_to_errno      err.o
    0x08031890   0x08031890   0x00000038   Code   RO        13481    i.etharp_cleanup_netif  etharp.o
    0x080318c8   0x080318c8   0x000002e0   Code   RO        13483    i.etharp_find_entry  etharp.o
    0x08031ba8   0x08031ba8   0x00000040   Code   RO        13484    i.etharp_free_entry  etharp.o
    0x08031be8   0x08031be8   0x0000013c   Code   RO        13486    i.etharp_input      etharp.o
    0x08031d24   0x08031d24   0x00000204   Code   RO        13487    i.etharp_output     etharp.o
    0x08031f28   0x08031f28   0x00000168   Code   RO        13488    i.etharp_output_to_arp_index  etharp.o
    0x08032090   0x08032090   0x00000284   Code   RO        13489    i.etharp_query      etharp.o
    0x08032314   0x08032314   0x00000188   Code   RO        13490    i.etharp_raw        etharp.o
    0x0803249c   0x0803249c   0x00000018   Code   RO        13491    i.etharp_request    etharp.o
    0x080324b4   0x080324b4   0x0000002c   Code   RO        13492    i.etharp_request_dst  etharp.o
    0x080324e0   0x080324e0   0x000000dc   Code   RO        13493    i.etharp_tmr        etharp.o
    0x080325bc   0x080325bc   0x0000015c   Code   RO        13494    i.etharp_update_arp_entry  etharp.o
    0x08032718   0x08032718   0x000000c8   Code   RO        10929    i.ethernet_input    ethernet.o
    0x080327e0   0x080327e0   0x00000002   Code   RO         2319    i.ethernet_link_status_updated  lwip.o
    0x080327e2   0x080327e2   0x00000002   PAD
    0x080327e4   0x080327e4   0x000000c8   Code   RO         2402    i.ethernet_link_thread  ethernetif.o
    0x080328ac   0x080328ac   0x00000104   Code   RO        10930    i.ethernet_output   ethernet.o
    0x080329b0   0x080329b0   0x00000090   Code   RO         2403    i.ethernetif_init   ethernetif.o
    0x08032a40   0x08032a40   0x0000004c   Code   RO         2404    i.ethernetif_input  ethernetif.o
    0x08032a8c   0x08032a8c   0x00000228   Code   RO        11618    i.event_callback    sockets.o
    0x08032cb4   0x08032cb4   0x0000002a   Code   RO         8910    i.fifo_s_flush      fifo.o
    0x08032cde   0x08032cde   0x0000003a   Code   RO         8912    i.fifo_s_get        fifo.o
    0x08032d18   0x08032d18   0x00000016   Code   RO         8915    i.fifo_s_init       fifo.o
    0x08032d2e   0x08032d2e   0x0000000e   Code   RO         8917    i.fifo_s_isfull     fifo.o
    0x08032d3c   0x08032d3c   0x000000a0   Code   RO         8921    i.fifo_s_puts       fifo.o
    0x08032ddc   0x08032ddc   0x00000006   Code   RO         8923    i.fifo_s_used       fifo.o
    0x08032de2   0x08032de2   0x00000002   PAD
    0x08032de4   0x08032de4   0x0000001c   Code   RO         2631    i.fputc             usart.o
    0x08032e00   0x08032e00   0x00000050   Code   RO        14778    i.free              mc_w.l(malloc.o)
    0x08032e50   0x08032e50   0x0000003c   Code   RO        11619    i.free_socket       sockets.o
    0x08032e8c   0x08032e8c   0x00000034   Code   RO         8834    i.get_CRC16_check_sum  crc8_crc16.o
    0x08032ec0   0x08032ec0   0x00000024   Code   RO         8835    i.get_CRC8_check_sum  crc8_crc16.o
    0x08032ee4   0x08032ee4   0x0000000c   Code   RO          340    i.get_cabin_humidity  tem_hum_task.o
    0x08032ef0   0x08032ef0   0x0000000c   Code   RO          341    i.get_cabin_temperature  tem_hum_task.o
    0x08032efc   0x08032efc   0x0000000c   Code   RO          287    i.get_cpu_temperature  water_level_task.o
    0x08032f08   0x08032f08   0x00000018   Code   RO         1505    i.get_crawler_motor_speed  bsp_pulse.o
    0x08032f20   0x08032f20   0x00000008   Code   RO          536    i.get_ctrl_cmd      comunication.o
    0x08032f28   0x08032f28   0x00000008   Code   RO          412    i.get_depth_data_point  depth_meter_receive.o
    0x08032f30   0x08032f30   0x0000000c   Code   RO          480    i.get_height_data   altimeter_receive.o
    0x08032f3c   0x08032f3c   0x00000008   Code   RO           17    i.get_imu_data_point  imu_receive.o
    0x08032f44   0x08032f44   0x000000d4   Code   RO          537    i.get_pids          comunication.o
    0x08033018   0x08033018   0x00000008   Code   RO          538    i.get_pos_ctrl_cmd  comunication.o
    0x08033020   0x08033020   0x0000000c   Code   RO         1165    i.get_rov_behaviour  rov_behaviour.o
    0x0803302c   0x0803302c   0x00000044   Code   RO        11620    i.get_socket        sockets.o
    0x08033070   0x08033070   0x00000008   Code   RO          540    i.get_text_buffer   comunication.o
    0x08033078   0x08033078   0x00000018   Code   RO         1014    i.get_thruster_measure_point  thruster.o
    0x08033090   0x08033090   0x0000005c   Code   RO         1257    i.get_water_gage    bsp_adc.o
    0x080330ec   0x080330ec   0x00000018   Code   RO          288    i.get_water_level_percentage  water_level_task.o
    0x08033104   0x08033104   0x00000012   Code   RO        13581    i.icmp_dest_unreach  icmp.o
    0x08033116   0x08033116   0x00000002   PAD
    0x08033118   0x08033118   0x00000268   Code   RO        13582    i.icmp_input        icmp.o
    0x08033380   0x08033380   0x00000118   Code   RO        13583    i.icmp_send_response  icmp.o
    0x08033498   0x08033498   0x00000012   Code   RO        13584    i.icmp_time_exceeded  icmp.o
    0x080334aa   0x080334aa   0x00000002   PAD
    0x080334ac   0x080334ac   0x00000214   Code   RO           18    i.imu_data_solve    imu_receive.o
    0x080336c0   0x080336c0   0x00000010   Code   RO         9855    i.inHandlerMode     cmsis_os.o
    0x080336d0   0x080336d0   0x00000034   Code   RO          541    i.init_recieve_struct_data  comunication.o
    0x08033704   0x08033704   0x00000028   Code   RO          542    i.init_send_struct_data  comunication.o
    0x0803372c   0x0803372c   0x00000034   Code   RO         1258    i.init_vrefint_reciprocal  bsp_adc.o
    0x08033760   0x08033760   0x0000004e   Code   RO        13696    i.ip4_addr_isbroadcast_u32  ip4_addr.o
    0x080337ae   0x080337ae   0x00000002   PAD
    0x080337b0   0x080337b0   0x000002c8   Code   RO        13761    i.ip4_frag          ip4_frag.o
    0x08033a78   0x08033a78   0x000001cc   Code   RO        13643    i.ip4_input         ip4.o
    0x08033c44   0x08033c44   0x00000036   Code   RO        13645    i.ip4_output_if     ip4.o
    0x08033c7a   0x08033c7a   0x00000002   PAD
    0x08033c7c   0x08033c7c   0x00000190   Code   RO        13646    i.ip4_output_if_src  ip4.o
    0x08033e0c   0x08033e0c   0x000001d8   Code   RO        13762    i.ip4_reass         ip4_frag.o
    0x08033fe4   0x08033fe4   0x00000090   Code   RO        13647    i.ip4_route         ip4.o
    0x08034074   0x08034074   0x00000014   Code   RO        13699    i.ip4addr_ntoa      ip4_addr.o
    0x08034088   0x08034088   0x000000a8   Code   RO        13700    i.ip4addr_ntoa_r    ip4_addr.o
    0x08034130   0x08034130   0x0000000a   Code   RO        13763    i.ip_frag_alloc_pbuf_custom_ref  ip4_frag.o
    0x0803413a   0x0803413a   0x00000002   PAD
    0x0803413c   0x0803413c   0x00000098   Code   RO        13764    i.ip_frag_free_pbuf_custom_ref  ip4_frag.o
    0x080341d4   0x080341d4   0x000002fc   Code   RO        13765    i.ip_reass_chain_frag_into_datagram_and_validate  ip4_frag.o
    0x080344d0   0x080344d0   0x000000c4   Code   RO        13766    i.ip_reass_dequeue_datagram  ip4_frag.o
    0x08034594   0x08034594   0x00000054   Code   RO        13767    i.ip_reass_enqueue_new_datagram  ip4_frag.o
    0x080345e8   0x080345e8   0x000001d8   Code   RO        13768    i.ip_reass_free_complete_datagram  ip4_frag.o
    0x080347c0   0x080347c0   0x00000088   Code   RO        13769    i.ip_reass_remove_oldest_datagram  ip4_frag.o
    0x08034848   0x08034848   0x00000034   Code   RO        13770    i.ip_reass_tmr      ip4_frag.o
    0x0803487c   0x0803487c   0x000000c8   Code   RO        13771    i.ipfrag_free_pbuf_custom  ip4_frag.o
    0x08034944   0x08034944   0x000001d0   Code   RO         2405    i.low_level_init    ethernetif.o
    0x08034b14   0x08034b14   0x00000064   Code   RO         2406    i.low_level_input   ethernetif.o
    0x08034b78   0x08034b78   0x00000098   Code   RO         2407    i.low_level_output  ethernetif.o
    0x08034c10   0x08034c10   0x000002e8   Code   RO        11621    i.lwip_accept       sockets.o
    0x08034ef8   0x08034ef8   0x00000130   Code   RO        11622    i.lwip_bind         sockets.o
    0x08035028   0x08035028   0x00000100   Code   RO        11623    i.lwip_close        sockets.o
    0x08035128   0x08035128   0x0000001a   Code   RO        11951    i.lwip_htonl        def.o
    0x08035142   0x08035142   0x0000000c   Code   RO        11952    i.lwip_htons        def.o
    0x0803514e   0x0803514e   0x00000002   PAD
    0x08035150   0x08035150   0x000000a0   Code   RO        12097    i.lwip_init         init.o
    0x080351f0   0x080351f0   0x0000009c   Code   RO        11632    i.lwip_listen       sockets.o
    0x0803528c   0x0803528c   0x00000082   Code   RO        11267    i.lwip_netconn_do_bind  api_msg.o
    0x0803530e   0x0803530e   0x00000002   PAD
    0x08035310   0x08035310   0x00000190   Code   RO        11268    i.lwip_netconn_do_close  api_msg.o
    0x080354a0   0x080354a0   0x0000037c   Code   RO        11269    i.lwip_netconn_do_close_internal  api_msg.o
    0x0803581c   0x0803581c   0x00000254   Code   RO        11272    i.lwip_netconn_do_delconn  api_msg.o
    0x08035a70   0x08035a70   0x0000015c   Code   RO        11274    i.lwip_netconn_do_getaddr  api_msg.o
    0x08035bcc   0x08035bcc   0x00000114   Code   RO        11275    i.lwip_netconn_do_listen  api_msg.o
    0x08035ce0   0x08035ce0   0x00000040   Code   RO        11276    i.lwip_netconn_do_newconn  api_msg.o
    0x08035d20   0x08035d20   0x00000070   Code   RO        11277    i.lwip_netconn_do_recv  api_msg.o
    0x08035d90   0x08035d90   0x0000008c   Code   RO        11278    i.lwip_netconn_do_send  api_msg.o
    0x08035e1c   0x08035e1c   0x000001b8   Code   RO        11279    i.lwip_netconn_do_write  api_msg.o
    0x08035fd4   0x08035fd4   0x00000378   Code   RO        11280    i.lwip_netconn_do_writemore  api_msg.o
    0x0803634c   0x0803634c   0x00000022   Code   RO        11634    i.lwip_recv         sockets.o
    0x0803636e   0x0803636e   0x00000002   PAD
    0x08036370   0x08036370   0x00000318   Code   RO        11635    i.lwip_recvfrom     sockets.o
    0x08036688   0x08036688   0x0000009c   Code   RO        11638    i.lwip_send         sockets.o
    0x08036724   0x08036724   0x000001c4   Code   RO        11640    i.lwip_sendto       sockets.o
    0x080368e8   0x080368e8   0x00000080   Code   RO        11641    i.lwip_setsockopt   sockets.o
    0x08036968   0x08036968   0x00000200   Code   RO        11642    i.lwip_setsockopt_impl  sockets.o
    0x08036b68   0x08036b68   0x000000a8   Code   RO        11644    i.lwip_socket       sockets.o
    0x08036c10   0x08036c10   0x00000016   Code   RO        11647    i.lwip_write        sockets.o
    0x08036c26   0x08036c26   0x00000002   PAD
    0x08036c28   0x08036c28   0x0000009c   Code   RO         1795    i.main              main.o
    0x08036cc4   0x08036cc4   0x0000000e   Code   RO         9857    i.makeFreeRtosPriority  cmsis_os.o
    0x08036cd2   0x08036cd2   0x00000002   PAD
    0x08036cd4   0x08036cd4   0x00000168   Code   RO        12176    i.mem_free          mem.o
    0x08036e3c   0x08036e3c   0x000000f4   Code   RO        12177    i.mem_init          mem.o
    0x08036f30   0x08036f30   0x00000288   Code   RO        12178    i.mem_malloc        mem.o
    0x080371b8   0x080371b8   0x000001ec   Code   RO        12179    i.mem_trim          mem.o
    0x080373a4   0x080373a4   0x000000b0   Code   RO        12244    i.memp_free         memp.o
    0x08037454   0x08037454   0x000000a0   Code   RO        12245    i.memp_free_pool    memp.o
    0x080374f4   0x080374f4   0x00000020   Code   RO        12246    i.memp_init         memp.o
    0x08037514   0x08037514   0x0000002c   Code   RO        12247    i.memp_init_pool    memp.o
    0x08037540   0x08037540   0x000000b0   Code   RO        12248    i.memp_malloc       memp.o
    0x080375f0   0x080375f0   0x00000098   Code   RO        12249    i.memp_malloc_pool  memp.o
    0x08037688   0x08037688   0x00000034   Code   RO          629    i.msg_consume       socket_send.o
    0x080376bc   0x080376bc   0x00000044   Code   RO          630    i.msg_send          socket_send.o
    0x08037700   0x08037700   0x00000020   Code   RO        11499    i.netbuf_delete     netbuf.o
    0x08037720   0x08037720   0x000000ac   Code   RO        11501    i.netbuf_free       netbuf.o
    0x080377cc   0x080377cc   0x000000d0   Code   RO        11504    i.netbuf_ref        netbuf.o
    0x0803789c   0x0803789c   0x00000164   Code   RO        11088    i.netconn_accept    api_lib.o
    0x08037a00   0x08037a00   0x00000120   Code   RO        11281    i.netconn_alloc     api_msg.o
    0x08037b20   0x08037b20   0x00000022   Code   RO        11089    i.netconn_apimsg    api_lib.o
    0x08037b42   0x08037b42   0x00000002   PAD
    0x08037b44   0x08037b44   0x000000c4   Code   RO        11090    i.netconn_bind      api_lib.o
    0x08037c08   0x08037c08   0x000000c0   Code   RO        11092    i.netconn_close_shutdown  api_lib.o
    0x08037cc8   0x08037cc8   0x00000034   Code   RO        11094    i.netconn_delete    api_lib.o
    0x08037cfc   0x08037cfc   0x000000b4   Code   RO        11282    i.netconn_drain     api_msg.o
    0x08037db0   0x08037db0   0x00000184   Code   RO        11283    i.netconn_free      api_msg.o
    0x08037f34   0x08037f34   0x00000144   Code   RO        11096    i.netconn_getaddr   api_lib.o
    0x08038078   0x08038078   0x000000bc   Code   RO        11097    i.netconn_listen_with_backlog  api_lib.o
    0x08038134   0x08038134   0x000001ac   Code   RO        11098    i.netconn_new_with_proto_and_callback  api_lib.o
    0x080382e0   0x080382e0   0x0000015c   Code   RO        11099    i.netconn_recv      api_lib.o
    0x0803843c   0x0803843c   0x0000021c   Code   RO        11100    i.netconn_recv_data  api_lib.o
    0x08038658   0x08038658   0x000000b0   Code   RO        11101    i.netconn_recv_tcp_pbuf  api_lib.o
    0x08038708   0x08038708   0x000000b8   Code   RO        11102    i.netconn_send      api_lib.o
    0x080387c0   0x080387c0   0x00000154   Code   RO        11105    i.netconn_write_partly  api_lib.o
    0x08038914   0x08038914   0x00000100   Code   RO        12349    i.netif_add         netif.o
    0x08038a14   0x08038a14   0x00000002   Code   RO        12351    i.netif_init        netif.o
    0x08038a16   0x08038a16   0x00000024   Code   RO        12353    i.netif_issue_reports  netif.o
    0x08038a3a   0x08038a3a   0x00000048   Code   RO        12355    i.netif_set_addr    netif.o
    0x08038a82   0x08038a82   0x00000002   PAD
    0x08038a84   0x08038a84   0x0000000c   Code   RO        12356    i.netif_set_default  netif.o
    0x08038a90   0x08038a90   0x00000038   Code   RO        12357    i.netif_set_down    netif.o
    0x08038ac8   0x08038ac8   0x0000000c   Code   RO        12358    i.netif_set_gw      netif.o
    0x08038ad4   0x08038ad4   0x0000005c   Code   RO        12359    i.netif_set_ipaddr  netif.o
    0x08038b30   0x08038b30   0x00000006   Code   RO        12360    i.netif_set_link_callback  netif.o
    0x08038b36   0x08038b36   0x0000002a   Code   RO        12361    i.netif_set_link_down  netif.o
    0x08038b60   0x08038b60   0x0000003a   Code   RO        12362    i.netif_set_link_up  netif.o
    0x08038b9a   0x08038b9a   0x0000000c   Code   RO        12363    i.netif_set_netmask  netif.o
    0x08038ba6   0x08038ba6   0x0000003c   Code   RO        12365    i.netif_set_up      netif.o
    0x08038be2   0x08038be2   0x00000018   Code   RO         9859    i.osDelay           cmsis_os.o
    0x08038bfa   0x08038bfa   0x0000000a   Code   RO         9862    i.osKernelStart     cmsis_os.o
    0x08038c04   0x08038c04   0x00000014   Code   RO         9863    i.osKernelSysTick   cmsis_os.o
    0x08038c18   0x08038c18   0x00000012   Code   RO         9871    i.osMessageCreate   cmsis_os.o
    0x08038c2a   0x08038c2a   0x00000018   Code   RO         9872    i.osMessageDelete   cmsis_os.o
    0x08038c42   0x08038c42   0x00000002   PAD
    0x08038c44   0x08038c44   0x0000009c   Code   RO         9873    i.osMessageGet      cmsis_os.o
    0x08038ce0   0x08038ce0   0x00000060   Code   RO         9875    i.osMessagePut      cmsis_os.o
    0x08038d40   0x08038d40   0x0000001a   Code   RO         9876    i.osMessageWaiting  cmsis_os.o
    0x08038d5a   0x08038d5a   0x0000000c   Code   RO         9877    i.osMutexCreate     cmsis_os.o
    0x08038d66   0x08038d66   0x00000002   PAD
    0x08038d68   0x08038d68   0x00000050   Code   RO         9879    i.osMutexRelease    cmsis_os.o
    0x08038db8   0x08038db8   0x00000068   Code   RO         9880    i.osMutexWait       cmsis_os.o
    0x08038e20   0x08038e20   0x0000002c   Code   RO         9888    i.osSemaphoreCreate  cmsis_os.o
    0x08038e4c   0x08038e4c   0x00000018   Code   RO         9889    i.osSemaphoreDelete  cmsis_os.o
    0x08038e64   0x08038e64   0x00000050   Code   RO         9891    i.osSemaphoreRelease  cmsis_os.o
    0x08038eb4   0x08038eb4   0x00000068   Code   RO         9892    i.osSemaphoreWait   cmsis_os.o
    0x08038f1c   0x08038f1c   0x00000030   Code   RO         9896    i.osThreadCreate    cmsis_os.o
    0x08038f4c   0x08038f4c   0x00000028   Code   RO          809    i.parse_task        parse_task.o
    0x08038f74   0x08038f74   0x00000430   Code   RO        12492    i.pbuf_alloc        pbuf.o
    0x080393a4   0x080393a4   0x0000010c   Code   RO        12493    i.pbuf_alloced_custom  pbuf.o
    0x080394b0   0x080394b0   0x00000150   Code   RO        12494    i.pbuf_cat          pbuf.o
    0x08039600   0x08039600   0x00000016   Code   RO        12495    i.pbuf_chain        pbuf.o
    0x08039616   0x08039616   0x00000012   Code   RO        12496    i.pbuf_clen         pbuf.o
    0x08039628   0x08039628   0x00000238   Code   RO        12498    i.pbuf_copy         pbuf.o
    0x08039860   0x08039860   0x00000154   Code   RO        12499    i.pbuf_copy_partial  pbuf.o
    0x080399b4   0x080399b4   0x000001bc   Code   RO        12501    i.pbuf_free         pbuf.o
    0x08039b70   0x08039b70   0x0000001c   Code   RO         2408    i.pbuf_free_custom  ethernetif.o
    0x08039b8c   0x08039b8c   0x00000040   Code   RO        12502    i.pbuf_free_ooseq   pbuf.o
    0x08039bcc   0x08039bcc   0x0000000a   Code   RO        12503    i.pbuf_free_ooseq_callback  pbuf.o
    0x08039bd6   0x08039bd6   0x00000012   Code   RO        12505    i.pbuf_header       pbuf.o
    0x08039be8   0x08039be8   0x00000012   Code   RO        12506    i.pbuf_header_force  pbuf.o
    0x08039bfa   0x08039bfa   0x00000002   PAD
    0x08039bfc   0x08039bfc   0x00000168   Code   RO        12507    i.pbuf_header_impl  pbuf.o
    0x08039d64   0x08039d64   0x00000048   Code   RO        12510    i.pbuf_pool_is_empty  pbuf.o
    0x08039dac   0x08039dac   0x000001dc   Code   RO        12512    i.pbuf_realloc      pbuf.o
    0x08039f88   0x08039f88   0x000000a8   Code   RO        12513    i.pbuf_ref          pbuf.o
    0x0803a030   0x0803a030   0x00000110   Code   RO        11284    i.pcb_new           api_msg.o
    0x0803a140   0x0803a140   0x000001c4   Code   RO        12180    i.plug_holes        mem.o
    0x0803a304   0x0803a304   0x000000fc   Code   RO        11285    i.poll_tcp          api_msg.o
    0x0803a400   0x0803a400   0x00000098   Code   RO         9549    i.prvAddCurrentTaskToDelayedList  tasks.o
    0x0803a498   0x0803a498   0x000000b4   Code   RO         9550    i.prvAddNewTaskToReadyList  tasks.o
    0x0803a54c   0x0803a54c   0x00000048   Code   RO         9551    i.prvCheckTasksWaitingTermination  tasks.o
    0x0803a594   0x0803a594   0x0000002a   Code   RO         9248    i.prvCopyDataFromQueue  queue.o
    0x0803a5be   0x0803a5be   0x0000007c   Code   RO         9249    i.prvCopyDataToQueue  queue.o
    0x0803a63a   0x0803a63a   0x00000012   Code   RO         9552    i.prvDeleteTCB      tasks.o
    0x0803a64c   0x0803a64c   0x00000014   Code   RO         9250    i.prvGetDisinheritPriorityAfterTimeout  queue.o
    0x0803a660   0x0803a660   0x0000007c   Code   RO        10224    i.prvHeapInit       heap_4.o
    0x0803a6dc   0x0803a6dc   0x00000028   Code   RO         9553    i.prvIdleTask       tasks.o
    0x0803a704   0x0803a704   0x0000001c   Code   RO         9251    i.prvInitialiseMutex  queue.o
    0x0803a720   0x0803a720   0x00000026   Code   RO         9252    i.prvInitialiseNewQueue  queue.o
    0x0803a746   0x0803a746   0x000000aa   Code   RO         9554    i.prvInitialiseNewTask  tasks.o
    0x0803a7f0   0x0803a7f0   0x00000068   Code   RO         9555    i.prvInitialiseTaskLists  tasks.o
    0x0803a858   0x0803a858   0x00000068   Code   RO        10225    i.prvInsertBlockIntoFreeList  heap_4.o
    0x0803a8c0   0x0803a8c0   0x0000001a   Code   RO         9253    i.prvIsQueueEmpty   queue.o
    0x0803a8da   0x0803a8da   0x0000001e   Code   RO         9254    i.prvIsQueueFull    queue.o
    0x0803a8f8   0x0803a8f8   0x00000034   Code   RO         9556    i.prvResetNextTaskUnblockTime  tasks.o
    0x0803a92c   0x0803a92c   0x00000040   Code   RO        10287    i.prvTaskExitError  port.o
    0x0803a96c   0x0803a96c   0x0000007e   Code   RO         9255    i.prvUnlockQueue    queue.o
    0x0803a9ea   0x0803a9ea   0x00000002   PAD
    0x0803a9ec   0x0803a9ec   0x0000013c   Code   RO        10226    i.pvPortMalloc      heap_4.o
    0x0803ab28   0x0803ab28   0x00000020   Code   RO         9558    i.pvTaskIncrementMutexHeldCount  tasks.o
    0x0803ab48   0x0803ab48   0x00000034   Code   RO         1544    i.pwm_init          bsp_pwm.o
    0x0803ab7c   0x0803ab7c   0x00000064   Code   RO          984    i.pwm_task          pwm_task.o
    0x0803abe0   0x0803abe0   0x0000002c   Code   RO        10288    i.pxPortInitialiseStack  port.o
    0x0803ac0c   0x0803ac0c   0x0000006c   Code   RO          543    i.receive_data_solve  comunication.o
    0x0803ac78   0x0803ac78   0x0000019c   Code   RO        11286    i.recv_tcp          api_msg.o
    0x0803ae14   0x0803ae14   0x00000190   Code   RO        11287    i.recv_udp          api_msg.o
    0x0803afa4   0x0803afa4   0x000001c0   Code   RO         1166    i.rov_angle_loop_calc  rov_behaviour.o
    0x0803b164   0x0803b164   0x000000b0   Code   RO         1075    i.rov_control_loop  rov_movation_task.o
    0x0803b214   0x0803b214   0x000000f4   Code   RO         1167    i.rov_depth_loop_calc  rov_behaviour.o
    0x0803b308   0x0803b308   0x0000003a   Code   RO         1076    i.rov_feedback_update  rov_movation_task.o
    0x0803b342   0x0803b342   0x00000002   PAD
    0x0803b344   0x0803b344   0x0000013c   Code   RO         1077    i.rov_init          rov_movation_task.o
    0x0803b480   0x0803b480   0x0000001a   Code   RO         1078    i.rov_mode_change_control_transit  rov_movation_task.o
    0x0803b49a   0x0803b49a   0x00000002   PAD
    0x0803b49c   0x0803b49c   0x00000074   Code   RO         1079    i.rov_movation_task  rov_movation_task.o
    0x0803b510   0x0803b510   0x00000014   Code   RO          631    i.rov_send_status   socket_send.o
    0x0803b524   0x0803b524   0x000001d0   Code   RO         1080    i.rov_set_contorl   rov_movation_task.o
    0x0803b6f4   0x0803b6f4   0x0000000e   Code   RO         1081    i.rov_set_mode      rov_movation_task.o
    0x0803b702   0x0803b702   0x0000006e   Code   RO         1082    i.rov_set_pids      rov_movation_task.o
    0x0803b770   0x0803b770   0x000000ca   Code   RO          632    i.rov_status_update  socket_send.o
    0x0803b83a   0x0803b83a   0x00000042   Code   RO         1083    i.rov_vector_to_thruster_speed  rov_movation_task.o
    0x0803b87c   0x0803b87c   0x00000028   Code   RO         1084    i.rov_vector_to_track_speed  rov_movation_task.o
    0x0803b8a4   0x0803b8a4   0x000000d8   Code   RO         1168    i.rov_vf_control_calc  rov_behaviour.o
    0x0803b97c   0x0803b97c   0x0000007c   Code   RO         1259    i.sampling_cpu_temprate  bsp_adc.o
    0x0803b9f8   0x0803b9f8   0x0000005c   Code   RO          544    i.send_data_pack    comunication.o
    0x0803ba54   0x0803ba54   0x000000e8   Code   RO        11288    i.sent_tcp          api_msg.o
    0x0803bb3c   0x0803bb3c   0x000001d4   Code   RO          763    i.server_receive_task  socket_receive.o
    0x0803bd10   0x0803bd10   0x00000240   Code   RO          633    i.server_send_task  socket_send.o
    0x0803bf50   0x0803bf50   0x0000000c   Code   RO         1545    i.servo_pwm_set     bsp_pwm.o
    0x0803bf5c   0x0803bf5c   0x00000044   Code   RO        11289    i.setup_tcp         api_msg.o
    0x0803bfa0   0x0803bfa0   0x00000038   Code   RO          634    i.socket_printf     socket_send.o
    0x0803bfd8   0x0803bfd8   0x0000005e   Code   RO        14025    i.sys_arch_mbox_fetch  sys_arch.o
    0x0803c036   0x0803c036   0x00000030   Code   RO        14026    i.sys_arch_mbox_tryfetch  sys_arch.o
    0x0803c066   0x0803c066   0x00000002   PAD
    0x0803c068   0x0803c068   0x00000018   Code   RO        14027    i.sys_arch_protect  sys_arch.o
    0x0803c080   0x0803c080   0x0000003e   Code   RO        14028    i.sys_arch_sem_wait  sys_arch.o
    0x0803c0be   0x0803c0be   0x00000002   PAD
    0x0803c0c0   0x0803c0c0   0x00000014   Code   RO        14029    i.sys_arch_unprotect  sys_arch.o
    0x0803c0d4   0x0803c0d4   0x0000007c   Code   RO        13238    i.sys_check_timeouts  timeouts.o
    0x0803c150   0x0803c150   0x00000018   Code   RO        14030    i.sys_init          sys_arch.o
    0x0803c168   0x0803c168   0x00000012   Code   RO        14031    i.sys_mbox_free     sys_arch.o
    0x0803c17a   0x0803c17a   0x00000002   PAD
    0x0803c17c   0x0803c17c   0x0000002c   Code   RO        14032    i.sys_mbox_new      sys_arch.o
    0x0803c1a8   0x0803c1a8   0x0000001a   Code   RO        14033    i.sys_mbox_post     sys_arch.o
    0x0803c1c2   0x0803c1c2   0x00000006   Code   RO        14034    i.sys_mbox_set_invalid  sys_arch.o
    0x0803c1c8   0x0803c1c8   0x0000001e   Code   RO        14035    i.sys_mbox_trypost  sys_arch.o
    0x0803c1e6   0x0803c1e6   0x0000000e   Code   RO        14036    i.sys_mbox_valid    sys_arch.o
    0x0803c1f4   0x0803c1f4   0x00000010   Code   RO        14038    i.sys_mutex_lock    sys_arch.o
    0x0803c204   0x0803c204   0x0000001e   Code   RO        14039    i.sys_mutex_new     sys_arch.o
    0x0803c222   0x0803c222   0x0000000c   Code   RO        14040    i.sys_mutex_unlock  sys_arch.o
    0x0803c22e   0x0803c22e   0x00000008   Code   RO         2410    i.sys_now           ethernetif.o
    0x0803c236   0x0803c236   0x0000000c   Code   RO        14041    i.sys_sem_free      sys_arch.o
    0x0803c242   0x0803c242   0x0000002c   Code   RO        14042    i.sys_sem_new       sys_arch.o
    0x0803c26e   0x0803c26e   0x00000006   Code   RO        14043    i.sys_sem_set_invalid  sys_arch.o
    0x0803c274   0x0803c274   0x0000000c   Code   RO        14044    i.sys_sem_signal    sys_arch.o
    0x0803c280   0x0803c280   0x0000000e   Code   RO        14045    i.sys_sem_valid     sys_arch.o
    0x0803c28e   0x0803c28e   0x00000036   Code   RO        14046    i.sys_thread_new    sys_arch.o
    0x0803c2c4   0x0803c2c4   0x00000188   Code   RO        13240    i.sys_timeout       timeouts.o
    0x0803c44c   0x0803c44c   0x00000034   Code   RO        13241    i.sys_timeouts_init  timeouts.o
    0x0803c480   0x0803c480   0x00000040   Code   RO        13242    i.sys_timeouts_mbox_fetch  timeouts.o
    0x0803c4c0   0x0803c4c0   0x00000038   Code   RO        13243    i.sys_timeouts_sleeptime  timeouts.o
    0x0803c4f8   0x0803c4f8   0x0000019c   Code   RO        12747    i.tcp_abandon       tcp.o
    0x0803c694   0x0803c694   0x0000000e   Code   RO        12748    i.tcp_abort         tcp.o
    0x0803c6a2   0x0803c6a2   0x00000010   Code   RO        12749    i.tcp_accept        tcp.o
    0x0803c6b2   0x0803c6b2   0x00000014   Code   RO        12750    i.tcp_accept_null   tcp.o
    0x0803c6c6   0x0803c6c6   0x00000002   PAD
    0x0803c6c8   0x0803c6c8   0x000000b8   Code   RO        12751    i.tcp_alloc         tcp.o
    0x0803c780   0x0803c780   0x00000006   Code   RO        12752    i.tcp_arg           tcp.o
    0x0803c786   0x0803c786   0x00000002   PAD
    0x0803c788   0x0803c788   0x00000144   Code   RO        12753    i.tcp_bind          tcp.o
    0x0803c8cc   0x0803c8cc   0x0000001c   Code   RO        12754    i.tcp_close         tcp.o
    0x0803c8e8   0x0803c8e8   0x000001f4   Code   RO        12755    i.tcp_close_shutdown  tcp.o
    0x0803cadc   0x0803cadc   0x000000e4   Code   RO        12756    i.tcp_close_shutdown_fin  tcp.o
    0x0803cbc0   0x0803cbc0   0x00000150   Code   RO        13127    i.tcp_create_segment  tcp_out.o
    0x0803cd10   0x0803cd10   0x0000003a   Code   RO        12759    i.tcp_eff_send_mss_impl  tcp.o
    0x0803cd4a   0x0803cd4a   0x00000002   PAD
    0x0803cd4c   0x0803cd4c   0x00000294   Code   RO        13128    i.tcp_enqueue_flags  tcp_out.o
    0x0803cfe0   0x0803cfe0   0x000000ac   Code   RO        12760    i.tcp_err           tcp.o
    0x0803d08c   0x0803d08c   0x00000090   Code   RO        12761    i.tcp_fasttmr       tcp.o
    0x0803d11c   0x0803d11c   0x00000058   Code   RO        13043    i.tcp_getoptbyte    tcp_in.o
    0x0803d174   0x0803d174   0x00000002   Code   RO        12762    i.tcp_init          tcp.o
    0x0803d176   0x0803d176   0x00000002   PAD
    0x0803d178   0x0803d178   0x0000078c   Code   RO        13044    i.tcp_input         tcp_in.o
    0x0803d904   0x0803d904   0x0000004c   Code   RO        13045    i.tcp_input_delayed_close  tcp_in.o
    0x0803d950   0x0803d950   0x0000005a   Code   RO        13129    i.tcp_keepalive     tcp_out.o
    0x0803d9aa   0x0803d9aa   0x00000002   PAD
    0x0803d9ac   0x0803d9ac   0x00000058   Code   RO        12763    i.tcp_kill_prio     tcp.o
    0x0803da04   0x0803da04   0x000000d0   Code   RO        12764    i.tcp_kill_state    tcp.o
    0x0803dad4   0x0803dad4   0x0000003c   Code   RO        12765    i.tcp_kill_timewait  tcp.o
    0x0803db10   0x0803db10   0x000000d0   Code   RO        12766    i.tcp_listen_closed  tcp.o
    0x0803dbe0   0x0803dbe0   0x00000148   Code   RO        13046    i.tcp_listen_input  tcp_in.o
    0x0803dd28   0x0803dd28   0x0000015c   Code   RO        12768    i.tcp_listen_with_backlog_and_err  tcp.o
    0x0803de84   0x0803de84   0x00000054   Code   RO        12769    i.tcp_netif_ip_addr_changed  tcp.o
    0x0803ded8   0x0803ded8   0x0000002a   Code   RO        12770    i.tcp_netif_ip_addr_changed_pcblist  tcp.o
    0x0803df02   0x0803df02   0x00000010   Code   RO        12772    i.tcp_new_ip_type   tcp.o
    0x0803df12   0x0803df12   0x00000002   PAD
    0x0803df14   0x0803df14   0x00000068   Code   RO        12773    i.tcp_new_port      tcp.o
    0x0803df7c   0x0803df7c   0x00000020   Code   RO        12774    i.tcp_next_iss      tcp.o
    0x0803df9c   0x0803df9c   0x00000090   Code   RO        13047    i.tcp_oos_insert_segment  tcp_in.o
    0x0803e02c   0x0803e02c   0x00000320   Code   RO        13130    i.tcp_output        tcp_out.o
    0x0803e34c   0x0803e34c   0x00000124   Code   RO        13131    i.tcp_output_alloc_header  tcp_out.o
    0x0803e470   0x0803e470   0x000000c4   Code   RO        13132    i.tcp_output_segment  tcp_out.o
    0x0803e534   0x0803e534   0x0000009c   Code   RO        13048    i.tcp_parseopt      tcp_in.o
    0x0803e5d0   0x0803e5d0   0x00000100   Code   RO        13133    i.tcp_pbuf_prealloc  tcp_out.o
    0x0803e6d0   0x0803e6d0   0x00000048   Code   RO        12775    i.tcp_pcb_purge     tcp.o
    0x0803e718   0x0803e718   0x00000164   Code   RO        12776    i.tcp_pcb_remove    tcp.o
    0x0803e87c   0x0803e87c   0x000000a4   Code   RO        12777    i.tcp_poll          tcp.o
    0x0803e920   0x0803e920   0x000006d8   Code   RO        13049    i.tcp_process       tcp_in.o
    0x0803eff8   0x0803eff8   0x00000094   Code   RO        12778    i.tcp_process_refused_data  tcp.o
    0x0803f08c   0x0803f08c   0x00000d50   Code   RO        13050    i.tcp_receive       tcp_in.o
    0x0803fddc   0x0803fddc   0x000000ac   Code   RO        12779    i.tcp_recv          tcp.o
    0x0803fe88   0x0803fe88   0x0000002e   Code   RO        12780    i.tcp_recv_null     tcp.o
    0x0803feb6   0x0803feb6   0x00000002   PAD
    0x0803feb8   0x0803feb8   0x00000130   Code   RO        12781    i.tcp_recved        tcp.o
    0x0803ffe8   0x0803ffe8   0x00000018   Code   RO        12782    i.tcp_remove_listener  tcp.o
    0x08040000   0x08040000   0x00000062   Code   RO        13134    i.tcp_rexmit        tcp_out.o
    0x08040062   0x08040062   0x0000006e   Code   RO        13135    i.tcp_rexmit_fast   tcp_out.o
    0x080400d0   0x080400d0   0x00000042   Code   RO        13136    i.tcp_rexmit_rto    tcp_out.o
    0x08040112   0x08040112   0x00000002   PAD
    0x08040114   0x08040114   0x0000012c   Code   RO        13137    i.tcp_rst           tcp_out.o
    0x08040240   0x08040240   0x00000024   Code   RO        12783    i.tcp_seg_copy      tcp.o
    0x08040264   0x08040264   0x0000001a   Code   RO        12784    i.tcp_seg_free      tcp.o
    0x0804027e   0x0804027e   0x00000018   Code   RO        12785    i.tcp_segs_free     tcp.o
    0x08040296   0x08040296   0x00000076   Code   RO        13138    i.tcp_send_empty_ack  tcp_out.o
    0x0804030c   0x0804030c   0x0000004a   Code   RO        13139    i.tcp_send_fin      tcp_out.o
    0x08040356   0x08040356   0x00000002   PAD
    0x08040358   0x08040358   0x000000ac   Code   RO        12786    i.tcp_sent          tcp.o
    0x08040404   0x08040404   0x00000062   Code   RO        12788    i.tcp_shutdown      tcp.o
    0x08040466   0x08040466   0x00000002   PAD
    0x08040468   0x08040468   0x0000061c   Code   RO        12789    i.tcp_slowtmr       tcp.o
    0x08040a84   0x08040a84   0x00000038   Code   RO        13245    i.tcp_timer_needed  timeouts.o
    0x08040abc   0x08040abc   0x000000a4   Code   RO        13051    i.tcp_timewait_input  tcp_in.o
    0x08040b60   0x08040b60   0x00000024   Code   RO        12790    i.tcp_tmr           tcp.o
    0x08040b84   0x08040b84   0x00000014   Code   RO        13052    i.tcp_trigger_input_pcb_close  tcp_in.o
    0x08040b98   0x08040b98   0x0000016c   Code   RO          810    i.tcp_unpack_fifo_data  parse_task.o
    0x08040d04   0x08040d04   0x000000dc   Code   RO        12792    i.tcp_update_rcv_ann_wnd  tcp.o
    0x08040de0   0x08040de0   0x000007d8   Code   RO        13140    i.tcp_write         tcp_out.o
    0x080415b8   0x080415b8   0x0000017c   Code   RO        13141    i.tcp_write_checks  tcp_out.o
    0x08041734   0x08041734   0x000000de   Code   RO        13142    i.tcp_zero_window_probe  tcp_out.o
    0x08041812   0x08041812   0x00000002   PAD
    0x08041814   0x08041814   0x000000d4   Code   RO        11848    i.tcpip_callback_with_block  tcpip.o
    0x080418e8   0x080418e8   0x0000012c   Code   RO        11851    i.tcpip_init        tcpip.o
    0x08041a14   0x08041a14   0x000000cc   Code   RO        11852    i.tcpip_inpkt       tcpip.o
    0x08041ae0   0x08041ae0   0x00000030   Code   RO        11853    i.tcpip_input       tcpip.o
    0x08041b10   0x08041b10   0x00000020   Code   RO        11854    i.tcpip_send_msg_wait_sem  tcpip.o
    0x08041b30   0x08041b30   0x00000038   Code   RO        13246    i.tcpip_tcp_timer   timeouts.o
    0x08041b68   0x08041b68   0x00000130   Code   RO        11855    i.tcpip_thread      tcpip.o
    0x08041c98   0x08041c98   0x00000024   Code   RO          342    i.tem_hum_task      tem_hum_task.o
    0x08041cbc   0x08041cbc   0x0000009c   Code   RO         1169    i.track_turn_loop_calc  rov_behaviour.o
    0x08041d58   0x08041d58   0x00000030   Code   RO        11649    i.tryget_socket     sockets.o
    0x08041d88   0x08041d88   0x00000094   Code   RO        13321    i.udp_bind          udp.o
    0x08041e1c   0x08041e1c   0x00000002   Code   RO        13324    i.udp_init          udp.o
    0x08041e1e   0x08041e1e   0x00000002   PAD
    0x08041e20   0x08041e20   0x000001bc   Code   RO        13325    i.udp_input         udp.o
    0x08041fdc   0x08041fdc   0x00000048   Code   RO        13326    i.udp_input_local_match  udp.o
    0x08042024   0x08042024   0x00000030   Code   RO        13327    i.udp_netif_ip_addr_changed  udp.o
    0x08042054   0x08042054   0x0000001c   Code   RO        13328    i.udp_new           udp.o
    0x08042070   0x08042070   0x0000000e   Code   RO        13329    i.udp_new_ip_type   udp.o
    0x0804207e   0x0804207e   0x00000002   PAD
    0x08042080   0x08042080   0x00000058   Code   RO        13330    i.udp_new_port      udp.o
    0x080420d8   0x080420d8   0x00000006   Code   RO        13331    i.udp_recv          udp.o
    0x080420de   0x080420de   0x00000002   PAD
    0x080420e0   0x080420e0   0x00000044   Code   RO        13332    i.udp_remove        udp.o
    0x08042124   0x08042124   0x0000001e   Code   RO        13333    i.udp_send          udp.o
    0x08042142   0x08042142   0x0000003c   Code   RO        13334    i.udp_sendto        udp.o
    0x0804217e   0x0804217e   0x00000052   Code   RO        13335    i.udp_sendto_if     udp.o
    0x080421d0   0x080421d0   0x00000160   Code   RO        13336    i.udp_sendto_if_src  udp.o
    0x08042330   0x08042330   0x00000218   Code   RO         1405    i.usart1_tx_dma_init  bsp_usart.o
    0x08042548   0x08042548   0x0000063c   Code   RO         1406    i.usart3_init       bsp_usart.o
    0x08042b84   0x08042b84   0x000003ec   Code   RO         1407    i.usart3_tx_dma_enable  bsp_usart.o
    0x08042f70   0x08042f70   0x0000062c   Code   RO         1408    i.usart6_init       bsp_usart.o
    0x0804359c   0x0804359c   0x000003f4   Code   RO         1409    i.usart6_tx_dma_enable  bsp_usart.o
    0x08043990   0x08043990   0x00000028   Code   RO         9208    i.uxListRemove      list.o
    0x080439b8   0x080439b8   0x0000002a   Code   RO         9256    i.uxQueueMessagesWaiting  queue.o
    0x080439e2   0x080439e2   0x0000001e   Code   RO         9257    i.uxQueueMessagesWaitingFromISR  queue.o
    0x08043a00   0x08043a00   0x0000001a   Code   RO         9209    i.vListInitialise   list.o
    0x08043a1a   0x08043a1a   0x00000006   Code   RO         9210    i.vListInitialiseItem  list.o
    0x08043a20   0x08043a20   0x00000034   Code   RO         9211    i.vListInsert       list.o
    0x08043a54   0x08043a54   0x00000018   Code   RO         9212    i.vListInsertEnd    list.o
    0x08043a6c   0x08043a6c   0x00000054   Code   RO        10290    i.vPortEnterCritical  port.o
    0x08043ac0   0x08043ac0   0x0000003c   Code   RO        10291    i.vPortExitCritical  port.o
    0x08043afc   0x08043afc   0x00000094   Code   RO        10227    i.vPortFree         heap_4.o
    0x08043b90   0x08043b90   0x00000028   Code   RO        10292    i.vPortSetupTimerInterrupt  port.o
    0x08043bb8   0x08043bb8   0x00000078   Code   RO        10293    i.vPortValidateInterruptPriority  port.o
    0x08043c30   0x08043c30   0x0000002c   Code   RO         9260    i.vQueueDelete      queue.o
    0x08043c5c   0x08043c5c   0x00000030   Code   RO         9261    i.vQueueUnregisterQueue  queue.o
    0x08043c8c   0x08043c8c   0x0000005c   Code   RO         9564    i.vTaskDelay        tasks.o
    0x08043ce8   0x08043ce8   0x00000018   Code   RO         9567    i.vTaskInternalSetTimeOutState  tasks.o
    0x08043d00   0x08043d00   0x0000000c   Code   RO         9568    i.vTaskMissedYield  tasks.o
    0x08043d0c   0x08043d0c   0x00000038   Code   RO         9570    i.vTaskPlaceOnEventList  tasks.o
    0x08043d44   0x08043d44   0x000000f4   Code   RO         9572    i.vTaskPriorityDisinheritAfterTimeout  tasks.o
    0x08043e38   0x08043e38   0x00000088   Code   RO         9577    i.vTaskStartScheduler  tasks.o
    0x08043ec0   0x08043ec0   0x00000010   Code   RO         9579    i.vTaskSuspendAll   tasks.o
    0x08043ed0   0x08043ed0   0x0000008c   Code   RO         9580    i.vTaskSwitchContext  tasks.o
    0x08043f5c   0x08043f5c   0x00000040   Code   RO         8836    i.verify_CRC16_check_sum  crc8_crc16.o
    0x08043f9c   0x08043f9c   0x0000002e   Code   RO         8837    i.verify_CRC8_check_sum  crc8_crc16.o
    0x08043fca   0x08043fca   0x00000002   PAD
    0x08043fcc   0x08043fcc   0x00000044   Code   RO          289    i.water_level_task  water_level_task.o
    0x08044010   0x08044010   0x00000168   Code   RO        10294    i.xPortStartScheduler  port.o
    0x08044178   0x08044178   0x00000022   Code   RO         9262    i.xQueueCreateMutex  queue.o
    0x0804419a   0x0804419a   0x00000058   Code   RO         9263    i.xQueueGenericCreate  queue.o
    0x080441f2   0x080441f2   0x00000002   PAD
    0x080441f4   0x080441f4   0x00000098   Code   RO         9264    i.xQueueGenericReset  queue.o
    0x0804428c   0x0804428c   0x000001a8   Code   RO         9265    i.xQueueGenericSend  queue.o
    0x08044434   0x08044434   0x000000f8   Code   RO         9266    i.xQueueGenericSendFromISR  queue.o
    0x0804452c   0x0804452c   0x000000e0   Code   RO         9267    i.xQueueGiveFromISR  queue.o
    0x0804460c   0x0804460c   0x00000168   Code   RO         9272    i.xQueueReceive     queue.o
    0x08044774   0x08044774   0x000000ca   Code   RO         9273    i.xQueueReceiveFromISR  queue.o
    0x0804483e   0x0804483e   0x00000002   PAD
    0x08044840   0x08044840   0x000001b8   Code   RO         9274    i.xQueueSemaphoreTake  queue.o
    0x080449f8   0x080449f8   0x0000008c   Code   RO         9581    i.xTaskCheckForTimeOut  tasks.o
    0x08044a84   0x08044a84   0x00000060   Code   RO         9582    i.xTaskCreate       tasks.o
    0x08044ae4   0x08044ae4   0x00000020   Code   RO         9586    i.xTaskGetSchedulerState  tasks.o
    0x08044b04   0x08044b04   0x0000000c   Code   RO         9587    i.xTaskGetTickCount  tasks.o
    0x08044b10   0x08044b10   0x00000014   Code   RO         9588    i.xTaskGetTickCountFromISR  tasks.o
    0x08044b24   0x08044b24   0x00000148   Code   RO         9589    i.xTaskIncrementTick  tasks.o
    0x08044c6c   0x08044c6c   0x000000c8   Code   RO         9592    i.xTaskPriorityDisinherit  tasks.o
    0x08044d34   0x08044d34   0x000000c8   Code   RO         9593    i.xTaskPriorityInherit  tasks.o
    0x08044dfc   0x08044dfc   0x00000098   Code   RO         9594    i.xTaskRemoveFromEventList  tasks.o
    0x08044e94   0x08044e94   0x00000104   Code   RO         9595    i.xTaskResumeAll    tasks.o
    0x08044f98   0x08044f98   0x0000006c   Data   RO         1086    .constdata          rov_movation_task.o
    0x08045004   0x08045004   0x000000b4   Data   RO         2223    .constdata          freertos.o
    0x080450b8   0x080450b8   0x00000014   Data   RO         2325    .constdata          lwip.o
    0x080450cc   0x080450cc   0x00000020   Data   RO         2415    .constdata          ethernetif.o
    0x080450ec   0x080450ec   0x0000005c   Data   RO         4473    .constdata          stm32h7xx_hal_fdcan.o
    0x08045148   0x08045148   0x00000008   Data   RO         7697    .constdata          stm32h7xx_hal_dma.o
    0x08045150   0x08045150   0x00000010   Data   RO         8797    .constdata          system_stm32h7xx.o
    0x08045160   0x08045160   0x00000302   Data   RO         8838    .constdata          crc8_crc16.o
    0x08045462   0x08045462   0x0000000c   Data   RO        10931    .constdata          ethernet.o
    0x0804546e   0x0804546e   0x00000002   PAD
    0x08045470   0x08045470   0x00000044   Data   RO        11461    .constdata          err.o
    0x080454b4   0x080454b4   0x000000d0   Data   RO        12251    .constdata          memp.o
    0x08045584   0x08045584   0x00000050   Data   RO        12793    .constdata          tcp.o
    0x080455d4   0x080455d4   0x00000018   Data   RO        13247    .constdata          timeouts.o
    0x080455ec   0x080455ec   0x00000008   Data   RO        13703    .constdata          ip4_addr.o
    0x080455f4   0x080455f4   0x0000000c   Data   RO        14047    .constdata          sys_arch.o
    0x08045600   0x08045600   0x00000040   Data   RO        14864    .constdata          mc_w.l(ctype_c.o)
    0x08045640   0x08045640   0x00000063   Data   RO         2224    .conststring        freertos.o
    0x080456a3   0x080456a3   0x00000001   PAD
    0x080456a4   0x080456a4   0x00000008   Data   RO         2326    .conststring        lwip.o
    0x080456ac   0x080456ac   0x00000006   Data   RO         2416    .conststring        ethernetif.o
    0x080456b2   0x080456b2   0x00000002   PAD
    0x080456b4   0x080456b4   0x00000041   Data   RO        12098    .conststring        init.o
    0x080456f5   0x080456f5   0x00000003   PAD
    0x080456f8   0x080456f8   0x00000075   Data   RO        12794    .conststring        tcp.o
    0x0804576d   0x0804576d   0x00000003   PAD
    0x08045770   0x08045770   0x00000055   Data   RO        13143    .conststring        tcp_out.o
    0x080457c5   0x080457c5   0x00000003   PAD
    0x080457c8   0x080457c8   0x00000041   Data   RO        13496    .conststring        etharp.o
    0x08045809   0x08045809   0x00000003   PAD
    0x0804580c   0x0804580c   0x00000020   Data   RO        14872    Region$$Table       anon$$obj.o


    Execution Region RW_IRAM2 (Exec base: 0x24000000, Load base: 0x0804582c, Size: 0x00010000, Max: 0x00080000, ABSOLUTE, COMPRESSED[0x0000005c])

    Exec Addr    Load Addr    Size         Type   Attr      Idx    E Section Name        Object

    0x24000000   COMPRESSED   0x00000008   Data   RW           20    .data               imu_receive.o
    0x24000008   COMPRESSED   0x0000000c   Data   RW          290    .data               water_level_task.o
    0x24000014   COMPRESSED   0x00000008   Data   RW          343    .data               tem_hum_task.o
    0x2400001c   COMPRESSED   0x00000006   Data   RW          414    .data               depth_meter_receive.o
    0x24000022   COMPRESSED   0x00000002   PAD
    0x24000024   COMPRESSED   0x00000006   Data   RW          482    .data               altimeter_receive.o
    0x2400002a   COMPRESSED   0x00000012   Data   RW          546    .data               comunication.o
    0x2400003c   COMPRESSED   0x00000008   Data   RW          636    .data               socket_send.o
    0x24000044   COMPRESSED   0x00000001   Data   RW          812    .data               parse_task.o
    0x24000045   COMPRESSED   0x00000012   Data   RW         1016    .data               thruster.o
    0x24000057   COMPRESSED   0x00000001   PAD
    0x24000058   COMPRESSED   0x00000004   Data   RW         1170    .data               rov_behaviour.o
    0x2400005c   COMPRESSED   0x0000000a   Data   RW         1261    .data               bsp_adc.o
    0x24000066   COMPRESSED   0x00000002   PAD
    0x24000068   COMPRESSED   0x00000008   Data   RW         1471    .data               bsp_dac.o
    0x24000070   COMPRESSED   0x00000004   Data   RW         1506    .data               bsp_pulse.o
    0x24000074   COMPRESSED   0x00000024   Data   RW         1629    .data               oled.o
    0x24000098   COMPRESSED   0x00000024   Data   RW         2225    .data               freertos.o
    0x240000bc   COMPRESSED   0x00000018   Data   RW         2327    .data               lwip.o
    0x240000d4   COMPRESSED   0x0000001c   Data   RW         2417    .data               ethernetif.o
    0x240000f0   COMPRESSED   0x00000009   Data   RW         8439    .data               stm32h7xx_hal.o
    0x240000f9   COMPRESSED   0x00000003   PAD
    0x240000fc   COMPRESSED   0x00000008   Data   RW         8798    .data               system_stm32h7xx.o
    0x24000104   COMPRESSED   0x00000002   Data   RW         8839    .data               crc8_crc16.o
    0x24000106   COMPRESSED   0x00000002   PAD
    0x24000108   COMPRESSED   0x0000003c   Data   RW         9598    .data               tasks.o
    0x24000144   COMPRESSED   0x00000018   Data   RW        10232    .data               heap_4.o
    0x2400015c   COMPRESSED   0x0000000c   Data   RW        10295    .data               port.o
    0x24000168   COMPRESSED   0x00000001   Data   RW        11290    .data               api_msg.o
    0x24000169   COMPRESSED   0x00000003   PAD
    0x2400016c   COMPRESSED   0x00000008   Data   RW        11651    .data               sockets.o
    0x24000174   COMPRESSED   0x00000010   Data   RW        11857    .data               tcpip.o
    0x24000184   COMPRESSED   0x00000010   Data   RW        12182    .data               mem.o
    0x24000194   COMPRESSED   0x00000034   Data   RW        12252    .data               memp.o
    0x240001c8   COMPRESSED   0x00000009   Data   RW        12366    .data               netif.o
    0x240001d1   COMPRESSED   0x00000001   Data   RW        12520    .data               pbuf.o
    0x240001d2   COMPRESSED   0x00000002   PAD
    0x240001d4   COMPRESSED   0x00000020   Data   RW        12795    .data               tcp.o
    0x240001f4   COMPRESSED   0x00000028   Data   RW        13054    .data               tcp_in.o
    0x2400021c   COMPRESSED   0x0000000c   Data   RW        13248    .data               timeouts.o
    0x24000228   COMPRESSED   0x00000008   Data   RW        13337    .data               udp.o
    0x24000230   COMPRESSED   0x00000001   Data   RW        13497    .data               etharp.o
    0x24000231   COMPRESSED   0x00000001   PAD
    0x24000232   COMPRESSED   0x00000002   Data   RW        13648    .data               ip4.o
    0x24000234   COMPRESSED   0x00000006   Data   RW        13772    .data               ip4_frag.o
    0x2400023a   COMPRESSED   0x00000002   PAD
    0x2400023c   COMPRESSED   0x00000008   Data   RW        14048    .data               sys_arch.o
    0x24000244   COMPRESSED   0x00000004   Data   RW        14820    .data               mc_w.l(stdout.o)
    0x24000248   COMPRESSED   0x00000004   Data   RW        14827    .data               mc_w.l(mvars.o)
    0x2400024c   COMPRESSED   0x00000004   Data   RW        14832    .data               mc_w.l(errno.o)
    0x24000250        -       0x000000dd   Zero   RW           19    .bss                imu_receive.o
    0x2400032d        -       0x00000050   Zero   RW          413    .bss                depth_meter_receive.o
    0x2400037d        -       0x0000004b   Zero   RW          481    .bss                altimeter_receive.o
    0x240003c8        -       0x000001e6   Zero   RW          545    .bss                comunication.o
    0x240005ae        -       0x00000066   Zero   RW          635    .bss                socket_send.o
    0x24000614        -       0x00000921   Zero   RW          811    .bss                parse_task.o
    0x24000f35   COMPRESSED   0x00000003   PAD
    0x24000f38        -       0x00000084   Zero   RW         1015    .bss                thruster.o
    0x24000fbc        -       0x0000032c   Zero   RW         1085    .bss                rov_movation_task.o
    0x240012e8        -       0x0000001c   Zero   RW         1260    .bss                bsp_adc.o
    0x24001304        -       0x000008a0   Zero   RW         1627    .bss                oled.o
    0x24001ba4        -       0x00000140   Zero   RW         2000    .bss                adc.o
    0x24001ce4        -       0x00000024   Zero   RW         2047    .bss                crc.o
    0x24001d08        -       0x00000104   Zero   RW         2089    .bss                dac.o
    0x24001e0c        -       0x000000a0   Zero   RW         2182    .bss                fdcan.o
    0x24001eac        -       0x00000110   Zero   RW         2274    .bss                i2c.o
    0x24001fbc        -       0x00000038   Zero   RW         2324    .bss                lwip.o
    0x24001ff4        -       0x00000190   Zero   RW         2414    .bss                ethernetif.o
    0x24002184        -       0x00000100   Zero   RW         2564    .bss                tim.o
    0x24002284        -       0x00000578   Zero   RW         2632    .bss                usart.o
    0x240027fc        -       0x00000040   Zero   RW         2876    .bss                stm32h7xx_hal_timebase_tim.o
    0x2400283c        -       0x00000040   Zero   RW         9275    .bss                queue.o
    0x2400287c        -       0x000000f0   Zero   RW         9597    .bss                tasks.o
    0x2400296c        -       0x00007800   Zero   RW        10231    .bss                heap_4.o
    0x2400a16c        -       0x00000050   Zero   RW        11650    .bss                sockets.o
    0x2400a1bc        -       0x00000018   Zero   RW        12151    .bss                ip.o
    0x2400a1d4        -       0x00000c93   Zero   RW        12181    .bss                mem.o
    0x2400ae67        -       0x00003087   Zero   RW        12250    .bss                memp.o
    0x2400deee   COMPRESSED   0x00000002   PAD
    0x2400def0        -       0x00000010   Zero   RW        13053    .bss                tcp_in.o
    0x2400df00        -       0x000000f0   Zero   RW        13495    .bss                etharp.o
    0x2400dff0        -       0x00000010   Zero   RW        13702    .bss                ip4_addr.o
    0x2400e000        -       0x00002000   Zero   RW            1    STACK               startup_stm32h743xx.o



  Load Region LR$$.ARM.__AT_0x30040000 (Base: 0x30040000, Size: 0x00000000, Max: 0x00000060, ABSOLUTE)

    Execution Region ER$$.ARM.__AT_0x30040000 (Exec base: 0x30040000, Load base: 0x30040000, Size: 0x00000060, Max: 0x00000060, ABSOLUTE, UNINIT)

    Exec Addr    Load Addr    Size         Type   Attr      Idx    E Section Name        Object

    0x30040000        -       0x00000060   Zero   RW         2411    .ARM.__AT_0x30040000  ethernetif.o



  Load Region LR$$.ARM.__AT_0x30040060 (Base: 0x30040060, Size: 0x00000000, Max: 0x00000060, ABSOLUTE)

    Execution Region ER$$.ARM.__AT_0x30040060 (Exec base: 0x30040060, Load base: 0x30040060, Size: 0x00000060, Max: 0x00000060, ABSOLUTE, UNINIT)

    Exec Addr    Load Addr    Size         Type   Attr      Idx    E Section Name        Object

    0x30040060        -       0x00000060   Zero   RW         2412    .ARM.__AT_0x30040060  ethernetif.o



  Load Region LR$$.ARM.__AT_0x30040200 (Base: 0x30040200, Size: 0x00000000, Max: 0x00001800, ABSOLUTE)

    Execution Region ER$$.ARM.__AT_0x30040200 (Exec base: 0x30040200, Load base: 0x30040200, Size: 0x00001800, Max: 0x00001800, ABSOLUTE, UNINIT)

    Exec Addr    Load Addr    Size         Type   Attr      Idx    E Section Name        Object

    0x30040200        -       0x00001800   Zero   RW         2413    .ARM.__AT_0x30040200  ethernetif.o


==============================================================================

Image component sizes


      Code (inc. data)   RO Data    RW Data    ZI Data      Debug   Object Name

       532         50          0          0        320       2456   adc.o
      2204         66          0          6         75       3717   altimeter_receive.o
      3358       1726          0          0          0      35191   api_lib.o
      7574       2522          0          1          0      35781   api_msg.o
         0          0          0          0          0       1600   auth.o
       344         66          0         10         28       2914   bsp_adc.o
        64          6          0          0          0        550   bsp_can.o
       356         36          0          8          0       1444   bsp_dac.o
       144         36          0          0          0       1713   bsp_i2c.o
        36          0          0          0          0        475   bsp_init.o
       208         62          0          4          0       2090   bsp_pulse.o
        76         14          0          0          0       1400   bsp_pwm.o
      5728        144          0          0          0       5260   bsp_usart.o
       900         26          0          0          0      27848   cmsis_os.o
       528         82          0         18        486       8484   comunication.o
       100         18          0          0         36       1415   crc.o
       282         20        770          2          0       5018   crc8_crc16.o
       360         40          0          0        260       1833   dac.o
        52         32          0          0          0        522   debug_info.o
        38          0          0          0          0       1114   def.o
      1320         72          0          6         80       5793   depth_meter_receive.o
       240          6          0          0          0        830   dma.o
        32          6         68          0          0       3499   err.o
      3720       1180         65          1        240      11991   etharp.o
       460        152         12          0          0       2698   ethernet.o
      1708        214         38         28       6736      56230   ethernetif.o
         0          0          0          0          0       9464   event_groups.o
       264         22          0          0        160       1659   fdcan.o
       314          0          0          0          0      10230   fifo.o
       274         42        279         36          0       2678   freertos.o
       324         14          0          0          0       1107   gpio.o
       692         62          0         24      30720       7231   heap_4.o
       488         58          0          0        272       2315   i2c.o
       932        350          0          0          0       4570   icmp.o
      1808         92          0          8        221    1184437   imu_receive.o
       160         92         65          0          0        572   init.o
         0          0          0          0         24       3022   ip.o
      1058        182          0          2          0       4984   ip4.o
       266          4          8          0         16       8734   ip4_addr.o
      3250       1040          0          6          0      12070   ip4_frag.o
       500          0          0          0          0       2774   lan8742.o
       148          0          0          0          0       3486   list.o
       610         46         28         24         56       5321   lwip.o
       926         70          0          0          0      60410   main.o
      2196        970          0         16       3219       5885   mem.o
      1128        720        208         52      12423      12240   memp.o
       412        238          0          0          0      10511   netbuf.o
       716        136          0          9          0      11555   netif.o
       132         34          0         36       2208       4039   oled.o
       404         28          0          1       2337    1380029   parse_task.o
      4254       1836          0          1          0      22716   pbuf.o
       592          8          0          0          0       1870   pid.o
      1014         92          0         12          0      11889   port.o
       100         10          0          0          0       1103   pwm_task.o
      2770         24          0          0         64      21908   queue.o
      1076         66          0          4          0       4799   rov_behaviour.o
      1386         76        108          0        812       7715   rov_movation_task.o
         0          0          0          0          0       3947   slipif.o
       468        180          0          0          0       2610   socket_receive.o
       974        230          0          8        102      16345   socket_send.o
      4628        932          0          8         80      36449   sockets.o
        36          8        664          0       8192        824   startup_stm32h743xx.o
       336         28          0          0          0       4213   sth31driver.o
       204         42          0          9          0      22649   stm32h7xx_hal.o
      3516        226          0          0          0      75478   stm32h7xx_hal_adc.o
       556         32          0          0          0      62749   stm32h7xx_hal_adc_ex.o
       450         38          0          0          0      40652   stm32h7xx_hal_cortex.o
       132          4          0          0          0       1099   stm32h7xx_hal_crc.o
       102          0          0          0          0       1187   stm32h7xx_hal_crc_ex.o
       876         30          0          0          0       7441   stm32h7xx_hal_dac.o
        64          0          0          0          0       3997   stm32h7xx_hal_dac_ex.o
      6268        124          8          0          0      11401   stm32h7xx_hal_dma.o
      4926         90          0          0          0      24059   stm32h7xx_hal_eth.o
      3496         52         92          0          0      21693   stm32h7xx_hal_fdcan.o
       532         52          0          0          0       2308   stm32h7xx_hal_gpio.o
      7346        170          0          0          0      33556   stm32h7xx_hal_i2c.o
       210          0          0          0          0       1911   stm32h7xx_hal_i2c_ex.o
        48          6          0          0          0        762   stm32h7xx_hal_msp.o
        96          6          0          0          0        753   stm32h7xx_hal_pwr_ex.o
      3416        112          0          0          0       7117   stm32h7xx_hal_rcc.o
      6172        174          0          0          0      10313   stm32h7xx_hal_rcc_ex.o
      2696        222          0          0          0      17917   stm32h7xx_hal_tim.o
       306         18          0          0          0       3844   stm32h7xx_hal_tim_ex.o
       136         18          0          0         64       1403   stm32h7xx_hal_timebase_tim.o
      6758        142          0          0          0       9465   stm32h7xx_hal_uart.o
       466         18          0          0          0       4337   stm32h7xx_hal_uart_ex.o
       260         90          0          0          0       9910   stm32h7xx_it.o
       610         26         12          8          0      18796   sys_arch.o
       168         22         16          8          0       1226   system_stm32h7xx.o
      2980        382          0         60        240      24604   tasks.o
      6760       2448        197         32          0      39011   tcp.o
      8068       1440          0         40         16      20463   tcp_in.o
      6006       1718         85          0          0      17139   tcp_out.o
      1100        564          0         16          0       7549   tcpip.o
        60         16          0          8          0       3535   tem_hum_task.o
       540         54          0         18        132       3944   thruster.o
      1032         66          0          0        256       4635   tim.o
       828        246         24         12          0       7196   timeouts.o
      1442        290          0          8          0      12773   udp.o
      1428        114          0          0       1400       4918   usart.o
       122         24          0         12          0       2490   water_level_task.o

    ----------------------------------------------------------------------
    145326      23342       2796        580      71280    3651857   Object Totals
         0          0         32          0          0          0   (incl. Generated)
       150          0         17         18          5          0   (incl. Padding)

    ----------------------------------------------------------------------

      Code (inc. data)   RO Data    RW Data    ZI Data      Debug   Library Member Name

        56         12          0          0          0        132   atof.o
        86          0          0          0          0          0   __dczerorl2.o
        64          0          0          0          0         84   _sgetc.o
        40          6         64          0          0         68   ctype_c.o
         0          0          0          0          0          0   entry.o
         0          0          0          0          0          0   entry10a.o
         0          0          0          0          0          0   entry11a.o
         8          4          0          0          0          0   entry2.o
         4          0          0          0          0          0   entry5.o
         0          0          0          0          0          0   entry7b.o
         0          0          0          0          0          0   entry8b.o
         8          4          0          0          0          0   entry9a.o
        24         12          0          4          0        136   errno.o
        30          0          0          0          0          0   handlers.o
        36          8          0          0          0         68   init.o
        10          0          0          0          0         68   isspace_c.o
         0          0          0          0          0          0   iusefp.o
        30          0          0          0          0         68   llshl.o
        36          0          0          0          0         68   llsshr.o
        32          0          0          0          0         68   llushr.o
        80          4          0          0          0         76   malloc.o
        26          0          0          0          0         80   memcmp.o
        36          0          0          0          0         68   memcpya.o
        36          0          0          0          0        108   memseta.o
         0          0          0          4          0          0   mvars.o
      2374        100          0          0          0        752   printfa.o
       878         12          0          0          0        216   scanf_fp.o
         0          0          0          4          0          0   stdout.o
       156         12          0          0          0        120   strtod.o
        44          0          0          0          0         80   uidiv.o
        98          0          0          0          0         92   uldiv.o
        48          0          0          0          0         68   cdrcmple.o
        56          0          0          0          0         88   d2f.o
       334          0          0          0          0        148   dadd.o
       222          0          0          0          0        100   ddiv.o
       186          0          0          0          0        176   depilogue.o
        48          0          0          0          0         68   dfixul.o
        24          0          0          0          0         76   dfltul.o
       228          0          0          0          0         96   dmul.o
       110          0          0          0          0        168   fepilogue.o

    ----------------------------------------------------------------------
      5458        174         64         12          0       3340   Library Totals
        10          0          0          0          0          0   (incl. Padding)

    ----------------------------------------------------------------------

      Code (inc. data)   RO Data    RW Data    ZI Data      Debug   Library Name

        56         12          0          0          0        132   m_wv.l
      4136        162         64         12          0       2220   mc_w.l
      1256          0          0          0          0        988   mf_w.l

    ----------------------------------------------------------------------
      5458        174         64         12          0       3340   Library Totals

    ----------------------------------------------------------------------

==============================================================================


      Code (inc. data)   RO Data    RW Data    ZI Data      Debug   

    150784      23516       2860        592      71280    3580617   Grand Totals
    150784      23516       2860         92      71280    3580617   ELF Image Totals (compressed)
    150784      23516       2860         92          0          0   ROM Totals

==============================================================================

    Total RO  Size (Code + RO Data)               153644 ( 150.04kB)
    Total RW  Size (RW Data + ZI Data)             71872 (  70.19kB)
    Total ROM Size (Code + RO Data + RW Data)     153736 ( 150.13kB)

==============================================================================

