<html>
<body>
<pre>
<h1>µVision Build Log</h1>
<h2>Tool Versions:</h2>
IDE-Version: ¦ÌVision V5.26.2.0
Copyright (C) 2018 ARM Ltd and ARM Germany GmbH. All rights reserved.
License Information: 1 Laptop, 1, LIC=SDA0P-MB5B1-01LP1-CEMGD-28WH2-09FLU
 
Tool Versions:
Toolchain:       MDK-ARM Plus  Version: 5.26.2.0
Toolchain Path:  D:\Keil5\ARM\ARMCC\Bin
C Compiler:      Armcc.exe V5.06 update 6 (build 750)
Assembler:       Armasm.exe V5.06 update 6 (build 750)
Linker/Locator:  ArmLink.exe V5.06 update 6 (build 750)
Library Manager: ArmAr.exe V5.06 update 6 (build 750)
Hex Converter:   FromElf.exe V5.06 update 6 (build 750)
CPU DLL:         SARMCM3.DLL V5.26.2.0
Dialog DLL:      DCM.DLL V1.17.2.0
Target DLL:      CMSIS_AGDI.dll V1.30.6.0
Dialog DLL:      TCM.DLL V1.36.1.0
 
<h2>Project:</h2>
D:\Git_storage\ROV_STM32\MDK-ARM\ROV.uvprojx
Project File Date:  08/23/2023

<h2>Output:</h2>
*** Using Compiler 'V5.06 update 6 (build 750)', folder: 'D:\Keil5\ARM\ARMCC\Bin'
Rebuild target 'ROV'
assembling startup_stm32h743xx.s...
compiling pwm_task.c...
compiling detect_task.c...
compiling IMU_receive.c...
compiling rov_movation_task.c...
..\application\rov_movation_task.c(281): warning:  #188-D: enumerated type mixed with another type
      rov_move_mode->rov_mode = rov_move_mode->rov_Ctrl->Mode;
..\application\rov_movation_task.c: 1 warning, 0 errors
compiling tem_hum_task.c...
compiling water_level_task.c...
compiling rov_behaviour.c...
compiling altimeter_receive.c...
compiling socket_send.c...
compiling depth_meter_receive.c...
compiling comunication.c...
compiling debug_info.c...
compiling parse_task.c...
compiling thruster.c...
compiling socket_receive.c...
compiling bsp_adc.c...
compiling bsp_can.c...
compiling bsp_i2c.c...
compiling bsp_crc32.c...
compiling bsp_dac.c...
compiling bsp_pulse.c...
compiling bsp_pwm.c...
..\bsp\bsp_pwm.c(37): warning:  #174-D: expression has no effect
  	 CONSTRAIN(pwm, 125, 625);
..\bsp\bsp_pwm.c(47): warning:  #174-D: expression has no effect
  	CONSTRAIN(pwm, 275, 475);
..\bsp\bsp_pwm.c: 2 warnings, 0 errors
compiling bsp_usart.c...
compiling bsp_init.c...
compiling OLED.c...
compiling gpio.c...
compiling sth31driver.c...
compiling crc.c...
compiling adc.c...
compiling main.c...
compiling debug.c...
compiling dac.c...
compiling dma.c...
compiling fdcan.c...
compiling i2c.c...
compiling freertos.c...
compiling tim.c...
compiling lwip.c...
compiling stm32h7xx_it.c...
compiling ethernetif.c...
compiling usart.c...
compiling stm32h7xx_hal_msp.c...
compiling stm32h7xx_hal_timebase_tim.c...
compiling stm32h7xx_hal_eth_ex.c...
compiling stm32h7xx_hal_eth.c...
compiling stm32h7xx_hal_crc.c...
compiling stm32h7xx_hal_cortex.c...
compiling stm32h7xx_hal_crc_ex.c...
compiling stm32h7xx_hal_adc.c...
compiling stm32h7xx_hal_adc_ex.c...
compiling stm32h7xx_hal_dac_ex.c...
compiling stm32h7xx_hal_dac.c...
compiling stm32h7xx_hal_i2c_ex.c...
compiling stm32h7xx_hal_uart_ex.c...
compiling stm32h7xx_hal_tim_ex.c...
compiling stm32h7xx_hal_fdcan.c...
compiling stm32h7xx_hal_rcc.c...
compiling stm32h7xx_hal_tim.c...
compiling stm32h7xx_hal_i2c.c...
compiling stm32h7xx_hal_flash.c...
compiling stm32h7xx_hal_uart.c...
compiling stm32h7xx_hal_gpio.c...
compiling stm32h7xx_hal_flash_ex.c...
compiling stm32h7xx_hal_rcc_ex.c...
compiling stm32h7xx_hal_hsem.c...
compiling stm32h7xx_hal_dma_ex.c...
compiling croutine.c...
compiling stm32h7xx_hal_mdma.c...
compiling stm32h7xx_hal_dma.c...
compiling list.c...
compiling stm32h7xx_hal_pwr.c...
compiling event_groups.c...
compiling stm32h7xx_hal_pwr_ex.c...
compiling queue.c...
compiling stream_buffer.c...
compiling stm32h7xx_hal_exti.c...
compiling stm32h7xx_hal.c...
compiling timers.c...
compiling tasks.c...
compiling heap_4.c...
compiling CRC8_CRC16.c...
compiling system_stm32h7xx.c...
compiling lan8742.c...
compiling fifo.c...
compiling port.c...
compiling cmsis_os.c...
compiling pid.c...
compiling auth.c...
compiling chap_ms.c...
compiling chap-md5.c...
compiling chap-new.c...
compiling ccp.c...
compiling demand.c...
compiling eap.c...
compiling eui64.c...
compiling fsm.c...
compiling ipcp.c...
compiling ipv6cp.c...
compiling magic.c...
compiling lcp.c...
compiling mppe.c...
compiling multilink.c...
compiling ppp.c...
compiling pppapi.c...
compiling pppcrypt.c...
compiling pppoe.c...
compiling pppol2tp.c...
compiling pppos.c...
compiling upap.c...
compiling lowpan6.c...
compiling ecp.c...
compiling utils.c...
compiling vj.c...
compiling ethernet.c...
compiling slipif.c...
compiling err.c...
compiling api_lib.c...
compiling netbuf.c...
compiling api_msg.c...
compiling netdb.c...
compiling netifapi.c...
compiling tcpip.c...
compiling def.c...
compiling dns.c...
compiling inet_chksum.c...
compiling mem.c...
compiling ip.c...
compiling init.c...
compiling sockets.c...
compiling memp.c...
compiling netif.c...
compiling raw.c...
compiling stats.c...
compiling pbuf.c...
compiling sys.c...
compiling tcp.c...
compiling autoip.c...
compiling timeouts.c...
compiling dhcp.c...
compiling udp.c...
compiling tcp_out.c...
compiling igmp.c...
compiling tcp_in.c...
compiling dhcp6.c...
compiling icmp.c...
compiling ip4_addr.c...
compiling etharp.c...
compiling ethip6.c...
compiling ip4.c...
compiling ip4_frag.c...
compiling icmp6.c...
compiling user_lib.c...
compiling inet6.c...
compiling ip6_addr.c...
compiling ip6.c...
compiling nd6.c...
compiling mld6.c...
compiling ip6_frag.c...
compiling sys_arch.c...
compiling mqtt.c...
linking...
Program Size: Code=150872 RO-data=2860 RW-data=592 ZI-data=71280  
FromELF: creating hex file...
After Build - User command #1: D:\Keil5\ARM\ARMCC\bin\fromelf.exe --bin -o "ROV\ROV.bin" "ROV\ROV.axf"
"ROV\ROV.axf" - 0 Error(s), 3 Warning(s).

<h2>Software Packages used:</h2>

Package Vendor: ARM
                http://www.keil.com/pack/ARM.CMSIS.5.4.0.pack
                ARM.CMSIS.5.4.0
                CMSIS (Cortex Microcontroller Software Interface Standard)
   * Component: CORE Version: 5.1.2
   * Component: DSP Version: 1.5.2

Package Vendor: Keil
                http://www.keil.com/pack/Keil.STM32H7xx_DFP.3.0.0.pack
                Keil.STM32H7xx_DFP.3.0.0
                STMicroelectronics STM32H7 Series Device Support and Examples

<h2>Collection of Component include folders:</h2>
  .\RTE\_ROV
  D:\Keil5\ARM\CMSIS\5.4.0\CMSIS\Core\Include
  D:\Keil5\ARM\CMSIS\5.4.0\CMSIS\DSP\Include
  D:\Keil5\Keil\STM32H7xx_DFP\3.0.0\Drivers\CMSIS\Device\ST\STM32H7xx\Include

<h2>Collection of Component Files used:</h2>

   * Component: ARM::CMSIS:CORE:5.1.2

   * Component: ARM::CMSIS:DSP:1.5.2
      Library file:  CMSIS\Lib\ARM\arm_cortexM7lfdp_math.lib
      Include file:  CMSIS\DSP\Include\arm_math.h
Build Time Elapsed:  00:00:07
</pre>
</body>
</html>
